(STMT :subj (TT_DEFINE
  (TT_QLIT "g")
  (TT_QLIT "g(a,b,c)")
  (TT_PROGRAM
    (TT_STMT
      (TT_ATTR :line (TT_QLIT "1"))
      (TT_ATTR :stno (TT_QLIT "1"))
      (TT_ATTR :subj (TT_VAR g))
      (TT_ATTR :eq)
      (TT_ATTR :repl (TT_VAR c))
    )
    (TT_STMT (TT_ATTR :line (TT_QLIT "1")) (TT_ATTR :stno (TT_QLIT "2")) (TT_ATTR :subj (TT_RETURN)))
  )
))
