arr_bare    = 3 / INTEGER
arr_bare_x  = 3 / INTEGER
arr_str3    = 3 / INTEGER
arr_str3_x  = 3 / INTEGER
arr_1_3     = 1:3 / STRING
arr_1_3_x   = 1:3 / STRING
arr_2c3     = 2,3 / STRING
arr_2c3_x   = 2,3 / STRING
arr_1_2c1_3 = 1:2,1:3 / STRING
arr_1_2c_x  = 1:2,1:3 / STRING
arr_0_5     = 0:5 / STRING
arr_0_5_x   = 0:5 / STRING
arr_m2_2    = -2:2 / STRING
arr_m2_2_x  = -2:2 / STRING
arr_3d      = 2,3,4 / STRING
arr_3d_x    = 2,3,4 / STRING
tbl_dflt    = 11 / INTEGER
tbl_dflt_x  = 11 / INTEGER
tbl_5       = 5 / INTEGER
tbl_5_x     = 5 / INTEGER
tbl_5_7     = 5 / INTEGER
tbl_5_7_x   = 5 / INTEGER
tbl_commas  = 11 / INTEGER
tbl_commas_x= 11 / INTEGER
tbl_copy    = 5 / INTEGER
tbl_copy_x  = 5 / INTEGER
arr_of_sort = 2,2 / STRING
arr_of_srt_x= 2,2 / STRING
