{--------------------------------------------------------- 1 program_writeln_12}
          5
{---------------------------------------------------------- 2 program_writeln_9}
Hello World!
{--------------------------------------------------------- 3 program_writeln_11}
          5
{---------------------------------------------------------- 4 program_writeln_3}
          0
{--------------------------------------------------------- 5 program_writeln_10}
          5
         35
         30
{---------------------------------------------------------- 6 program_writeln_1}
          1
          0
          0
          1
          1
          0
{---------------------------------------------------------- 7 program_writeln_4}
          0
          0
          1
          1
          1
          0
{---------------------------------------------------------- 8 program_writeln_2}
          0
          0
          0
          1
          1
          1
          1
          0
{------------------------------------------------- 9 program_function_writeln_3}
         14
{------------------------------------------------ 10 program_function_writeln_4}
       3.0
{------------------------------------------------ 11 program_function_writeln_1}
         10
{-------------------------------------------------- 12 program_record_writeln_4}
          2          1
          6
{----------------------------------------------- 13 program_procedure_writeln_4}
          7
{----------------------------------------------- 14 program_procedure_writeln_6}
         15
{-------------------------------------------------- 15 program_repeat_writeln_1}
done i=3
{----------------------------------------------------- 16 program_for_writeln_1}
less
equal
greater
A
B
C
D
E
{------------------------------------------------ 17 program_function_writeln_2}
          1
          0
{----------------------------------------------- 18 program_procedure_writeln_1}
         11
{----------------------------------------------- 19 program_procedure_writeln_2}
          8
          3
{----------------------------------------------- 20 program_procedure_writeln_3}
          6
{--------------------------------------------------------- 21 program_writeln_6}
A
Z
  a
    0
Y
         65
         25
{---------------------------------------------------- 22 program_writeln_sqrt_1}
 1.414213562373E+000
 1.4142136E+000
 1.4142E+000
 1.41E+000
 7.853981633974E-001
 7.8539816E-001
{--------------------------------------- 23 program_procedure_writeln_replace_1}
          1
          0
          1
{--------------------------------------------------------- 24 program_writeln_8}
 3.141592650000E+000
ok
        100
-3.141592650000E+000
{---------------------------------------------------- 25 program_writeln_sqrt_2}
 1.414213562373E+000
 8.414709848079E-001
 1.000000000000E+000
 2.718281828459E+000
 0.000000000000E+000
 7.853981633974E-001
{----------------------------------------------- 26 program_procedure_writeln_5}
        520
{----------------------------------------------------- 27 program_for_writeln_3}
          0
{------------------------------------------------------ 28 program_for_downto_1}
         15
         10
          9
          8
          7
          6
          5
{----------------------------------------------------- 29 program_for_writeln_2}
          4
{--------------------------------------------- 30 program_for_writeln_replace_1}
          1          2          3          4          5
hello world
{--------------------------------------------------------- 31 program_writeln_7}
p
ABC
XX
90
{------------------------------------------------------ 32 program_for_downto_2}
         10
          4
          3
          2
{------------------------------------------------ 33 program_procedure_nested_5}
seg=1 glob=1
{----------------------------------------------- 34 program_procedure_nested_13}
          3
{---------------------------------------------------- 35 program_set_subrange_1}
       1111
{--------------------------------------------------------- 36 program_writeln_5}
A
  A
B
         66
{-------------------------------------------------- 37 program_record_writeln_3}
          7
{-------------------------------------------------------- 38 program_case_for_1}
         10
         23
         23
         40
         50
{------------------------------------------------------ 39 program_goto_label_1}
          5
         15
{---------------------------------------------------- 40 program_writeln_sqrt_3}
 1.000000000000E+000
 0.000000000000E+000
 0.000000000000E+000
 5.403023058681E-001
          1
{------------------------------------------------- 41 program_function_nested_1}
        213
{------------------------------------------------ 42 program_procedure_nested_8}
         11
{-------------------------------------------------- 43 program_record_writeln_2}
          1
         42
          7
         99
{----------------------------------------------- 44 program_procedure_nested_11}
        107
          7
{----------------------------------------------- 45 program_procedure_nested_12}
         15
{------------------------------------------------ 46 program_procedure_nested_4}
         15
{-------------------------------------------------- 47 program_repeat_writeln_2}
        120
         10          7          4          1
{------------------------------------------------ 48 program_procedure_nested_6}
         11
         21
         31
{------------------------------------------------ 49 program_procedure_nested_3}
          3
{-------------------------------------------------- 50 program_record_writeln_1}
         10
         21
         32
         40
{------------------------------------------------ 51 program_procedure_nested_9}
         10
{----------------------------------------------- 52 program_procedure_nested_10}
          7
          3
{------------------------------------------------ 53 program_procedure_nested_7}
          7
        101
{------------------------------------------------ 54 program_procedure_nested_2}
         15
        101
{------------------------------------------------ 55 program_procedure_nested_1}
         44
         33
         22
         11
        110
{----------------------------------------------- 56 program_procedure_nested_14}
         70
{------------------------------------------------ 57 program_procedure_record_4}
         99
{---------------------------------------------------- 58 program_array_setlit_2}
          1
          0
          0
          1
{--------------------------------------------- 59 program_record_case_replace_2}
         42
{------------------------------------------------- 60 program_function_record_1}
         35
{------------------------------------------------ 61 program_procedure_record_7}
          3
          7
{------------------------------------------------- 62 program_function_record_2}
         11
{------------------------------------------------ 63 program_procedure_record_3}
          1
{---------------------------------------------------- 64 program_array_setlit_1}
          1
          0
          1
          0
{--------------------------------------------- 65 program_record_case_replace_4}
          3
{--------------------------------------------------- 66 program_function_case_1}
          4
          3
          2
{----------------------------------------------- 67 program_procedure_forward_1}
         42
{------------------------------------------------ 68 program_procedure_record_1}
        102
        101
          4
{--------------------------------------------------- 69 program_array_writeln_1}
          0
          0
          1
          1
          2
{--------------------------------------------- 70 program_record_case_replace_3}
          7
{--------------------------------------------- 71 program_record_case_replace_1}
          5
         10
          4
{---------------------------------------------- 72 program_while_goto_replace_1}
          3
         16
       1603
{------------------------------------------------------ 73 program_record_for_1}
         20
         10         20         20
{-------------------------------------------- 74 program_function_for_replace_1}
          1          1          1
          2          2          1
          3          6          2
          4         24          3
          5        120          5
          6        720          8
          7       5040         13
          8      40320         21
          9     362880         34
         10    3628800         55
{------------------------------------------------------- 75 program_array_for_4}
         10
         20
         30
{---------------------------------------------------- 76 program_array_packed_2}
 abi
 abr
{--------------------------------------------------------- 77 program_set_for_2}
          3
{--------------------------------------------------------- 78 program_set_for_3}
          2
{--------------------------------------------------------- 79 program_set_for_4}
          2
{------------------------------------------------- 80 program_procedure_array_2}
          7
         42
          9
{------------------------------------------------- 81 program_pointer_writeln_1}
         42
{------------------------------------------------- 82 program_pointer_writeln_2}
         30
         11         20
{------------------------------------------------- 83 program_pointer_writeln_5}
        200
        300
{------------------------------------------------- 84 program_pointer_writeln_4}
         99
          1
{--------------------------------------------------------- 85 program_set_for_1}
          4
{------------------------------------------------ 86 program_procedure_record_2}
          5
{----------------------------------------------------- 87 program_record_with_1}
          3
          4
         13
{----------------------------------------------------- 88 program_record_with_2}
         10
         20
         15
          3
{--------------------------------------------- 89 program_case_repeat_replace_1}
0
{-------------------------------------------------------- 90 program_case_for_2}
          1
          1
          3
          0
          1
          2
         30
{------------------------------------------------------- 91 program_array_for_7}
          1
          4
          9
         16
{---------------------------------------------------- 92 program_array_packed_1}
ab      
cd      
{------------------------------------------------- 93 program_pointer_writeln_3}
          1
          2
{---------------------------------------------------- 94 program_record_array_5}
          5
{---------------------------------------------------- 95 program_record_array_6}
          5
{-------------------------------------------------- 96 program_record_pointer_1}
          1
          0
{-------------------------------------------------- 97 program_record_pointer_2}
        111
        222
{-------------------------------------------- 98 program_array_packed_replace_3}
         21
{--------------------------------------------------- 99 program_writeln_trunc_1}
          7
          5
          3
         -2
no
yes
          9
         11
{------------------------------------------------------ 100 program_array_for_1}
         19
         22
         43
         50
{------------------------------------------------- 101 program_record_pointer_6}
          3
         77
{------------------------------------------- 102 program_array_packed_replace_2}
        707
{------------------------------------------------------ 103 program_array_for_5}
         91
         92
         91
         90
          3
         36
{------------------------------------------------- 104 program_record_pointer_3}
          1
         42
          7
         99
{------------------------------------------------- 105 program_record_pointer_7}
          3
         42
         88
{--------------------------------------------------- 106 program_array_packed_5}
         55
eq
{--------------------------------------------- 107 program_function_procedure_5}
         11
         15
{----------------------------------------------- 108 program_procedure_record_5}
         42
         99
{--------------------------------------------------- 109 program_record_array_4}
          5
{------------------------------------------------- 110 program_record_pointer_5}
         99
         99
{------------------------------------------------------ 111 program_array_for_2}
          1           2           3 
          4           5           6 
{------------------------------------------------------ 112 program_array_for_3}
          0           1           2 
          3           4           5 
          6           7           8 
{------------------------------------------------------ 113 program_array_for_6}
          1           0           0 
          0           1           0 
          0           0           1 
{------------------------------------------- 114 program_array_packed_replace_1}
        111
{------------------------------------------------ 115 program_procedure_array_1}
 abi
 abr
{--------------------------------------------------- 116 program_record_array_3}
          3          4
          3          4
         42
{------------------------------------------------- 117 program_record_pointer_8}
          1
          2
{--------------------------------------------- 118 program_function_procedure_3}
M
N
mid
{---------------------------------------------- 119 program_array_for_replace_1}
letter
chperiod
chspace
illegal
{--------------------------------------------- 120 program_function_procedure_4}
          2
          1
         32
          6
{--------------------------------------------------- 121 program_record_array_2}
          7
          9
{--------------------------------------------------- 122 program_record_array_1}
          0        100
         10        101
         20        102
         30        103
{--------------------------------------------------- 123 program_array_packed_3}
hello   
{------------------------------------------------- 124 program_function_array_1}
         15
{------------------------------------------- 125 program_record_array_replace_4}
          5
{------------------------------------------- 126 program_record_array_replace_3}
          5
{------------------------------------------------- 127 program_function_array_2}
          6
{--------------------------------------------- 128 program_function_procedure_2}
         30
{------------------------------------------------- 129 program_record_pointer_4}
         10
         55
         77
{------------------------------------------------ 130 program_record_pointer_10}
         10
         20
         15
{----------------------------------------- 131 program_record_pointer_replace_1}
         99
         42
{------------------------------------------- 132 program_record_array_replace_2}
blck
blck
{--------------------------------------------------- 133 program_array_packed_4}
pascal  
{--------------------------------------------------- 134 program_array_packed_6}
E1ok
E2ok
2
{------------------------------------------------- 135 program_record_pointer_9}
         30
         20
         10
{----------------------------------------- 136 program_record_pointer_replace_2}
          9
{-------------------------------------------- 137 program_array_while_replace_1}
          2
          3
          5
          7
         11
         13
         17
         19
         23
         29
         31
         37
         41
         43
         47
         53
         59
         61
         67
         71
         73
         79
         83
         89
         97
{------------------------------------------ 138 program_procedure_set_replace_1}
         20
        120
         20
{------------------------------------------- 139 program_record_array_replace_1}
Hello
{--------------------------------------------- 140 program_function_procedure_1}
         10
{----------------------------------------------- 141 program_procedure_record_6}
         77
          2
{--------------------------------------- 142 program_procedure_record_replace_1}
         77
{------------------------------------------------ 143 program_procedure_array_3}
          2
          0
          0
{---------------------------------------- 144 program_procedure_array_replace_1}
SABE
{------------------------------------------ 145 program_record_packed_replace_1}
          1
          7
{---------------------------------------- 146 program_procedure_array_replace_3}
          1
          1
{---------------------------------------- 147 program_procedure_array_replace_5}
          1
          0
{---------------------------------------- 148 program_procedure_array_replace_4}
          1
          0
{---------------------------------------- 149 program_procedure_array_replace_2}
          1
          1
          2
{----------------------------------------------------- 150 ladder__rung00_hello}
Hello, world!
{------------------------------------------------ 151 ladder__rung01_var_assign}
          7
{------------------------------------------------ 152 ladder__rung02_arithmetic}
         10
          2
         24
          1
          2
{-------------------------------------------------- 153 ladder__rung03_if_while}
big
          5
          4
          3
          2
          1
{------------------------------------------------ 154 ladder__rung04_for_repeat}
          1
          2
          3
          3
          2
          1
{------------------------------------------------- 155 ladder__rung05_proc_func}
n=          9
         36
{---------------------------------------------------- 156 ladder__rung06_arrays}
         55
{--------------------------------------------------- 157 ladder__rung07_records}
          7
{------------------------------------------------------ 158 ladder__rung08_sets}
yes
no
{--------------------------------------------------- 159 ladder__rung09_strings}
eq
foo
{---------------------------------------------------- 160 parser__assign_simple}
(STMT :subj (TT_PROC_DECL main (TT_VAR main) (TT_VLIST) (TT_PROGRAM (TT_ASSIGN (TT_VAR x) (TT_ILIT 5))) (TT_VLIST)))
{----------------------------------------------------- 161 parser__if_then_else}
(STMT :subj (TT_PROC_DECL main
  (TT_VAR main)
  (TT_VLIST)
  (TT_PROGRAM (TT_IF (TT_GT (TT_VAR x) (TT_ILIT 0)) (TT_ASSIGN (TT_VAR x) (TT_ILIT 1)) (TT_ASSIGN (TT_VAR x) (TT_ILIT 2))))
  (TT_VLIST)
))
{--------------------------------------------------------- 162 parser__for_loop}
(STMT :subj (TT_PROC_DECL main
  (TT_VAR main)
  (TT_VLIST)
  (TT_PROGRAM (TT_FOR (TT_VAR i) (TT_ILIT 1) (TT_ILIT 10) (TT_ASSIGN (TT_VAR i) (TT_VAR i))))
  (TT_VLIST)
))
{---------------------------------------------- 163 parser__procedure_call_args}
(STMT :subj (TT_PROC_DECL p (TT_VAR p) (TT_VLIST (TT_VAR a) (TT_VAR b)) (TT_PROGRAM (TT_SUCCEED)) (TT_VLIST)))
(STMT :subj (TT_PROC_DECL main (TT_VAR main) (TT_VLIST) (TT_PROGRAM (TT_FNC (TT_VAR p) (TT_ILIT 1) (TT_ILIT 2))) (TT_VLIST)))
{------------------------------------------------------ 164 parser__array_index}
(STMT :subj (TT_PROC_DECL main
  (TT_VAR main)
  (TT_VLIST)
  (TT_PROGRAM (TT_ASSIGN (TT_VAR a) (TT_FNC (TT_VAR arr_make) (TT_ILIT 5))) (TT_ASSIGN (TT_IDX (TT_VAR a) (TT_ILIT 3)) (TT_ILIT 7)))
  (TT_VLIST)
))
{-------------------------------------------------- 165 ladder__rung10_pointers}
          1
          2
linked
distinct
terminated
{------------------------------------------------------ 166 ladder__rung11_case}
low
low
low
mid
high
high
bravo
{------------------------------------------- 167 ladder__rung00_hello_paramlist}
Hello, world!
{----------------------------------------------- 168 ladder__rung00_hello_blank}
before

after
{----------------------------------------------- 169 ladder__rung00_hello_multi}
Hello, world!
{----------------------------------------------- 170 ladder__rung00_hello_width}
   ab
abc
{------------------------------------ 171 ladder__rung01_var_assign_multi_ident}
          1
          2
          3
{------------------------------------ 172 ladder__rung01_var_assign_multi_group}
         42
 true
{------------------------------------------ 173 ladder__rung01_var_assign_widen}
5.0
