(STMT :subj (TT_FNC DEFINE (TT_QLIT "ABS(N)")))
(STMT :go rb_1)
(STMT :lbl ABS)
(STMT :subj (TT_NUL) :goS rb_2 :goF rb_3)
(STMT :lbl rb_2)
(STMT :subj (TT_FNC LT
  (TT_VAR N)
  (TT_ILIT 0)
))
(STMT :go rb_4)
(STMT :lbl rb_3)
(STMT :eq :subj (TT_VAR ABS) :repl (TT_SUB
  (TT_ILIT 0)
  (TT_VAR N)
))
(STMT :go RETURN)
(STMT :lbl rb_4)
(STMT :eq :subj (TT_VAR ABS) :repl (TT_VAR N))
(STMT :go RETURN)
(STMT :go RETURN)
(STMT :lbl rb_1)
(STMT :subj (TT_FNC DEFINE (TT_QLIT "MAX(A,B)")))
(STMT :go rb_5)
(STMT :lbl MAX)
(STMT :subj (TT_NUL) :goS rb_6 :goF rb_7)
(STMT :lbl rb_6)
(STMT :subj (TT_FNC GT
  (TT_VAR A)
  (TT_VAR B)
))
(STMT :go rb_8)
(STMT :lbl rb_7)
(STMT :eq :subj (TT_VAR MAX) :repl (TT_VAR A))
(STMT :go RETURN)
(STMT :lbl rb_8)
(STMT :eq :subj (TT_VAR MAX) :repl (TT_VAR B))
(STMT :go RETURN)
(STMT :go RETURN)
(STMT :lbl rb_5)
(STMT :subj (TT_FNC DEFINE (TT_QLIT "MAIN()")))
(STMT :go rb_9)
(STMT :lbl MAIN)
(STMT :eq :subj (TT_VAR X) :repl (TT_FNC ABS (TT_MNS (TT_ILIT 5))))
(STMT :eq :subj (TT_VAR Y) :repl (TT_FNC MAX
  (TT_VAR X)
  (TT_ILIT 3)
))
(STMT :eq :subj (TT_VAR OUTPUT) :repl (TT_VAR Y))
(STMT :go RETURN)
(STMT :lbl rb_9)
(STMT :subj (TT_FNC MAIN))
