(STMT :subj (TT_FNC DEFINE (TT_QLIT "MAIN()")))
(STMT :go rb_1)
(STMT :lbl MAIN)
(STMT :subj (TT_ASSIGN
  (TT_VAR rb_case_2)
  (TT_VAR X)
))
(STMT :subj (TT_FNC IDENT
  (TT_VAR rb_case_2)
  (TT_ILIT 1)
) :goS rb_3 :goF rb_4)
(STMT :lbl rb_3)
(STMT :subj (TT_ASSIGN
  (TT_VAR rb_case_5)
  (TT_VAR Y)
))
(STMT :subj (TT_FNC IDENT
  (TT_VAR rb_case_5)
  (TT_ILIT 2)
) :goS rb_6 :goF rb_7)
(STMT :lbl rb_6)
(STMT :eq :subj (TT_VAR Z) :repl (TT_ILIT 3))
(STMT :go rb_5)
(STMT :lbl rb_7)
(STMT :lbl rb_5)
(STMT :go rb_2)
(STMT :lbl rb_4)
(STMT :subj (TT_VAR W))
(STMT :go rb_2)
(STMT :lbl rb_2)
(STMT :go RETURN)
(STMT :lbl rb_1)
(STMT :subj (TT_FNC MAIN))
