PASS
*-------------------------------------------------------------- 2 f02_string_ops
PASS
PASS
*------------------------------------------------------ 4 f04_pattern_primitives
PASS
*----------------------------------------------------------------- 5 f05_capture
PASS
*----------------------------------------------------- 6 f06_builtins_predicates
PASS
*---------------------------------------------------------------- 7 f07_keywords
PASS
*-------------------------------------------------------- 8 f08_data_array_table
PASS
*--------------------------------------------------------------- 9 f09_functions
PASS
*------------------------------------------------------------ 10 f12_load_unload
PASS
*---------------------------------------------------------------- 11 f14_dyn_opt
PASS
*------------------------------------------------------------------ 12 f14_opsyn
PASS
PASS
PASS
PASS
PASS
