#------------------------------------------------------------ 1 simple_assign_10
 
 
(
T
T
_
V
A
R
 
X
)
#------------------------------------------------------------ 2 simple_assign_11
(
S
T
M
T
 
:
g
o
 
r
b
_
1
)
#------------------------------------------------------------ 3 simple_assign_12
(
S
T
M
T
 
:
g
o
 
r
b
_
1
)
#------------------------------------------------------------ 4 simple_assign_13
(
S
T
M
T
 
:
s
u
b
j
 
(
T
T
_
N
U
L
)
 
:
g
o
S
 
r
b
_
2
 
:
g
o
F
 
r
b
_
3
)
#------------------------------------------------------------ 5 simple_assign_14
(
S
T
M
T
 
:
l
b
l
 
P
U
S
H
)
#------------------------------------------------------------ 6 simple_assign_15
 
 
 
 
(
T
T
_
V
A
R
 
S
.
T
O
P
)
#------------------------------------------------------------ 7 simple_assign_16
 
 
 
 
(
T
T
_
A
D
D
#------------------------------------------------------------ 8 simple_assign_17
(
S
T
M
T
 
:
g
o
 
r
b
_
1
)
#------------------------------------------------------------ 9 simple_assign_18
(
S
T
M
T
 
:
g
o
 
r
b
_
1
)
#----------------------------------------------------------- 10 simple_assign_19
(
S
T
M
T
 
:
g
o
 
r
b
_
1
)
#----------------------------------------------------------- 11 simple_assign_20
(
S
T
M
T
 
:
g
o
 
r
b
_
1
)
#----------------------------------------------------------- 12 simple_assign_21
(
S
T
M
T
 
:
l
b
l
 
M
A
I
N
)
#----------------------------------------------------------- 13 simple_assign_22
(
S
T
M
T
 
:
s
u
b
j
 
(
T
T
_
V
A
R
 
r
b
_
i
n
i
t
_
M
A
I
N
)
 
:
g
o
S
 
r
b
_
2
)
#----------------------------------------------------------- 14 simple_assign_23
(
S
T
M
T
 
:
g
o
 
r
b
_
1
)
#----------------------------------------------------------- 15 simple_assign_24
(
S
T
M
T
 
:
e
q
 
:
s
u
b
j
 
(
T
T
_
V
A
R
 
A
B
S
)
 
:
r
e
p
l
 
(
T
T
_
S
U
B
#----------------------------------------------------------- 16 simple_assign_25
 
 
(
T
T
_
I
L
I
T
 
0
)
#----------------------------------------------------------- 17 simple_assign_26
(
S
T
M
T
 
:
g
o
 
r
b
_
1
)
#----------------------------------------------------------- 18 simple_assign_27
(
S
T
M
T
 
:
g
o
 
r
b
_
1
)
#----------------------------------------------------------- 19 simple_assign_28
(
S
T
M
T
 
:
g
o
 
r
b
_
1
)
#----------------------------------------------------------- 20 simple_assign_29
 
 
 
 
(
T
T
_
V
A
R
 
P
.
X
)
#----------------------------------------------------------- 21 simple_assign_30
(
S
T
M
T
 
:
g
o
 
r
b
_
1
)
#----------------------------------------------------------- 22 simple_assign_31
(
S
T
M
T
 
:
g
o
 
r
b
_
1
)
#----------------------------------------------------------- 23 simple_assign_32
(
S
T
M
T
 
:
g
o
 
r
b
_
1
)
#----------------------------------------------------------- 24 simple_assign_33
(
S
T
M
T
 
:
g
o
 
r
b
_
1
)
#----------------------------------------------------------- 25 simple_assign_34
(
S
T
M
T
 
:
g
o
 
r
b
_
1
)
#----------------------------------------------------------- 26 simple_assign_35
(
S
T
M
T
 
:
g
o
 
r
b
_
1
)
#----------------------------------------------------------- 27 simple_assign_36
(
S
T
M
T
 
:
l
b
l
 
M
A
I
N
)
#----------------------------------------------------------- 28 simple_assign_37
(
S
T
M
T
 
:
g
o
 
r
b
_
1
)
#----------------------------------------------------------- 29 simple_assign_38
(
S
T
M
T
 
:
g
o
 
r
b
_
1
)
#------------------------------------------------------------ 30 simple_assign_8
(
S
T
M
T
 
:
g
o
 
r
b
_
1
)
#------------------------------------------------------------ 31 simple_assign_9
(
S
T
M
T
 
:
l
b
l
 
M
A
I
N
)
#----------------------------------------------------------- 32 simple_output_10
 
 
)
#------------------------------------------------------------ 33 simple_output_2
(
S
T
M
T
 
:
l
b
l
 
M
A
I
N
)
#------------------------------------------------------------ 34 simple_output_3
(
S
T
M
T
 
:
g
o
 
r
b
_
2
)
#------------------------------------------------------------ 35 simple_output_4
 
 
(
T
T
_
V
A
R
 
N
)
#------------------------------------------------------------ 36 simple_output_5
(
S
T
M
T
 
:
g
o
 
r
b
_
1
)
#------------------------------------------------------------ 37 simple_output_6
(
S
T
M
T
 
:
g
o
 
r
b
_
1
)
#------------------------------------------------------------ 38 simple_output_7
 
 
(
T
T
_
V
A
R
 
N
)
#------------------------------------------------------------ 39 simple_output_8
(
S
T
M
T
 
:
e
q
 
:
s
u
b
j
 
(
T
T
_
V
A
R
 
X
)
 
:
r
e
p
l
 
(
T
T
_
I
L
I
T
 
0
)
)
#------------------------------------------------------------ 40 simple_output_9
 
 
(
T
T
_
V
A
R
 
N
)
#---------------------------------------------------------- 41 simple_program_10
(
S
T
M
T
 
:
s
u
b
j
 
(
T
T
_
F
N
C
 
D
E
F
I
N
E
 
(
T
T
_
Q
L
I
T
 
"
M
A
I
N
(
)
"
)
)
)
#--------------------------------------------------------- 42 simple_program_100
 
 
(
T
T
_
V
A
R
 
S
.
D
A
T
A
)
#--------------------------------------------------------- 43 simple_program_101
 
 
(
T
T
_
A
S
S
I
G
N
#--------------------------------------------------------- 44 simple_program_102
 
 
 
 
(
T
T
_
V
A
R
 
S
.
T
O
P
)
#--------------------------------------------------------- 45 simple_program_103
(
S
T
M
T
 
:
s
u
b
j
 
(
T
T
_
F
N
C
 
D
E
F
I
N
E
 
(
T
T
_
Q
L
I
T
 
"
M
A
I
N
(
)
"
)
)
)
#--------------------------------------------------------- 46 simple_program_104
(
S
T
M
T
 
:
l
b
l
 
M
A
I
N
)
#--------------------------------------------------------- 47 simple_program_105
(
S
T
M
T
 
:
s
u
b
j
 
(
T
T
_
F
N
C
 
D
E
F
I
N
E
 
(
T
T
_
Q
L
I
T
 
"
M
A
I
N
(
)
"
)
)
)
#--------------------------------------------------------- 48 simple_program_106
(
S
T
M
T
 
:
e
q
 
:
s
u
b
j
 
(
T
T
_
V
A
R
 
X
)
 
:
r
e
p
l
 
(
T
T
_
I
D
X
#--------------------------------------------------------- 49 simple_program_107
(
S
T
M
T
 
:
s
u
b
j
 
(
T
T
_
F
N
C
 
D
E
F
I
N
E
 
(
T
T
_
Q
L
I
T
 
"
M
A
I
N
(
)
"
)
)
)
#--------------------------------------------------------- 50 simple_program_108
(
S
T
M
T
 
:
g
o
 
r
b
_
1
)
#--------------------------------------------------------- 51 simple_program_109
(
S
T
M
T
 
:
l
b
l
 
M
A
I
N
)
#---------------------------------------------------------- 52 simple_program_11
(
S
T
M
T
 
:
l
b
l
 
M
A
I
N
)
#--------------------------------------------------------- 53 simple_program_110
(
S
T
M
T
 
:
s
u
b
j
 
(
T
T
_
F
N
C
 
D
E
F
I
N
E
 
(
T
T
_
Q
L
I
T
 
"
M
A
I
N
(
)
"
)
)
)
#--------------------------------------------------------- 54 simple_program_111
(
S
T
M
T
 
:
g
o
 
r
b
_
1
)
#--------------------------------------------------------- 55 simple_program_112
(
S
T
M
T
 
:
l
b
l
 
M
A
I
N
)
#--------------------------------------------------------- 56 simple_program_113
(
S
T
M
T
 
:
s
u
b
j
 
(
T
T
_
V
A
R
 
X
)
 
:
p
a
t
 
(
T
T
_
C
A
P
T
_
C
O
N
D
_
A
S
G
N
#--------------------------------------------------------- 57 simple_program_114
(
S
T
M
T
 
:
s
u
b
j
 
(
T
T
_
F
N
C
 
D
E
F
I
N
E
 
(
T
T
_
Q
L
I
T
 
"
M
A
I
N
(
)
"
)
)
)
#--------------------------------------------------------- 58 simple_program_115
(
S
T
M
T
 
:
l
b
l
 
M
A
I
N
)
#--------------------------------------------------------- 59 simple_program_116
(
S
T
M
T
 
:
s
u
b
j
 
(
T
T
_
F
N
C
 
D
E
F
I
N
E
 
(
T
T
_
Q
L
I
T
 
"
M
A
I
N
(
)
"
)
)
)
#--------------------------------------------------------- 60 simple_program_117
(
S
T
M
T
 
:
l
b
l
 
M
A
I
N
)
#--------------------------------------------------------- 61 simple_program_118
(
S
T
M
T
 
:
s
u
b
j
 
(
T
T
_
F
N
C
 
D
E
F
I
N
E
 
(
T
T
_
Q
L
I
T
 
"
M
A
I
N
(
)
"
)
)
)
#--------------------------------------------------------- 62 simple_program_119
(
S
T
M
T
 
:
g
o
 
r
b
_
1
)
#---------------------------------------------------------- 63 simple_program_12
(
S
T
M
T
 
:
s
u
b
j
 
(
T
T
_
F
N
C
 
D
E
F
I
N
E
 
(
T
T
_
Q
L
I
T
 
"
M
A
I
N
(
)
"
)
)
)
#--------------------------------------------------------- 64 simple_program_120
(
S
T
M
T
 
:
l
b
l
 
M
A
I
N
)
#---------------------------------------------------------- 65 simple_program_13
(
S
T
M
T
 
:
l
b
l
 
M
A
I
N
)
#---------------------------------------------------------- 66 simple_program_14
(
S
T
M
T
 
:
s
u
b
j
 
(
T
T
_
F
N
C
 
D
E
F
I
N
E
 
(
T
T
_
Q
L
I
T
 
"
M
A
I
N
(
)
"
)
)
)
#---------------------------------------------------------- 67 simple_program_15
(
S
T
M
T
 
:
l
b
l
 
M
A
I
N
)
#---------------------------------------------------------- 68 simple_program_16
(
S
T
M
T
 
:
s
u
b
j
 
(
T
T
_
F
N
C
 
D
E
F
I
N
E
 
(
T
T
_
Q
L
I
T
 
"
M
A
I
N
(
)
"
)
)
)
#---------------------------------------------------------- 69 simple_program_17
(
S
T
M
T
 
:
g
o
 
r
b
_
1
)
#---------------------------------------------------------- 70 simple_program_18
(
S
T
M
T
 
:
l
b
l
 
r
b
_
2
)
#---------------------------------------------------------- 71 simple_program_19
(
S
T
M
T
 
:
s
u
b
j
 
(
T
T
_
V
A
R
 
X
)
)
#---------------------------------------------------------- 72 simple_program_20
(
S
T
M
T
 
:
s
u
b
j
 
(
T
T
_
F
N
C
 
D
A
T
A
 
(
T
T
_
Q
L
I
T
 
"
S
T
A
C
K
(
T
O
P
,
D
A
T
A
)
"
)
)
)
#---------------------------------------------------------- 73 simple_program_21
(
S
T
M
T
 
:
s
u
b
j
 
(
T
T
_
F
N
C
 
D
E
F
I
N
E
 
(
T
T
_
Q
L
I
T
 
"
P
U
S
H
(
S
,
V
)
"
)
)
)
#---------------------------------------------------------- 74 simple_program_22
(
S
T
M
T
 
:
g
o
 
r
b
_
1
)
#---------------------------------------------------------- 75 simple_program_23
(
S
T
M
T
 
:
e
q
 
:
s
u
b
j
 
(
T
T
_
I
D
X
#---------------------------------------------------------- 76 simple_program_24
 
 
(
T
T
_
V
A
R
 
S
.
D
A
T
A
)
#---------------------------------------------------------- 77 simple_program_25
 
 
(
T
T
_
A
S
S
I
G
N
#---------------------------------------------------------- 78 simple_program_26
 
 
 
 
 
 
(
T
T
_
V
A
R
 
S
.
T
O
P
)
#---------------------------------------------------------- 79 simple_program_27
 
 
 
 
 
 
(
T
T
_
I
L
I
T
 
1
)
#---------------------------------------------------------- 80 simple_program_28
 
 
 
 
)
#---------------------------------------------------------- 81 simple_program_29
 
 
)
#---------------------------------------------------------- 82 simple_program_30
)
 
:
r
e
p
l
 
(
T
T
_
V
A
R
 
V
)
)
#---------------------------------------------------------- 83 simple_program_31
(
S
T
M
T
 
:
l
b
l
 
r
b
_
1
)
#---------------------------------------------------------- 84 simple_program_32
(
S
T
M
T
 
:
s
u
b
j
 
(
T
T
_
F
N
C
 
D
E
F
I
N
E
 
(
T
T
_
Q
L
I
T
 
"
P
O
P
(
S
,
V
)
"
)
)
)
#---------------------------------------------------------- 85 simple_program_33
(
S
T
M
T
 
:
l
b
l
 
P
O
P
)
#---------------------------------------------------------- 86 simple_program_34
(
S
T
M
T
 
:
s
u
b
j
 
(
T
T
_
F
N
C
 
D
E
F
I
N
E
 
(
T
T
_
Q
L
I
T
 
"
M
A
I
N
(
)
"
)
)
)
#---------------------------------------------------------- 87 simple_program_35
(
S
T
M
T
 
:
l
b
l
 
M
A
I
N
)
#---------------------------------------------------------- 88 simple_program_36
(
S
T
M
T
 
:
s
u
b
j
 
(
T
T
_
F
N
C
 
D
E
F
I
N
E
 
(
T
T
_
Q
L
I
T
 
"
F
I
B
(
N
)
"
)
)
)
#---------------------------------------------------------- 89 simple_program_37
(
S
T
M
T
 
:
l
b
l
 
F
I
B
)
#---------------------------------------------------------- 90 simple_program_38
(
S
T
M
T
 
:
s
u
b
j
 
(
T
T
_
N
U
L
)
 
:
g
o
S
 
r
b
_
2
 
:
g
o
F
 
r
b
_
3
)
#---------------------------------------------------------- 91 simple_program_39
(
S
T
M
T
 
:
l
b
l
 
r
b
_
2
)
#---------------------------------------------------------- 92 simple_program_40
(
S
T
M
T
 
:
s
u
b
j
 
(
T
T
_
F
N
C
 
L
E
#---------------------------------------------------------- 93 simple_program_41
 
 
(
T
T
_
I
L
I
T
 
1
)
#---------------------------------------------------------- 94 simple_program_42
(
S
T
M
T
 
:
s
u
b
j
 
(
T
T
_
F
N
C
 
D
E
F
I
N
E
 
(
T
T
_
Q
L
I
T
 
"
M
A
I
N
(
)
"
)
)
)
#---------------------------------------------------------- 95 simple_program_43
(
S
T
M
T
 
:
l
b
l
 
M
A
I
N
)
#---------------------------------------------------------- 96 simple_program_44
(
S
T
M
T
 
:
s
u
b
j
 
(
T
T
_
F
N
C
 
D
E
F
I
N
E
 
(
T
T
_
Q
L
I
T
 
"
M
A
I
N
(
)
"
)
)
)
#---------------------------------------------------------- 97 simple_program_45
(
S
T
M
T
 
:
l
b
l
 
M
A
I
N
)
#---------------------------------------------------------- 98 simple_program_46
(
S
T
M
T
 
:
s
u
b
j
 
(
T
T
_
F
N
C
 
D
E
F
I
N
E
 
(
T
T
_
Q
L
I
T
 
"
M
A
I
N
(
)
"
)
)
)
#---------------------------------------------------------- 99 simple_program_47
(
S
T
M
T
 
:
l
b
l
 
M
A
I
N
)
#--------------------------------------------------------- 100 simple_program_48
(
S
T
M
T
 
:
s
u
b
j
 
(
T
T
_
F
N
C
 
D
E
F
I
N
E
 
(
T
T
_
Q
L
I
T
 
"
C
H
E
C
K
(
N
)
"
)
)
)
#--------------------------------------------------------- 101 simple_program_49
(
S
T
M
T
 
:
l
b
l
 
C
H
E
C
K
)
#--------------------------------------------------------- 102 simple_program_50
(
S
T
M
T
 
:
s
u
b
j
 
(
T
T
_
N
U
L
)
 
:
g
o
S
 
r
b
_
2
 
:
g
o
F
 
r
b
_
3
)
#--------------------------------------------------------- 103 simple_program_51
(
S
T
M
T
 
:
l
b
l
 
r
b
_
2
)
#--------------------------------------------------------- 104 simple_program_52
(
S
T
M
T
 
:
s
u
b
j
 
(
T
T
_
F
N
C
 
E
Q
#--------------------------------------------------------- 105 simple_program_53
 
 
(
T
T
_
I
L
I
T
 
0
)
#--------------------------------------------------------- 106 simple_program_54
(
S
T
M
T
 
:
s
u
b
j
 
(
T
T
_
F
N
C
 
D
E
F
I
N
E
 
(
T
T
_
Q
L
I
T
 
"
M
A
I
N
(
)
/
X
"
)
)
)
#--------------------------------------------------------- 107 simple_program_55
(
S
T
M
T
 
:
g
o
 
r
b
_
1
)
#--------------------------------------------------------- 108 simple_program_56
(
S
T
M
T
 
:
s
u
b
j
 
(
T
T
_
A
S
S
I
G
N
#--------------------------------------------------------- 109 simple_program_57
(
S
T
M
T
 
:
s
u
b
j
 
(
T
T
_
F
N
C
 
D
E
F
I
N
E
 
(
T
T
_
Q
L
I
T
 
"
M
A
I
N
(
)
"
)
)
)
#--------------------------------------------------------- 110 simple_program_58
(
S
T
M
T
 
:
l
b
l
 
M
A
I
N
)
#--------------------------------------------------------- 111 simple_program_59
(
S
T
M
T
 
:
s
u
b
j
 
(
T
T
_
F
N
C
 
D
E
F
I
N
E
 
(
T
T
_
Q
L
I
T
 
"
A
B
S
(
N
)
"
)
)
)
#---------------------------------------------------------- 112 simple_program_6
(
S
T
M
T
 
:
s
u
b
j
 
(
T
T
_
F
N
C
 
D
E
F
I
N
E
 
(
T
T
_
Q
L
I
T
 
"
M
A
I
N
(
)
"
)
)
)
#--------------------------------------------------------- 113 simple_program_60
(
S
T
M
T
 
:
g
o
 
r
b
_
1
)
#--------------------------------------------------------- 114 simple_program_61
(
S
T
M
T
 
:
l
b
l
 
A
B
S
)
#--------------------------------------------------------- 115 simple_program_62
(
S
T
M
T
 
:
s
u
b
j
 
(
T
T
_
N
U
L
)
 
:
g
o
S
 
r
b
_
2
 
:
g
o
F
 
r
b
_
3
)
#--------------------------------------------------------- 116 simple_program_63
(
S
T
M
T
 
:
l
b
l
 
r
b
_
2
)
#--------------------------------------------------------- 117 simple_program_64
(
S
T
M
T
 
:
s
u
b
j
 
(
T
T
_
F
N
C
 
L
T
#--------------------------------------------------------- 118 simple_program_65
 
 
(
T
T
_
V
A
R
 
N
)
#--------------------------------------------------------- 119 simple_program_66
 
 
(
T
T
_
I
L
I
T
 
0
)
#--------------------------------------------------------- 120 simple_program_67
)
)
#--------------------------------------------------------- 121 simple_program_68
(
S
T
M
T
 
:
g
o
 
r
b
_
4
)
#--------------------------------------------------------- 122 simple_program_69
(
S
T
M
T
 
:
l
b
l
 
r
b
_
3
)
#---------------------------------------------------------- 123 simple_program_7
 
 
(
T
T
_
I
L
I
T
 
1
)
#--------------------------------------------------------- 124 simple_program_70
)
)
#--------------------------------------------------------- 125 simple_program_71
(
S
T
M
T
 
:
s
u
b
j
 
(
T
T
_
F
N
C
 
D
E
F
I
N
E
 
(
T
T
_
Q
L
I
T
 
"
M
A
I
N
(
)
"
)
)
)
#--------------------------------------------------------- 126 simple_program_72
(
S
T
M
T
 
:
l
b
l
 
M
A
I
N
)
#--------------------------------------------------------- 127 simple_program_73
(
S
T
M
T
 
:
s
u
b
j
 
(
T
T
_
F
N
C
 
D
E
F
I
N
E
 
(
T
T
_
Q
L
I
T
 
"
M
A
I
N
(
)
"
)
)
)
#--------------------------------------------------------- 128 simple_program_74
(
S
T
M
T
 
:
l
b
l
 
M
A
I
N
)
#--------------------------------------------------------- 129 simple_program_75
(
S
T
M
T
 
:
s
u
b
j
 
(
T
T
_
F
N
C
 
D
E
F
I
N
E
 
(
T
T
_
Q
L
I
T
 
"
M
A
I
N
(
)
"
)
)
)
#--------------------------------------------------------- 130 simple_program_76
(
S
T
M
T
 
:
l
b
l
 
M
A
I
N
)
#--------------------------------------------------------- 131 simple_program_77
(
S
T
M
T
 
:
s
u
b
j
 
(
T
T
_
F
N
C
 
D
A
T
A
 
(
T
T
_
Q
L
I
T
 
"
P
O
I
N
T
(
X
,
Y
)
"
)
)
)
#--------------------------------------------------------- 132 simple_program_78
(
S
T
M
T
 
:
s
u
b
j
 
(
T
T
_
F
N
C
 
D
E
F
I
N
E
 
(
T
T
_
Q
L
I
T
 
"
D
I
S
T
(
P
)
"
)
)
)
#--------------------------------------------------------- 133 simple_program_79
(
S
T
M
T
 
:
g
o
 
r
b
_
1
)
#---------------------------------------------------------- 134 simple_program_8
(
S
T
M
T
 
:
s
u
b
j
 
(
T
T
_
F
N
C
 
D
E
F
I
N
E
 
(
T
T
_
Q
L
I
T
 
"
M
A
I
N
(
)
"
)
)
)
#--------------------------------------------------------- 135 simple_program_80
(
S
T
M
T
 
:
l
b
l
 
D
I
S
T
)
#--------------------------------------------------------- 136 simple_program_81
(
S
T
M
T
 
:
s
u
b
j
 
(
T
T
_
A
D
D
#--------------------------------------------------------- 137 simple_program_82
 
 
(
T
T
_
M
U
L
#--------------------------------------------------------- 138 simple_program_83
 
 
 
 
(
T
T
_
V
A
R
 
P
.
X
)
#--------------------------------------------------------- 139 simple_program_84
 
 
(
T
T
_
M
U
L
#--------------------------------------------------------- 140 simple_program_85
(
S
T
M
T
 
:
s
u
b
j
 
(
T
T
_
F
N
C
 
D
E
F
I
N
E
 
(
T
T
_
Q
L
I
T
 
"
M
A
I
N
(
)
"
)
)
)
#--------------------------------------------------------- 141 simple_program_86
(
S
T
M
T
 
:
l
b
l
 
M
A
I
N
)
#--------------------------------------------------------- 142 simple_program_87
(
S
T
M
T
 
:
s
u
b
j
 
(
T
T
_
F
N
C
 
D
E
F
I
N
E
 
(
T
T
_
Q
L
I
T
 
"
M
A
I
N
(
)
"
)
)
)
#--------------------------------------------------------- 143 simple_program_88
(
S
T
M
T
 
:
g
o
 
r
b
_
1
)
#--------------------------------------------------------- 144 simple_program_89
(
S
T
M
T
 
:
l
b
l
 
M
A
I
N
)
#---------------------------------------------------------- 145 simple_program_9
(
S
T
M
T
 
:
l
b
l
 
M
A
I
N
)
#--------------------------------------------------------- 146 simple_program_90
(
S
T
M
T
 
:
s
u
b
j
 
(
T
T
_
F
N
C
 
D
E
F
I
N
E
 
(
T
T
_
Q
L
I
T
 
"
M
A
I
N
(
)
"
)
)
)
#--------------------------------------------------------- 147 simple_program_91
(
S
T
M
T
 
:
g
o
 
r
b
_
1
)
#--------------------------------------------------------- 148 simple_program_92
(
S
T
M
T
 
:
l
b
l
 
M
A
I
N
)
#--------------------------------------------------------- 149 simple_program_93
(
S
T
M
T
 
:
s
u
b
j
 
(
T
T
_
F
N
C
 
D
E
F
I
N
E
 
(
T
T
_
Q
L
I
T
 
"
M
A
I
N
(
)
"
)
)
)
#--------------------------------------------------------- 150 simple_program_94
(
S
T
M
T
 
:
l
b
l
 
M
A
I
N
)
#--------------------------------------------------------- 151 simple_program_95
(
S
T
M
T
 
:
s
u
b
j
 
(
T
T
_
F
N
C
 
D
E
F
I
N
E
 
(
T
T
_
Q
L
I
T
 
"
M
A
I
N
(
)
"
)
)
)
#--------------------------------------------------------- 152 simple_program_96
(
S
T
M
T
 
:
l
b
l
 
M
A
I
N
)
#--------------------------------------------------------- 153 simple_program_97
(
S
T
M
T
 
:
s
u
b
j
 
(
T
T
_
F
N
C
 
D
E
F
I
N
E
 
(
T
T
_
Q
L
I
T
 
"
P
U
S
H
(
S
,
V
)
"
)
)
)
#--------------------------------------------------------- 154 simple_program_98
(
S
T
M
T
 
:
l
b
l
 
P
U
S
H
)
#--------------------------------------------------------- 155 simple_program_99
(
S
T
M
T
 
:
e
q
 
:
s
u
b
j
 
(
T
T
_
I
D
X
#----------------------------------------------------------- 156 simple_assign_3
(STMT :subj (TT_FNC DEFINE (TT_QLIT "MAIN()")))
(STMT :go rb_1)
(STMT :lbl MAIN)
(STMT :eq :subj (TT_VAR X) :repl (TT_VAR R.FIELD))
(STMT :go RETURN)
(STMT :lbl rb_1)
(STMT :subj (TT_FNC MAIN))
#----------------------------------------------------------- 157 simple_assign_7
(STMT :subj (TT_FNC DEFINE (TT_QLIT "MAIN()")))
(STMT :go rb_1)
(STMT :lbl MAIN)
(STMT :eq :subj (TT_VAR X) :repl (TT_VAR Y))
(STMT :go RETURN)
(STMT :lbl rb_1)
(STMT :subj (TT_FNC MAIN))
#---------------------------------------------------------- 158 simple_program_1
(STMT :subj (TT_FNC DEFINE (TT_QLIT "MAIN()")))
(STMT :go rb_1)
(STMT :lbl MAIN)
(STMT :subj (TT_VAR X) :pat (TT_CAPT_CURSOR POS))
(STMT :go RETURN)
(STMT :lbl rb_1)
(STMT :subj (TT_FNC MAIN))
#---------------------------------------------------------- 159 simple_program_2
(STMT :subj (TT_FNC DEFINE (TT_QLIT "MAIN()")))
(STMT :go rb_1)
(STMT :lbl MAIN)
(STMT :go FRETURN)
(STMT :go RETURN)
(STMT :lbl rb_1)
(STMT :subj (TT_FNC MAIN))
#---------------------------------------------------------- 160 simple_program_3
(STMT :subj (TT_FNC DEFINE (TT_QLIT "MAIN()")))
(STMT :go rb_1)
(STMT :lbl MAIN)
(STMT :end)
(STMT :go RETURN)
(STMT :lbl rb_1)
(STMT :subj (TT_FNC MAIN))
#---------------------------------------------------------- 161 simple_program_4
(STMT :subj (TT_FNC DEFINE (TT_QLIT "MAIN()")))
(STMT :go rb_1)
(STMT :lbl MAIN)
(STMT :go RETURN)
(STMT :go RETURN)
(STMT :lbl rb_1)
(STMT :subj (TT_FNC MAIN))
#---------------------------------------------------------- 162 simple_program_5
(STMT :subj (TT_FNC DEFINE (TT_QLIT "F(X)")))
(STMT :go rb_1)
(STMT :lbl F)
(STMT :eq :subj (TT_VAR F) :repl (TT_VAR X))
(STMT :go RETURN)
(STMT :go RETURN)
(STMT :lbl rb_1)
(STMT :subj (TT_FNC MAIN))
#----------------------------------------------------------- 163 simple_assign_2
(STMT :subj (TT_FNC DEFINE (TT_QLIT "MAIN()")))
(STMT :go rb_1)
(STMT :lbl MAIN)
(STMT :eq :subj (TT_VAR X) :repl (TT_ILIT 1))
(STMT :go RETURN)
(STMT :lbl rb_1)
(STMT :subj (TT_FNC MAIN))
#----------------------------------------------------------- 164 simple_assign_4
(STMT :subj (TT_FNC DEFINE (TT_QLIT "MAIN()/X,Y")))
(STMT :go rb_1)
(STMT :lbl MAIN)
(STMT :eq :subj (TT_VAR X) :repl (TT_ILIT 1))
(STMT :go RETURN)
(STMT :lbl rb_1)
(STMT :subj (TT_FNC MAIN))
#----------------------------------------------------------- 165 simple_assign_5
(STMT :subj (TT_FNC DEFINE (TT_QLIT "MAIN()")))
(STMT :go rb_1)
(STMT :lbl MAIN)
(STMT :eq :subj (TT_VAR X) :repl (TT_FLIT 3.14))
(STMT :eq :subj (TT_VAR Y) :repl (TT_FLIT 2.718))
(STMT :go RETURN)
(STMT :lbl rb_1)
(STMT :subj (TT_FNC MAIN))
#----------------------------------------------------------- 166 simple_assign_6
(STMT :subj (TT_FNC DEFINE (TT_QLIT "MAIN()")))
(STMT :go rb_1)
(STMT :lbl MAIN)
(STMT :eq :subj (TT_VAR X) :repl (TT_FNC DIFFER (TT_VAR Y)))
(STMT :eq :subj (TT_VAR Z) :repl (TT_ITERATE (TT_VAR W)))
(STMT :eq :subj (TT_VAR A) :repl (TT_FNC IDENT (TT_VAR B)))
(STMT :eq :subj (TT_VAR C) :repl (TT_FNC DIFFER (TT_VAR D)))
(STMT :go RETURN)
(STMT :lbl rb_1)
(STMT :subj (TT_FNC MAIN))
#----------------------------------------------------------- 167 simple_output_1
(STMT :subj (TT_FNC DEFINE (TT_QLIT "MAIN()")))
(STMT :go rb_1)
(STMT :lbl MAIN)
(STMT :eq :subj (TT_VAR OUTPUT) :repl (TT_QLIT "a"))
(STMT :eq :subj (TT_VAR OUTPUT) :repl (TT_QLIT "b"))
(STMT :go RETURN)
(STMT :lbl rb_1)
(STMT :subj (TT_FNC MAIN))
#----------------------------------------------------------- 168 simple_assign_1
(STMT :subj (TT_FNC DEFINE (TT_QLIT "MAIN()")))
(STMT :go rb_1)
(STMT :lbl MAIN)
(STMT :eq :subj (TT_VAR X) :repl (TT_ILIT 1))
(STMT :eq :subj (TT_VAR Y) :repl (TT_ILIT 2))
(STMT :go RETURN)
(STMT :lbl rb_1)
(STMT :subj (TT_FNC MAIN))
#--------------------------------------------------------------------- 169 alt_1
(
S
T
M
T
 
:
e
q
 
:
s
u
b
j
 
(
T
T
_
V
A
R
 
X
)
 
:
r
e
p
l
 
(
T
T
_
A
D
D
#------------------------------------------------------------------- 170 array_1
(
S
T
M
T
 
:
g
o
 
R
E
T
U
R
N
)
#----------------------------------------------------------------- 171 capture_1
(
S
T
M
T
 
:
g
o
 
r
b
_
1
)
#------------------------------------------------------------- 172 imm_capture_1
(
S
T
M
T
 
:
g
o
 
r
b
_
1
)
#---------------------------------------------------------------- 173 indirect_1
(STMT :subj (TT_FNC DEFINE (TT_QLIT "MAIN()")))
(STMT :go rb_1)
(STMT :lbl MAIN)
(STMT :eq :subj (TT_VAR X) :repl (TT_INDIRECT (TT_VAR Y)))
(STMT :eq :subj (TT_VAR Z) :repl (TT_INDIRECT (TT_QLIT "name")))
(STMT :go RETURN)
(STMT :lbl rb_1)
(STMT :subj (TT_FNC MAIN))
#----------------------------------------------------------------- 174 keyword_1
(STMT :subj (TT_FNC DEFINE (TT_QLIT "MAIN()")))
(STMT :go rb_1)
(STMT :lbl MAIN)
(STMT :eq :subj (TT_KEYWORD FULLSCAN) :repl (TT_ILIT 1))
(STMT :eq :subj (TT_KEYWORD ANCHOR) :repl (TT_ILIT 0))
(STMT :go RETURN)
(STMT :lbl rb_1)
(STMT :subj (TT_FNC MAIN))
