*-------------------------------------------------------------------- 1 fileinfo
22 characters, 2 lines read
*--------------------------------------------------------------------- 2 triplet
                                     alpha
                                      beta
                                     gamma

                                     delta
                                    epsilon
                                    epsilon
