*---------------------------------------------------- 1 200_gc_churn_live_anchor
anchor-KKKKKKKKKKKKKKK
iterations=400
*--------------------------------------------------------- 2 201_gc_live_globals
alpha-aaaaaaaa
beta-bbbbbbbb
gamma-cccccccc
delta-dddddddd
epsilon-eeeeeeee
zeta-ffffffff
*-------------------------------------------------------- 3 202_gc_array_strings
elem-1-eeeeeeeeee
elem-10-eeeeeeeeee
elem-20-eeeeeeeeee
*---------------------------------------------------- 4 203_gc_table_string_keys
val-3-vvvvvv
val-15-vvvvvv
val-7-vvvvvv
*----------------------------------------------------- 5 204_gc_recursive_frames
L6/L5/L4/L3/L2/L1/base
L3/L2/L1/base
*--------------------------------------------------------- 6 205_gc_data_records
links=31
n-30-ppppp
n-28-ppppp
*------------------------------------------------------ 7 206_gc_pattern_capture
60
171
*------------------------------------------------------- 8 207_gc_indirect_names
stored-3-ssssss
stored-12-ssssss
*--------------------------------------------------------- 9 208_gc_shared_alias
shared-payload-ssssssssssss
shared-payload-ssssssssssss
shared-payload-ssssssssssss
*--------------------------------------------------------- 10 209_gc_big_strings
5000
abcdefghij
abcdefghij
*-------------------------------------------------------- 11 210_gc_deep_nesting
deep-dddddddd
after-nnnnnn\nafter-nnnnnn
A80|bbbbbbbbbb80|C80
survivor-SSSSSSSSSS\niters=30000
*------------------------------------------------- 15 214_gc_exhaustion_live_set
live-1-LLLLLLLLLLLLLLLLLLLLLLLLLLLLLLLLLLLLLLLLLLLLLLLLLL
live-50-LLLLLLLLLLLLLLLLLLLLLLLLLLLLLLLLLLLLLLLLLLLLLLLLLL
live-100-LLLLLLLLLLLLLLLLLLLLLLLLLLLLLLLLLLLLLLLLLLLLLLLLLL
58
