*----------------------------------------------------------- 1 076_builtin_ident
equal
not equal
different
5 > 3\n3 not > 5
3 < 5\n5 <= 5\n7 >= 5
42 = 42\n42 != 99
STRING\nINTEGER\nREAL
stno ok
256\n26\n26
*---------------------------------------------------------- 9 098_keyword_anchor
anchored match ok
anchor prevented mid-string match
*------------------------------------------------------------- 10 099_keyword_rw
PASS 099_keyword_rw (5/5)
*-------------------------------------------------------- 11 099_lexical_compare
b > a
a < b
cat = cat
cat != dog
*---------------------------------------------------------- 12 100_roman_numeral
I
IV
IX
XLII
MCMXCIX
MMXXIV
