*--------------------------------------------------------------- 1 1110_array_1d
PASS 1110_array_1d (9/9)
*---------------------------------------------------------- 2 1111_array_default
PASS 1111_array_default (2/2)
*------------------------------------------------------------ 3 1112_array_multi
PASS 1112_array_multi (5/5)
*------------------------------------------------------------------ 4 1113_table
PASS 1113_table (8/8)
*------------------------------------------------------------------- 5 1114_item
PASS 1114_item (7/7)
*------------------------------------------------------------- 6 1115_data_basic
PASS 1115_data_basic (6/6)
*----------------------------------------------------------- 7 1116_data_overlap
PASS 1116_data_overlap (3/3)
