*---------------------------------------------------------- 1 310_concat_strings
PASS 310_concat_strings (3/3)
*---------------------------------------------------------- 2 311_concat_numeric
PASS 311_concat_numeric (3/3)
*------------------------------------------------------------- 3 312_concat_null
PASS 312_concat_null (2/2)
