*--------------------------------------------------------------- 1 410_arith_int
PASS 410_arith_int (9/9)
*------------------------------------------------------------- 2 411_arith_unary
PASS 411_arith_unary (2/2)
*-------------------------------------------------------------- 3 412_arith_real
PASS 412_arith_real (6/6)
*------------------------------------------------------------- 4 413_arith_mixed
PASS 413_arith_mixed (2/2)
*------------------------------------------------------------------- 5 414_remdr
PASS 414_remdr (2/2)
