/*------------------------------------------------------- 1 simple_output_153 */
hello world
/*------------------------------------------------------- 2 simple_output_173 */
0
1
2
3
/*------------------------------------------------------- 3 simple_output_174 */
hello world
/*------------------------------------------------------- 4 simple_output_176 */
5
/*------------------------------------------------------- 5 simple_output_177 */
5
/*------------------------------------------------------- 6 simple_output_178 */
42
/*------------------------------------------------------- 7 simple_output_179 */
1024
/*------------------------------------------------------- 8 simple_output_180 */
14
/*------------------------------------------------------- 9 simple_output_181 */
512
/*------------------------------------------------------ 10 simple_output_182 */
6
/*------------------------------------------------------ 11 simple_output_187 */
cba
/*------------------------------------------------------ 12 simple_output_188 */
bcd
/*------------------------------------------------------ 13 simple_output_189 */
yes
/*------------------------------------------------------ 14 simple_output_191 */
yes
/*------------------------------------------------------ 15 simple_output_192 */
yes
/*------------------------------------------------------ 16 simple_output_193 */
yes
/*------------------------------------------------------ 17 simple_output_194 */
yes
/*------------------------------------------------------ 18 simple_output_195 */
yes
/*------------------------------------------------------ 19 simple_output_196 */
yes
/*------------------------------------------------------ 20 simple_output_197 */
yes
/*------------------------------------------------------ 21 simple_output_198 */
yes
/*------------------------------------------------------ 22 simple_output_199 */
yes
/*------------------------------------------------------ 23 simple_output_200 */
yes
/*------------------------------------------------------ 24 simple_output_201 */
yes
/*------------------------------------------------------ 25 simple_output_208 */
42
/*------------------------------------------------------ 26 simple_output_209 */
3.5
/*------------------------------------------------------ 27 simple_output_210 */
double
/*------------------------------------------------------ 28 simple_output_211 */
single
/*------------------------------------------------------- 29 simple_output_88 */
hello world
/*------------------------------------------------------- 30 simple_output_10 */
/*------------------------------------------------------- 31 simple_output_11 */
hello world
/*------------------------------------------------------- 32 simple_output_12 */
42
/*------------------------------------------------------ 33 simple_output_134 */
/*------------------------------------------------------ 34 simple_output_135 */
hello world
/*------------------------------------------------------ 35 simple_output_137 */
hello world
/*------------------------------------------------------ 36 simple_output_138 */
42
/*------------------------------------------------------ 37 simple_output_139 */
3.14
/*------------------------------------------------------- 38 simple_output_14 */
3.14
/*------------------------------------------------------ 39 simple_output_140 */
/*------------------------------------------------------ 40 simple_output_142 */
/*------------------------------------------------------ 41 simple_output_143 */
hello world
/*------------------------------------------------------ 42 simple_output_154 */
42
/*------------------------------------------------------ 43 simple_output_157 */
after
/*------------------------------------------------------ 44 simple_output_165 */
first
second
/*------------------------------------------------------ 45 simple_output_169 */
small
/*------------------------------------------------------ 46 simple_output_170 */
five
/*------------------------------------------------------ 47 simple_output_171 */
1
2
3
4
5
/*------------------------------------------------------ 48 simple_output_175 */
42
/*------------------------------------------------------ 49 simple_output_184 */
helX
/*------------------------------------------------------ 50 simple_output_190 */
after
/*------------------------------------------------------- 51 simple_output_20 */
3
/*------------------------------------------------------ 52 simple_output_205 */
after-block-comment
/*------------------------------------------------------ 53 simple_output_206 */
after-line-comment
/*------------------------------------------------------- 54 simple_output_21 */
2
/*------------------------------------------------------- 55 simple_output_22 */
256
/*------------------------------------------------------- 56 simple_output_23 */
42
/*------------------------------------------------------- 57 simple_output_24 */
7
/*------------------------------------------------------- 58 simple_output_26 */
42 items
/*------------------------------------------------------- 59 simple_output_27 */
abc
/*------------------------------------------------------- 60 simple_output_28 */
hello world
/*------------------------------------------------------- 61 simple_output_32 */
world
/*------------------------------------------------------- 62 simple_output_39 */
    hi
/*------------------------------------------------------- 63 simple_output_59 */
/*------------------------------------------------------- 64 simple_output_60 */
hello world
/*------------------------------------------------------- 65 simple_output_62 */
hello world
/*------------------------------------------------------- 66 simple_output_63 */
42
/*------------------------------------------------------- 67 simple_output_64 */
3.14
/*------------------------------------------------------- 68 simple_output_65 */
/*------------------------------------------------------- 69 simple_output_67 */
/*------------------------------------------------------- 70 simple_output_68 */
hello world
/*------------------------------------------------------ 71 simple_output_127 */
hello
/*------------------------------------------------------ 72 simple_output_128 */
42
/*------------------------------------------------------ 73 simple_output_132 */
hello
/*------------------------------------------------------ 74 simple_output_133 */
alpha
beta
/*------------------------------------------------------ 75 simple_output_156 */
foobar
/*------------------------------------------------------ 76 simple_output_159 */
42
hello
world
/*------------------------------------------------------- 77 simple_output_16 */
42
/*------------------------------------------------------ 78 simple_output_162 */
-5
5
/*------------------------------------------------------ 79 simple_output_167 */
before end
/*------------------------------------------------------ 80 simple_output_168 */
big
done
/*------------------------------------------------------ 81 simple_output_186 */
foobar
/*------------------------------------------------------- 82 simple_output_19 */
hello
/*-------------------------------------------------------- 83 simple_output_2 */
hello
world
42
/*------------------------------------------------------ 84 simple_output_202 */
3
/*------------------------------------------------------ 85 simple_output_203 */
8
/*------------------------------------------------------ 86 simple_output_213 */
1
2
4
5
/*------------------------------------------------------ 87 simple_output_221 */
120
/*------------------------------------------------------ 88 simple_output_222 */
[one][]
/*------------------------------------------------------ 89 simple_output_223 */
a
/*------------------------------------------------------- 90 simple_output_25 */
foobar
/*------------------------------------------------------- 91 simple_output_29 */
hello world
/*------------------------------------------------------- 92 simple_output_52 */
hello
/*------------------------------------------------------- 93 simple_output_53 */
42
/*------------------------------------------------------- 94 simple_output_57 */
hello
/*------------------------------------------------------- 95 simple_output_58 */
alpha
beta
/*------------------------------------------------------- 96 simple_output_91 */
value=42
42 things
/*------------------------------------------------------ 97 simple_output_100 */
13
/*------------------------------------------------------ 98 simple_output_101 */
15
/*------------------------------------------------------ 99 simple_output_102 */
25
/*----------------------------------------------------- 100 simple_output_103 */
42
/*----------------------------------------------------- 101 simple_output_104 */
2
/*----------------------------------------------------- 102 simple_output_122 */
42
/*----------------------------------------------------- 103 simple_output_129 */
alpha
/*------------------------------------------------------ 104 simple_output_13 */
line one
line two
line three
/*----------------------------------------------------- 105 simple_output_130 */
/*----------------------------------------------------- 106 simple_output_131 */
second
/*----------------------------------------------------- 107 simple_output_136 */
line one
line two
line three
/*----------------------------------------------------- 108 simple_output_141 */
line one
line two
line three
/*------------------------------------------------------ 109 simple_output_15 */
alpha
/*----------------------------------------------------- 110 simple_output_155 */
5
6
42
5
/*----------------------------------------------------- 111 simple_output_160 */
before
after
/*----------------------------------------------------- 112 simple_output_161 */
1
2
/*------------------------------------------------------ 113 simple_output_17 */
/*----------------------------------------------------- 114 simple_output_172 */
1
2
3
once
/*------------------------------------------------------ 115 simple_output_18 */
second
/*----------------------------------------------------- 116 simple_output_204 */
99
/*----------------------------------------------------- 117 simple_output_207 */
1
2
/*----------------------------------------------------- 118 simple_output_212 */
1
2
3
done
/*----------------------------------------------------- 119 simple_output_216 */
7
30
/*----------------------------------------------------- 120 simple_output_219 */
stored
/*------------------------------------------------------ 121 simple_output_42 */
hello
/*------------------------------------------------------ 122 simple_output_43 */
hello there
/*------------------------------------------------------ 123 simple_output_54 */
alpha
/*------------------------------------------------------ 124 simple_output_55 */
/*------------------------------------------------------ 125 simple_output_56 */
second
/*------------------------------------------------------ 126 simple_output_61 */
line one
line two
line three
/*------------------------------------------------------ 127 simple_output_66 */
line one
line two
line three
/*------------------------------------------------------ 128 simple_output_81 */
1
2
3
/*------------------------------------------------------ 129 simple_output_87 */
Hello, World!
/*------------------------------------------------------ 130 simple_output_89 */
foo-bar-baz
/*------------------------------------------------------ 131 simple_output_90 */
hello
hello
/*------------------------------------------------------ 132 simple_output_98 */
81
/*----------------------------------------------------- 133 simple_output_105 */
3
4
/*----------------------------------------------------- 134 simple_output_163 */
1
1
/*----------------------------------------------------- 135 simple_output_166 */
3
2
1
done
/*----------------------------------------------------- 136 simple_output_183 */
7
7
7
/*----------------------------------------------------- 137 simple_output_185 */
yes
/*------------------------------------------------------ 138 simple_output_30 */
3
-2
/*------------------------------------------------------ 139 simple_output_40 */
b > a
a < b
cat = cat
cat != dog
/*------------------------------------------------------ 140 simple_output_41 */
found
/*------------------------------------------------------ 141 simple_output_45 */
42
/*------------------------------------------------------- 142 simple_output_6 */
1
2
3
4
5
/*------------------------------------------------------ 143 simple_output_73 */
yes
/*------------------------------------------------------ 144 simple_output_84 */
done
/*------------------------------------------------------ 145 simple_output_86 */
1
2
3
end
/*------------------------------------------------------ 146 simple_output_93 */
empty
/*----------------------------------------------------- 147 simple_output_121 */
99
/*----------------------------------------------------- 148 simple_output_158 */
3
4
99
/*----------------------------------------------------- 149 simple_output_164 */
changed
before2
/*----------------------------------------------------- 150 simple_output_217 */
5
1
/*----------------------------------------------------- 151 simple_output_218 */
pos
untouched
/*------------------------------------------------------- 152 simple_output_3 */
hello
42
hello
/*------------------------------------------------------ 153 simple_output_33 */
different
/*------------------------------------------------------ 154 simple_output_49 */
10
42
/*------------------------------------------------------- 155 simple_output_5 */
big
big
three
not four
/*------------------------------------------------------ 156 simple_output_50 */
7
42
/*------------------------------------------------------ 157 simple_output_72 */
done
/*------------------------------------------------------ 158 simple_output_75 */
ran
/*------------------------------------------------------ 159 simple_output_77 */
1
2
3
/*------------------------------------------------------ 160 simple_output_80 */
done
/*------------------------------------------------------ 161 simple_output_99 */
18
/*----------------------------------------------------- 162 simple_output_106 */
10
20
5
/*----------------------------------------------------- 163 simple_output_126 */
the question
/*------------------------------------------------------ 164 simple_output_31 */
10
20
99
/*------------------------------------------------------ 165 simple_output_44 */
matched
/*------------------------------------------------------- 166 simple_output_7 */
55
/*------------------------------------------------------ 167 simple_output_70 */
no match
/*------------------------------------------------------ 168 simple_output_71 */
matched
/*------------------------------------------------------ 169 simple_output_83 */
1
2
4
5
/*------------------------------------------------------ 170 simple_output_94 */
has value
/*------------------------------------------------------ 171 simple_output_95 */
not empty
/*------------------------------------------------------ 172 simple_output_97 */
has value
/*----------------------------------------------------- 173 simple_output_107 */
hello
world
/*----------------------------------------------------- 174 simple_output_108 */
3
1
10
/*----------------------------------------------------- 175 simple_output_123 */
3
/*----------------------------------------------------- 176 simple_output_215 */
fell-through
after
/*----------------------------------------------------- 177 simple_output_220 */
3
6
/*------------------------------------------------------- 178 simple_output_4 */
7
7
42
5
256
10
15
/*------------------------------------------------------- 179 simple_output_8 */
49
27
/*------------------------------------------------------ 180 simple_output_82 */
1
2
3
done
/*----------------------------------------------------- 181 simple_output_214 */
two
after
/*------------------------------------------------------ 182 simple_output_48 */
0
1
8
55
/*------------------------------------------------------ 183 simple_output_85 */
1-1
2-1
3-1
/*----------------------------------------------------- 184 simple_output_145 */
0
1
1
5
55
/*------------------------------------------------------ 185 simple_output_37 */
3 < 5
5 <= 5
7 >= 5
/*------------------------------------------------------ 186 simple_output_78 */
1
2
done
/*------------------------------------------------------ 187 simple_output_79 */
1
2
4
5
/*------------------------------------------------------- 188 simple_output_1 */
55
15
/*------------------------------------------------------ 189 simple_output_34 */
5 > 3
3 not > 5
/*------------------------------------------------------ 190 simple_output_35 */
equal
not equal
/*------------------------------------------------------ 191 simple_output_36 */
numeric
not numeric
/*------------------------------------------------------ 192 simple_output_38 */
42 = 42
42 != 99
/*------------------------------------------------------ 193 simple_output_47 */
13579
/*------------------------------------------------------ 194 simple_output_74 */
two
/*----------------------------------------------------- 195 simple_output_149 */
12
/*----------------------------------------------------- 196 simple_output_150 */
33
/*------------------------------------------------------ 197 simple_output_76 */
1-1
2-1
3-1
/*----------------------------------------------------- 198 simple_output_125 */
match
no match
/*------------------------------------------------------ 199 simple_output_46 */
positive
not positive
/*----------------------------------------------------- 200 simple_output_115 */
equal
not equal
/*----------------------------------------------------- 201 simple_output_117 */
greater
not greater
/*----------------------------------------------------- 202 simple_output_119 */
less
not less
/*----------------------------------------------------- 203 simple_output_120 */
not equal
equal
/*----------------------------------------------------- 204 simple_output_109 */
equal
not equal
/*----------------------------------------------------- 205 simple_output_111 */
greater
not greater
/*----------------------------------------------------- 206 simple_output_113 */
less
not less
/*----------------------------------------------------- 207 simple_output_114 */
different
same
/*----------------------------------------------------- 208 simple_output_146 */
0
/*------------------------------------------------------- 209 simple_output_9 */
7
3
5
8
/*----------------------------------------------------- 210 simple_output_148 */
12
/*----------------------------------------------------- 211 simple_output_147 */
0
/*----------------------------------------------------- 212 simple_output_152 */
1
2
3
4
5
10
9
8
7
6
5
4
3
2
1
20
/*----------------------------------------------------- 213 simple_output_116 */
ge
ge
not ge
/*----------------------------------------------------- 214 simple_output_118 */
le
le
not le
/*----------------------------------------------------- 215 simple_output_110 */
ge
ge
not ge
/*----------------------------------------------------- 216 simple_output_112 */
le
le
not le
/*----------------------------------------------------- 217 simple_output_151 */
1
2
3
14
12
nreturn ok
/*---------------------------------------------------------------- 218 dupl_1 */
ababab
/*------------------------------------------------------------- 219 replace_1 */
aXc
/*---------------------------------------------------------------- 220 size_3 */
5
/*--------------------------------------------------------------- 221 array_6 */
z
/*-------------------------------------------------------- 222 dupl_replace_1 */
ababab
/*----------------------------------------------------- 223 replace_replace_1 */
hEllO
/*---------------------------------------------------------------- 224 size_2 */
5
cba
/*-------------------------------------------------------- 225 size_replace_1 */
5
/*--------------------------------------------------------------- 226 array_2 */
lb
/*--------------------------------------------------------------- 227 array_3 */
x
/*--------------------------------------------------------------- 228 array_4 */
v
/*--------------------------------------------------------------- 229 array_5 */
r
/*--------------------------------------------------------------- 230 array_7 */
m
/*------------------------------------------------------------- 231 capture_1 */
ab
/*----------------------------------------------------------------- 232 len_1 */
2
/*--------------------------------------------------------------- 233 table_2 */
v
/*--------------------------------------------------------------- 234 table_3 */
A
/*--------------------------------------------------------------- 235 table_4 */
B
/*--------------------------------------------------------------- 236 table_5 */
nonint
/*------------------------------------------------------------ 237 datatype_1 */
STRING
INTEGER
6
/*------------------------------------------------------------ 238 indirect_1 */
world
/*------------------------------------------------------------ 239 indirect_2 */
world
/*--------------------------------------------------------------- 240 table_1 */
v1
v2
/*--------------------------------------------------------------- 241 array_1 */
x
y
z
/*------------------------------------------------------- 242 fence_replace_1 */
no
/*------------------------------------------------------------ 243 indirect_3 */
initial
updated
/*---------------------------------------------------------------- 244 size_1 */
hello world
11
/*----------------------------------------------------- 245 capture_replace_5 */
ell
/*----------------------------------------------------- 246 keyword_replace_2 */
stno ok
/*------------------------------------------------------- 247 table_replace_1 */
Alice
30
SNOBOL4
/*----------------------------------------------------- 248 keyword_replace_1 */
anchored match ok
anchor prevented mid-string match
/*---------------------------------------------------- 249 indirect_replace_1 */
[]
/*-------------------------------------------------------- 250 size_replace_2 */
olleh
abcba
PASS: racecar
PASS: hello not palindrome
PASS: abcba
PASS: single
PASS: empty
/*------------------------------------------------------- 251 array_replace_3 */
1
2
3
4
5
7
8
9
/*------------------------------------------------------- 252 defer_replace_1 */
1
2
3
4
5
55
1
2
3
2
4
6
3
6
9
/*------------------------------------------------------------ 253 trim_alt_1 */
hi|
/*-------------------------------------------------------- 254 size_keyword_1 */
256
/*-------------------------------------------------------- 255 size_keyword_2 */
256
/*--------------------------------------------------- 256 trim_size_replace_1 */
5
/*--------------------------------------------------------- 257 any_capture_1 */
x
/*--------------------------------------------------------- 258 arb_capture_1 */
ab
/*------------------------------------------------------- 259 arbno_capture_1 */
abab
/*--------------------------------------------------------- 260 bal_capture_1 */
(a+b)
/*------------------------------------------------------- 261 break_capture_1 */
ab
/*--------------------------------------------------------- 262 capture_alt_1 */
cat
/*--------------------------------------------------------- 263 capture_alt_2 */
ab
/*--------------------------------------------------------- 264 len_capture_1 */
hel
/*--------------------------------------------------------- 265 len_capture_2 */
ab
/*----------------------------------------------------- 266 len_imm_capture_1 */
a
/*------------------------------------------------------ 267 notany_capture_1 */
x
/*--------------------------------------------- 268 replace_keyword_replace_1 */
olleh
HELLO
/*-------------------------------------------------------- 269 rtab_capture_1 */
hel
/*-------------------------------------------------------- 270 span_capture_1 */
aaa
/*--------------------------------------------------------- 271 tab_capture_1 */
hel
/*----------------------------------------------------------- 272 abort_alt_1 */
before
after
/*--------------------------------------------------- 273 dupl_size_replace_1 */
12
abcabcabcabc
/*------------------------------------------------ 274 size_keyword_replace_1 */
256
26
26
/*--------------------------------------------------- 275 datatype_indirect_1 */
NAME
changed
/*------------------------------------------------- 276 len_capture_replace_1 */
hello
/*--------------------------------------------- 277 len_imm_capture_replace_1 */
hello
/*------------------------------------------------ 278 span_capture_replace_2 */
hello
/*--------------------------------------------- 279 replace_keyword_replace_2 */
HELLO
WORLD
/*------------------------------------------------- 280 any_capture_replace_1 */
e
/*----------------------------------------------- 281 break_capture_replace_1 */
hello
/*------------------------------------------------- 282 len_capture_replace_2 */
abc
/*---------------------------------------------- 283 notany_capture_replace_1 */
h
/*------------------------------------------------- 284 pos_capture_replace_1 */
a
a
a
/*------------------------------------------------ 285 rtab_capture_replace_1 */
abcd
/*------------------------------------------------ 286 span_capture_replace_1 */
12345
/*------------------------------------------------ 287 span_capture_replace_3 */
forty-two
/*-------------------------------------------------- 288 table_size_replace_1 */
the=3
cat=2
sat=1
on=1
mat=1
/*----------------------------------------------------- 289 len_rem_capture_1 */
cd
/*----------------------------------------------------- 290 pos_len_capture_1 */
he
/*---------------------------------------------------- 291 rpos_len_capture_1 */
hel
/*--------------------------------------------------- 292 break_rem_capture_1 */
key
value
/*------------------------------------ 293 datatype_replace_keyword_replace_1 */
STRING
INTEGER
REAL
/*------------------------------------------------- 294 eval_datatype_defer_1 */
EXPRESSION
99
/*------------------------------------------- 295 break_len_capture_replace_1 */
cat
cat
cat
/*--------------------------------------------- 296 pos_len_capture_replace_1 */
hel
/*-------------------------------------------- 297 rpos_len_capture_replace_1 */
lo
/*--------------------------------------------- 298 tab_len_capture_replace_1 */
de
/*------------------------------------------- 299 trim_size_keyword_replace_1 */
22 characters, 2 lines read
/*---------------------------------------- 300 trim_replace_keyword_replace_1 */
hello world
HELLO WORLD
Hello world
ok: icase hello
ok: icase HELLO
ok: icase HeLLo
no match ok
/*----------------------------------------------- 301 break_len_rem_replace_1 */
John / Smith
/*---------------------------------------------- 302 trim_dupl_size_replace_1 */
                                     alpha
                                      beta
                                     gamma

                                     delta
                                    epsilon
                                    epsilon
/*---------------------------------------------- 303 arb_span_break_replace_2 */
PASS: 1 literal match
PASS: 2 non-match
PASS: 3 ANY
PASS: 4 LEN
PASS: 5 SPAN
PASS: 6 BREAK
PASS: 7 ARB
PASS: 8 alternation
PASS: 9 capture word=hello
/*---------------------------------------------- 304 arb_span_break_replace_1 */
ARB-1 cap=
ARB-2 pre=hello 
ARB-3 all=end
SPAN-1 run=aaa
SPAN-2 word=abc
SPAN-3 unexpected SUCCEED
BREAK-1 word=hello
BREAK-2 seg=foo
BREAK-3 b=||
BREAK-4 FAIL expected
ANY-1 v=h
ANY-2 FAIL expected
ANY-3 c=a
LEN-1 chunk=abc
LEN-2 z=||
LEN-3 one=x
LEN-4 FAIL expected
COMBO-1 k2=key
COMBO-2 word=abc
COMBO-3 d=1 rest=ab
COMBO-4 aa=aa bb=bb
/*----------------------------------------------- 305 simple_output_124 XFAIL */
7
/*------------------------------------------------ 306 simple_output_92 XFAIL */
no match
/*------------------------------------------------ 307 simple_output_96 XFAIL */
no value
/*------------------------------------------------ 308 simple_output_51 XFAIL */
world hello
/*----------------------------------------------- 309 simple_output_144 XFAIL */


Hello World!
0
1
-1
1.
1
1
1.0
I'm here
"Quote of the day"
0
1
1

Z
A
AZ
3
7
9
7
/*------------------------------------------------ 310 simple_output_69 XFAIL */


Hello World!
0
1
-1
1.
1
1
1.0
I'm here
"Quote of the day"
0
1
1

Z
A
AZ
3
7
9
7
/*----------------------------------------------- 311 capture_replace_1 XFAIL */
test
/*----------------------------------------------- 312 capture_replace_2 XFAIL */
wor
/*----------------------------------------------- 313 capture_replace_3 XFAIL */
hel
/*----------------------------------------------- 314 capture_replace_4 XFAIL */
ell
/*---------------------------------------------- 315 datatype_replace_1 XFAIL */
COLOR
255
/*------------------------------------------------- 316 array_replace_1 XFAIL */
first
third
fifth
/*------------------------------------------------- 317 array_replace_2 XFAIL */
1
4
9
16
25
/*------------------------------------------ 318 trim_keyword_replace_1 XFAIL */
7
3
3.5
2.1
42
0
1
-1
4
25
12
/*----------------------------------------- 319 break_len_rem_replace_2 XFAIL */
3
c
b
1
a
0
empty ok
x
1
x
99
world
hello
/*----------------------------------------- 320 break_any_pos_replace_1 XFAIL */
****hi
hi****
hello
hello
hello
hihihi
contains ok
startswith ok
endswith ok
no startswith ok
2
0
