/*------------------------------------------------------------ 1 A08_alphabet */
256
26
26
/*------------------------------------------------------------ 2 A08_datatype */
STRING
INTEGER
REAL
/*--------------------------------------------------------------- 3 A08_eq_ne */
42 = 42
42 != 99
/*---------------------------------------------------------------- 4 A08_lpad */
    hi
