/*-------------------------------------------------------------- 1 A09_anchor */
anchored match ok
anchor prevented mid-string match
/*----------------------------------------------------------- 2 A09_dupl_size */
12
abcabcabcabc
/*------------------------------------------------------------- 3 A09_lexical */
b > a
a < b
cat = cat
cat != dog
/*------------------------------------------------------- 4 A09_reverse_ucase */
olleh
HELLO
/*---------------------------------------------------------------- 5 A09_stno */
stno ok
