/*---------------------------------------------------- 1 B05_alt_assign XFAIL */
test
/*------------------------------------------------- 2 B05_alt_both_fail XFAIL */
no match
/*----------------------------------------------------- 3 B05_alt_chain XFAIL */
wor
/*------------------------------------------------- 4 B05_alt_left_wins XFAIL */
hel
/*-------------------------------------------- 5 B05_alt_right_fallback XFAIL */
ell
