/*------------------------------------------------------------- 1 A12_pat_any */
e
/*----------------------------------------------------------- 2 A12_pat_break */
hello
/*------------------------------------------------------------- 3 A12_pat_len */
abc
/*--------------------------------------------------------- 4 A12_pat_literal */
matched
/*---------------------------------------------------------- 5 A12_pat_notany */
h
/*------------------------------------------------------------- 6 A12_pat_pos */
hel
/*------------------------------------------------------------ 7 A12_pat_rpos */
lo
/*------------------------------------------------------------ 8 A12_pat_rtab */
abcd
/*------------------------------------------------------------ 9 A12_pat_span */
12345
/*------------------------------------------------------------ 10 A12_pat_tab */
de
