/*-------------------------------------------------------- 1 A01_empty_string */
/*--------------------------------------------------------------- 2 A01_hello */
hello world
/*------------------------------------------------------------- 3 A01_integer */
42
/*--------------------------------------------------------------- 4 A01_multi */
line one
line two
line three
/*---------------------------------------------------------------- 5 A01_real */
3.14
