/*------------------------------------------------------- 1 B01_if_else_false */
no match
/*-------------------------------------------------------- 2 B01_if_else_true */
matched
/*------------------------------------------------------------ 3 B01_if_false */
done
/*------------------------------------------------------------- 4 B01_if_true */
yes
/*----------------------------------------------------------- 5 B01_nested_if */
two
