/*------------------------------------------------------- 1 B08_struct_basic */
3
4
/*--------------------------------------------------- 2 B08_struct_field_set */
10
20
5
/*-------------------------------------------------------- 3 B08_struct_proc */
hello
world
/*--------------------------------------------------- 4 B08_struct_two_types */
3
1
10
/*---------------------------------------------- 5 B08_struct_datatype XFAIL */
COLOR
255
