/*----------------------------------------------------------- 1 B03_for_basic */
1
2
3
/*----------------------------------------------------------- 2 B03_for_break */
1
2
3
done
/*-------------------------------------------------------- 3 B03_for_continue */
1
2
4
5
/*----------------------------------------------------------- 4 B03_for_false */
done
/*---------------------------------------------------- 5 B03_for_nested_break */
1-1
2-1
3-1
/*------------------------------------------------------- 6 B03_for_step_expr */
1
2
3
end
