/*------------------------------------------------ 1 assign_009_assign_string */
hello
/*----------------------------------------------- 2 assign_010_assign_integer */
42
/*------------------------------------------------- 3 assign_011_assign_chain */
alpha
/*-------------------------------------------------- 4 assign_012_assign_null */
/*--------------------------------------------- 5 assign_013_assign_overwrite */
second
/*--------------------------------------- 6 assign_014_assign_indirect_dollar */
hello
/*------------------------------------------ 7 assign_015_assign_indirect_var */
world
/*--------------------------------------------- 8 assign_016_assign_to_output */
alpha
beta
/*------------------------------------------------------ 9 hello_empty_string */
/*------------------------------------------------------------ 10 hello_hello */
hello world
/*------------------------------------------------------------ 11 hello_multi */
line one
line two
line three
/*--------------------------------------- 12 output_001_output_string_literal */
hello world
/*-------------------------------------- 13 output_002_output_integer_literal */
42
/*----------------------------------------- 14 output_003_output_real_literal */
3.14
/*----------------------------------------- 15 output_004_output_empty_string */
/*-------------------------------------------- 16 output_005_output_multiline */
line one
line two
line three
/*------------------------------------- 17 output_006_output_keyword_alphabet */
256
/*--------------------------------------------- 18 output_007_output_null_var */
/*---------------------------------------- 19 output_008_output_double_quoted */
hello world
