/*------------------------------------------------------- 1 A04_concat_assign */
foobar
/*---------------------------------------------------------- 2 A04_concat_int */
42 items
/*-------------------------------------------------------- 3 A04_concat_three */
abc
/*---------------------------------------------------------- 4 A04_concat_two */
hello world
/*---------------------------------------------------------- 5 A04_concat_var */
hello world
