/*----------------------------------------------------------------- 1 A03_add */
3
/*-------------------------------------------------------------- 2 A03_divide */
2
/*------------------------------------------------------------ 3 A03_exponent */
256
/*------------------------------------------------------------ 4 A03_multiply */
42
/*------------------------------------------------------------ 5 A03_subtract */
7
