/*------------------------------------------ 1 nested_while_in_function XFAIL */
0
/*---------------------------- 2 nested_while_in_function_1deep_control XFAIL */
0
/*------------------------------------ 3 nested_while_in_function_3deep XFAIL */
12
/*------------------------------ 4 nested_while_in_function_multi_inner XFAIL */
12
/*--------------------------- 5 nested_while_in_function_multistmt_tail XFAIL */
33
