0
1
2
10
0.0
1.5
1.1
2.0
''
'a'
'ab'
'abc'
'0'
'1'
'1.1'
'x'
'y'
'z'
'(matched [things])'
'('
')'
'['
']'
"b"
&ABEND
&ABORT
&ALPHABET
&ANCHOR
&ARB
&BAL
&CASE
&CODE
&COMPARE
&DUMP
&ERRLIMIT
&ERRTEXT
&ERRTYPE
&FAIL
&FENCE
&FILE
&FNCLEVEL
&FTRACE
&FULLSCAN
&INPUT
&LASTFILE
&LASTLINE
&LASTNO
&LCASE
&LINE
&MAXLNGTH
&OUTPUT
&PROFILE
&REM
&RTNTYPE
&STCOUNT
&STLIMIT
&STNO
&TRACE
&TRIM
&UCASE
ARB
BAL
REM
FAIL
FENCE
ABORT
ANY('a')
ANY('ab')
ANY('')
NOTANY('a')
NOTANY('ab')
NOTANY('')
SPAN('a')
SPAN('ab')
SPAN('')
BREAK('a')
BREAK('ab')
BREAK('')
BREAKX('a')
BREAKX('ab')
BREAKX('')
POS(0)
POS(1)
POS(2)
RPOS(0)
RPOS(1)
RPOS(2)
LEN(0)
LEN(1)
LEN(2)
TAB(0)
TAB(1)
TAB(2)
RTAB(0)
RTAB(1)
RTAB(2)
ARBNO('a')
ARBNO(LEN(1))
ARBNO('a' | 'b')
FENCE('a')
FENCE(LEN(1))
FENCE('a' | 'b')
-0
-1
-2
-10
-0.0
-1.5
-1.1
-2.0
-''
-'a'
-'ab'
-'abc'
-'0'
-'1'
-'1.1'
-'x'
-'y'
-'z'
-'(matched [things])'
-'('
-')'
-'['
-']'
-"b"
-&ABEND
-&ABORT
-&ALPHABET
-&ANCHOR
-&ARB
-&BAL
-&CASE
-&CODE
-&COMPARE
-&DUMP
-&ERRLIMIT
-&ERRTEXT
-&ERRTYPE
-&FAIL
-&FENCE
-&FILE
-&FNCLEVEL
-&FTRACE
-&FULLSCAN
-&INPUT
-&LASTFILE
-&LASTLINE
-&LASTNO
-&LCASE
-&LINE
-&MAXLNGTH
-&OUTPUT
-&PROFILE
-&REM
-&RTNTYPE
-&STCOUNT
-&STLIMIT
-&STNO
-&TRACE
-&TRIM
-&UCASE
-ARB
-BAL
-REM
-FAIL
-FENCE
-ABORT
-ANY('a')
-ANY('ab')
-ANY('')
-NOTANY('a')
-NOTANY('ab')
-NOTANY('')
-SPAN('a')
-SPAN('ab')
-SPAN('')
-BREAK('a')
-BREAK('ab')
-BREAK('')
-BREAKX('a')
-BREAKX('ab')
-BREAKX('')
-POS(0)
-POS(1)
-POS(2)
-RPOS(0)
-RPOS(1)
-RPOS(2)
-LEN(0)
-LEN(1)
-LEN(2)
-TAB(0)
-TAB(1)
-TAB(2)
-RTAB(0)
-RTAB(1)
-RTAB(2)
-ARBNO('a')
-ARBNO(LEN(1))
-ARBNO('a' | 'b')
-FENCE('a')
-FENCE(LEN(1))
-FENCE('a' | 'b')
- 0
- 1
- 2
- 10
- 0.0
- 1.5
- 1.1
- 2.0
- ''
- 'a'
- 'ab'
- 'abc'
- '0'
- '1'
- '1.1'
- 'x'
- 'y'
- 'z'
- '(matched [things])'
- '('
- ')'
- '['
- ']'
- "b"
- &ABEND
- &ABORT
- &ALPHABET
- &ANCHOR
- &ARB
- &BAL
- &CASE
- &CODE
- &COMPARE
- &DUMP
- &ERRLIMIT
- &ERRTEXT
- &ERRTYPE
- &FAIL
- &FENCE
- &FILE
- &FNCLEVEL
- &FTRACE
- &FULLSCAN
- &INPUT
- &LASTFILE
- &LASTLINE
- &LASTNO
- &LCASE
- &LINE
- &MAXLNGTH
- &OUTPUT
- &PROFILE
- &REM
- &RTNTYPE
- &STCOUNT
- &STLIMIT
- &STNO
- &TRACE
- &TRIM
- &UCASE
- ARB
- BAL
- REM
- FAIL
- FENCE
- ABORT
- ANY('a')
- ANY('ab')
- ANY('')
- NOTANY('a')
- NOTANY('ab')
- NOTANY('')
- SPAN('a')
- SPAN('ab')
- SPAN('')
- BREAK('a')
- BREAK('ab')
- BREAK('')
- BREAKX('a')
- BREAKX('ab')
- BREAKX('')
- POS(0)
- POS(1)
- POS(2)
- RPOS(0)
- RPOS(1)
- RPOS(2)
- LEN(0)
- LEN(1)
- LEN(2)
- TAB(0)
- TAB(1)
- TAB(2)
- RTAB(0)
- RTAB(1)
- RTAB(2)
- ARBNO('a')
- ARBNO(LEN(1))
- ARBNO('a' | 'b')
- FENCE('a')
- FENCE(LEN(1))
- FENCE('a' | 'b')
+0
+1
+2
+10
+0.0
+1.5
+1.1
+2.0
+''
+'a'
+'ab'
+'abc'
+'0'
+'1'
+'1.1'
+'x'
+'y'
+'z'
+'(matched [things])'
+'('
+')'
+'['
+']'
+"b"
+&ABEND
+&ABORT
+&ALPHABET
+&ANCHOR
+&ARB
+&BAL
+&CASE
+&CODE
+&COMPARE
+&DUMP
+&ERRLIMIT
+&ERRTEXT
+&ERRTYPE
+&FAIL
+&FENCE
+&FILE
+&FNCLEVEL
+&FTRACE
+&FULLSCAN
+&INPUT
+&LASTFILE
+&LASTLINE
+&LASTNO
+&LCASE
+&LINE
+&MAXLNGTH
+&OUTPUT
+&PROFILE
+&REM
+&RTNTYPE
+&STCOUNT
+&STLIMIT
+&STNO
+&TRACE
+&TRIM
+&UCASE
+ARB
+BAL
+REM
+FAIL
+FENCE
+ABORT
+ANY('a')
+ANY('ab')
+ANY('')
+NOTANY('a')
+NOTANY('ab')
+NOTANY('')
+SPAN('a')
+SPAN('ab')
+SPAN('')
+BREAK('a')
+BREAK('ab')
+BREAK('')
+BREAKX('a')
+BREAKX('ab')
+BREAKX('')
+POS(0)
+POS(1)
+POS(2)
+RPOS(0)
+RPOS(1)
+RPOS(2)
+LEN(0)
+LEN(1)
+LEN(2)
+TAB(0)
+TAB(1)
+TAB(2)
+RTAB(0)
+RTAB(1)
+RTAB(2)
+ARBNO('a')
+ARBNO(LEN(1))
+ARBNO('a' | 'b')
+FENCE('a')
+FENCE(LEN(1))
+FENCE('a' | 'b')
+ 0
+ 1
+ 2
+ 10
+ 0.0
+ 1.5
+ 1.1
+ 2.0
+ ''
+ 'a'
+ 'ab'
+ 'abc'
+ '0'
+ '1'
+ '1.1'
+ 'x'
+ 'y'
+ 'z'
+ '(matched [things])'
+ '('
+ ')'
+ '['
+ ']'
+ "b"
+ &ABEND
+ &ABORT
+ &ALPHABET
+ &ANCHOR
+ &ARB
+ &BAL
+ &CASE
+ &CODE
+ &COMPARE
+ &DUMP
+ &ERRLIMIT
+ &ERRTEXT
+ &ERRTYPE
+ &FAIL
+ &FENCE
+ &FILE
+ &FNCLEVEL
+ &FTRACE
+ &FULLSCAN
+ &INPUT
+ &LASTFILE
+ &LASTLINE
+ &LASTNO
+ &LCASE
+ &LINE
+ &MAXLNGTH
+ &OUTPUT
+ &PROFILE
+ &REM
+ &RTNTYPE
+ &STCOUNT
+ &STLIMIT
+ &STNO
+ &TRACE
+ &TRIM
+ &UCASE
+ ARB
+ BAL
+ REM
+ FAIL
+ FENCE
+ ABORT
+ ANY('a')
+ ANY('ab')
+ ANY('')
+ NOTANY('a')
+ NOTANY('ab')
+ NOTANY('')
+ SPAN('a')
+ SPAN('ab')
+ SPAN('')
+ BREAK('a')
+ BREAK('ab')
+ BREAK('')
+ BREAKX('a')
+ BREAKX('ab')
+ BREAKX('')
+ POS(0)
+ POS(1)
+ POS(2)
+ RPOS(0)
+ RPOS(1)
+ RPOS(2)
+ LEN(0)
+ LEN(1)
+ LEN(2)
+ TAB(0)
+ TAB(1)
+ TAB(2)
+ RTAB(0)
+ RTAB(1)
+ RTAB(2)
+ ARBNO('a')
+ ARBNO(LEN(1))
+ ARBNO('a' | 'b')
+ FENCE('a')
+ FENCE(LEN(1))
+ FENCE('a' | 'b')
*0
*1
*2
*10
*0.0
*1.5
*1.1
*2.0
*''
*'a'
*'ab'
*'abc'
*'0'
*'1'
*'1.1'
*'x'
*'y'
*'z'
*'(matched [things])'
*'('
*')'
*'['
*']'
*"b"
*&ABEND
*&ABORT
*&ALPHABET
*&ANCHOR
*&ARB
*&BAL
*&CASE
*&CODE
*&COMPARE
*&DUMP
*&ERRLIMIT
*&ERRTEXT
*&ERRTYPE
*&FAIL
*&FENCE
*&FILE
*&FNCLEVEL
*&FTRACE
*&FULLSCAN
*&INPUT
*&LASTFILE
*&LASTLINE
*&LASTNO
*&LCASE
*&LINE
*&MAXLNGTH
*&OUTPUT
*&PROFILE
*&REM
*&RTNTYPE
*&STCOUNT
*&STLIMIT
*&STNO
*&TRACE
*&TRIM
*&UCASE
*ARB
*BAL
*REM
*FAIL
*FENCE
*ABORT
*ANY('a')
*ANY('ab')
*ANY('')
*NOTANY('a')
*NOTANY('ab')
*NOTANY('')
*SPAN('a')
*SPAN('ab')
*SPAN('')
*BREAK('a')
*BREAK('ab')
*BREAK('')
*BREAKX('a')
*BREAKX('ab')
*BREAKX('')
*POS(0)
*POS(1)
*POS(2)
*RPOS(0)
*RPOS(1)
*RPOS(2)
*LEN(0)
*LEN(1)
*LEN(2)
*TAB(0)
*TAB(1)
*TAB(2)
*RTAB(0)
*RTAB(1)
*RTAB(2)
*ARBNO('a')
*ARBNO(LEN(1))
*ARBNO('a' | 'b')
*FENCE('a')
*FENCE(LEN(1))
*FENCE('a' | 'b')
* 0
* 1
* 2
* 10
* 0.0
* 1.5
* 1.1
* 2.0
* ''
* 'a'
* 'ab'
* 'abc'
* '0'
* '1'
* '1.1'
* 'x'
* 'y'
* 'z'
* '(matched [things])'
* '('
* ')'
* '['
* ']'
* "b"
* &ABEND
* &ABORT
* &ALPHABET
* &ANCHOR
* &ARB
* &BAL
* &CASE
* &CODE
* &COMPARE
* &DUMP
* &ERRLIMIT
* &ERRTEXT
* &ERRTYPE
* &FAIL
* &FENCE
* &FILE
* &FNCLEVEL
* &FTRACE
* &FULLSCAN
* &INPUT
* &LASTFILE
* &LASTLINE
* &LASTNO
* &LCASE
* &LINE
* &MAXLNGTH
* &OUTPUT
* &PROFILE
* &REM
* &RTNTYPE
* &STCOUNT
* &STLIMIT
* &STNO
* &TRACE
* &TRIM
* &UCASE
* ARB
* BAL
* REM
* FAIL
* FENCE
* ABORT
* ANY('a')
* ANY('ab')
* ANY('')
* NOTANY('a')
* NOTANY('ab')
* NOTANY('')
* SPAN('a')
* SPAN('ab')
* SPAN('')
* BREAK('a')
* BREAK('ab')
* BREAK('')
* BREAKX('a')
* BREAKX('ab')
* BREAKX('')
* POS(0)
* POS(1)
* POS(2)
* RPOS(0)
* RPOS(1)
* RPOS(2)
* LEN(0)
* LEN(1)
* LEN(2)
* TAB(0)
* TAB(1)
* TAB(2)
* RTAB(0)
* RTAB(1)
* RTAB(2)
* ARBNO('a')
* ARBNO(LEN(1))
* ARBNO('a' | 'b')
* FENCE('a')
* FENCE(LEN(1))
* FENCE('a' | 'b')
