PASS arith_basics
PASS div
PASS gdiv
PASS rem
PASS mod
PASS pow
PASS gcd
PASS shift
PASS errors
PASS ar_builtin
PASS eval
PASS hyperbolic
PASS bigint
PASS minint
PASS minint_promotion
PASS maxint
PASS maxint_promotion
PASS round
PASS float_misc
PASS float_overflow
PASS float_zero
PASS float_special
FAIL float_compare
PASS arith_misc
FAIL max_integer_size
PASS moded_int
