(STMT :eq :subj (TT_VAR i) :repl (TT_ILIT 0))
(STMT :lbl _Ltop_0003)
(STMT :subj (TT_FNC LT
  (TT_VAR i)
  (TT_ILIT 10)
) :goF _Lend_0002)
(STMT :go _Lcont_0001)
(STMT :lbl _Lcont_0001)
(STMT :subj (TT_ASSIGN
  (TT_VAR i)
  (TT_ADD
    (TT_VAR i)
    (TT_ILIT 1)
  )
))
(STMT :go _Ltop_0003)
(STMT :lbl _Lend_0002)
