(STMT :eq :subj (TT_VAR _Lswitch_t_0001) :repl (TT_VAR x))
(STMT :subj (TT_FNC IDENT
  (TT_VAR _Lswitch_t_0001)
  (TT_ILIT 1)
) :goS _Lcase_0004)
(STMT :subj (TT_FNC IDENT
  (TT_VAR _Lswitch_t_0001)
  (TT_ILIT 2)
) :goS _Lcase_0005)
(STMT :go _Lend_0002)
(STMT :lbl _Lcase_0004)
(STMT :eq :subj (TT_VAR y) :repl (TT_ILIT 10))
(STMT :go _Lend_0002)
(STMT :lbl _Lcase_0005)
(STMT :eq :subj (TT_VAR y) :repl (TT_ILIT 20))
(STMT :lbl _Lend_0002)
