{------------------------------------------------------------------- 1 chararr1}
hello   
{------------------------------------------------------------------- 2 chararr2}
pascal  
{------------------------------------------------------------------- 3 chararr3}
         0
         0
         1
         1
         2
