{----------------------------------------------------------------------- 1 ptr1}
        42
{----------------------------------------------------------------------- 2 ptr2}
        30
        11        20
{----------------------------------------------------------------------- 3 ptr3}
         1
         2
{----------------------------------------------------------------------- 4 ptr4}
         1
         2
{----------------------------------------------------------------------- 5 ptr5}
        30
        20
        10
{----------------------------------------------------------------------- 6 ptr6}
        99
         1
{----------------------------------------------------------------------- 7 ptr7}
       200
       300
{----------------------------------------------------------------------- 8 ptr8}
        77
         2
