{----------------------------------------------------------------------- 1 rec1}
         7
{----------------------------------------------------------------------- 2 rec2}
        20
        10        20        20
{----------------------------------------------------------------------- 3 rec3}
         2         1
         6
