{----------------------------------------------------------------------- 1 set1}
          4
{----------------------------------------------------------------------- 2 set2}
          4
{----------------------------------------------------------------------- 3 set3}
          0
{----------------------------------------------------------------------- 4 set5}
          3
{----------------------------------------------------------------------- 5 set6}
          2
{----------------------------------------------------------------------- 6 set7}
          2
{----------------------------------------------------------------------- 7 set8}
       1111
