%------------------------------------------------------------ 1 simple_assign_11
(STMT :subj (TT_CHOICE foo/2 (TT_CLAUSE (TT_VAR #0) (TT_VAR #1) (TT_FNC \== (TT_VAR #0) (TT_VAR #1)))))
%------------------------------------------------------------- 2 simple_assign_3
(STMT :subj (TT_CHOICE foo/2 (TT_CLAUSE (TT_VAR #0) (TT_VAR #1) (TT_FNC @>= (TT_VAR #0) (TT_VAR #1)))))
%------------------------------------------------------------- 3 simple_assign_4
(STMT :subj (TT_CHOICE foo/2 (TT_CLAUSE (TT_VAR #0) (TT_VAR #1) (TT_FNC @=< (TT_VAR #0) (TT_VAR #1)))))
%------------------------------------------------------------- 4 simple_assign_6
(STMT :subj (TT_CHOICE foo/2 (TT_CLAUSE (TT_VAR #0) (TT_VAR #1) (TT_FNC >= (TT_VAR #0) (TT_VAR #1)))))
%------------------------------------------------------------- 5 simple_assign_7
(STMT :subj (TT_CHOICE foo/2 (TT_CLAUSE (TT_VAR #0) (TT_VAR #1) (TT_FNC == (TT_VAR #0) (TT_VAR #1)))))
%------------------------------------------------------------- 6 simple_assign_8
(STMT :subj (TT_CHOICE foo/2 (TT_CLAUSE (TT_VAR #0) (TT_VAR #1) (TT_FNC =< (TT_VAR #0) (TT_VAR #1)))))
%------------------------------------------------------------- 7 simple_assign_9
(STMT :subj (TT_CHOICE foo/2 (TT_CLAUSE (TT_VAR #0) (TT_VAR #1) (TT_FNC \= (TT_VAR #0) (TT_VAR #1)))))
%------------------------------------------------------------ 8 simple_program_1
(STMT :subj (TT_CHOICE foo/2 (TT_CLAUSE (TT_VAR #2) (TT_VAR #1) (TT_FNC bar (TT_VAR #3) (TT_VAR #1)))))
%----------------------------------------------------------- 9 simple_program_10
(STMT :subj (TT_CHOICE foo/3 (TT_CLAUSE (TT_VAR #0) (TT_VAR #1) (TT_VAR #2) (TT_FNC is (TT_VAR #2) (TT_FNC \/ (TT_VAR #0) (TT_VAR #1))))))
%---------------------------------------------------------- 10 simple_program_11
(STMT :subj (TT_CHOICE foo/1 (TT_CLAUSE (TT_VAR #0) (TT_FNC is (TT_VAR #0) (TT_FNC ^ (TT_ILIT 2) (TT_ILIT 32))))))
%---------------------------------------------------------- 11 simple_program_12
(STMT :subj (TT_CHOICE foo/1 (TT_CLAUSE (TT_VAR #0) (TT_FNC is (TT_VAR #0) (TT_FNC ^ (TT_ILIT 2) (TT_FNC ^ (TT_ILIT 3) (TT_ILIT 4)))))))
%---------------------------------------------------------- 12 simple_program_13
(STMT :subj (TT_CHOICE foo/3 (TT_CLAUSE (TT_VAR #0) (TT_VAR #1) (TT_VAR #2) (TT_FNC is (TT_VAR #2) (TT_FNC // (TT_VAR #0) (TT_VAR #1))))))
%---------------------------------------------------------- 13 simple_program_14
(STMT :subj (TT_CHOICE foo/1 (TT_CLAUSE (TT_VAR #0) (TT_FNC is (TT_VAR #0) (TT_FNC + (TT_ILIT 1) (TT_ILIT 2))))))
%---------------------------------------------------------- 14 simple_program_15
(STMT :subj (TT_CHOICE foo/1 (TT_CLAUSE (TT_VAR #0) (TT_FNC is (TT_VAR #0) (TT_FNC + (TT_ILIT 1) (TT_FNC * (TT_ILIT 2) (TT_ILIT 3)))))))
%---------------------------------------------------------- 15 simple_program_16
(STMT :subj (TT_CHOICE foo/1 (TT_CLAUSE (TT_VAR #0) (TT_FNC is (TT_VAR #0) (TT_ILIT 1)))))
%---------------------------------------------------------- 16 simple_program_17
(STMT :subj (TT_CHOICE foo/1 (TT_CLAUSE (TT_VAR #0) (TT_FNC is (TT_VAR #0) (TT_FNC * (TT_FNC + (TT_ILIT 1) (TT_ILIT 2)) (TT_ILIT 3))))))
%---------------------------------------------------------- 17 simple_program_18
(STMT :subj (TT_CHOICE foo/1 (TT_CLAUSE (TT_VAR #0) (TT_FNC is (TT_VAR #0) (TT_FNC - (TT_FNC - (TT_ILIT 1) (TT_ILIT 2)) (TT_ILIT 3))))))
%---------------------------------------------------------- 18 simple_program_19
(STMT :subj (TT_CHOICE foo/2 (TT_CLAUSE (TT_VAR #0) (TT_VAR #1) (TT_FNC is (TT_VAR #1) (TT_FNC + (TT_VAR #0) (TT_ILIT 1))))))
%----------------------------------------------------------- 19 simple_program_2
(STMT :subj (TT_CHOICE foo/4 (TT_CLAUSE (TT_VAR #4) (TT_VAR #1) (TT_VAR #5) (TT_VAR #1))))
%---------------------------------------------------------- 20 simple_program_20
(STMT :subj (TT_CHOICE foo/3 (TT_CLAUSE (TT_VAR #0) (TT_VAR #1) (TT_VAR #2) (TT_FNC is (TT_VAR #2) (TT_FNC mod (TT_VAR #0) (TT_VAR #1))))))
%---------------------------------------------------------- 21 simple_program_21
(STMT :subj (TT_CHOICE foo/1 (TT_CLAUSE (TT_VAR #0) (TT_FNC is (TT_VAR #0) (TT_ILIT -1)))))
%---------------------------------------------------------- 22 simple_program_22
(STMT :subj (TT_CHOICE foo/3 (TT_CLAUSE (TT_VAR #0) (TT_VAR #1) (TT_VAR #2) (TT_FNC is (TT_VAR #2) (TT_FNC ** (TT_VAR #0) (TT_VAR #1))))))
%---------------------------------------------------------- 23 simple_program_23
(STMT :subj (TT_CHOICE foo/3 (TT_CLAUSE (TT_VAR #0) (TT_VAR #1) (TT_VAR #2) (TT_FNC is (TT_VAR #2) (TT_FNC rem (TT_VAR #0) (TT_VAR #1))))))
%---------------------------------------------------------- 24 simple_program_24
(STMT :subj (TT_CHOICE foo/3 (TT_CLAUSE (TT_VAR #0) (TT_VAR #1) (TT_VAR #2) (TT_FNC is (TT_VAR #2) (TT_FNC << (TT_VAR #0) (TT_ILIT 2))))))
%---------------------------------------------------------- 25 simple_program_25
(STMT :subj (TT_CHOICE foo/3 (TT_CLAUSE (TT_VAR #0) (TT_VAR #1) (TT_VAR #2) (TT_FNC is (TT_VAR #2) (TT_FNC >> (TT_VAR #0) (TT_ILIT 2))))))
(STMT :subj (TT_CHOICE >>/3
  (TT_CLAUSE
    (TT_VAR #0)
    (TT_VAR #1)
    (TT_VAR #2)
    (TT_FNC copy_term (TT_FNC >> (TT_VAR #0) (TT_VAR #1)) (TT_FNC >> (TT_VAR #3) (TT_VAR #4)))
    (TT_FNC = (TT_VAR #3) (TT_MAKELIST (TT_VAR #2)))
    (TT_FNC call (TT_VAR #4))
  )
))
(STMT :subj (TT_CHOICE >>/4
  (TT_CLAUSE
    (TT_VAR #0)
    (TT_VAR #1)
    (TT_VAR #2)
    (TT_VAR #3)
    (TT_FNC copy_term (TT_FNC >> (TT_VAR #0) (TT_VAR #1)) (TT_FNC >> (TT_VAR #4) (TT_VAR #5)))
    (TT_FNC = (TT_VAR #4) (TT_MAKELIST (TT_VAR #2) (TT_VAR #3)))
    (TT_FNC call (TT_VAR #5))
  )
))
(STMT :subj (TT_CHOICE >>/5
  (TT_CLAUSE
    (TT_VAR #0)
    (TT_VAR #1)
    (TT_VAR #2)
    (TT_VAR #3)
    (TT_VAR #4)
    (TT_FNC copy_term (TT_FNC >> (TT_VAR #0) (TT_VAR #1)) (TT_FNC >> (TT_VAR #5) (TT_VAR #6)))
    (TT_FNC = (TT_VAR #5) (TT_MAKELIST (TT_VAR #2) (TT_VAR #3) (TT_VAR #4)))
    (TT_FNC call (TT_VAR #6))
  )
))
(STMT :subj (TT_CHOICE >>/6
  (TT_CLAUSE
    (TT_VAR #0)
    (TT_VAR #1)
    (TT_VAR #2)
    (TT_VAR #3)
    (TT_VAR #4)
    (TT_VAR #5)
    (TT_FNC copy_term (TT_FNC >> (TT_VAR #0) (TT_VAR #1)) (TT_FNC >> (TT_VAR #6) (TT_VAR #7)))
    (TT_FNC = (TT_VAR #6) (TT_MAKELIST (TT_VAR #2) (TT_VAR #3) (TT_VAR #4) (TT_VAR #5)))
    (TT_FNC call (TT_VAR #7))
  )
))
%---------------------------------------------------------- 26 simple_program_26
(STMT :subj (TT_CHOICE foo/3 (TT_CLAUSE (TT_VAR #0) (TT_VAR #1) (TT_VAR #2) (TT_FNC is (TT_VAR #2) (TT_FNC xor (TT_VAR #0) (TT_VAR #1))))))
%---------------------------------------------------------- 27 simple_program_27
(STMT :subj (TT_CHOICE foo/0 (TT_CLAUSE)))
%---------------------------------------------------------- 28 simple_program_28
(STMT :subj (TT_CHOICE hi/0 (TT_CLAUSE)))
%---------------------------------------------------------- 29 simple_program_29
(STMT :subj (TT_CHOICE foo/0 (TT_CLAUSE (TT_FNC is (TT_VAR #0) (TT_FNC + (TT_ILIT 97) (TT_ILIT 1))))))
%----------------------------------------------------------- 30 simple_program_3
(STMT :subj (TT_CHOICE foo/2 (TT_CLAUSE (TT_VAR #0) (TT_VAR #0))))
%---------------------------------------------------------- 31 simple_program_30
(STMT :subj (TT_CHOICE foo/1 (TT_CLAUSE (TT_ILIT 48))))
%---------------------------------------------------------- 32 simple_program_31
(STMT :subj (TT_CHOICE foo/1 (TT_CLAUSE (TT_ILIT 97))))
%---------------------------------------------------------- 33 simple_program_32
(STMT :subj (TT_CHOICE foo/1 (TT_CLAUSE (TT_ILIT 32))))
%---------------------------------------------------------- 34 simple_program_33
(STMT :subj (TT_CHOICE foo/1 (TT_CLAUSE (TT_ILIT 65))))
%---------------------------------------------------------- 35 simple_program_34
(STMT :subj (TT_CHOICE foo/2 (TT_CLAUSE (TT_VAR #0) (TT_VAR #1) (TT_FNC @> (TT_VAR #0) (TT_VAR #1)))))
%---------------------------------------------------------- 36 simple_program_35
(STMT :subj (TT_CHOICE foo/2 (TT_CLAUSE (TT_VAR #0) (TT_VAR #1) (TT_FNC @< (TT_VAR #0) (TT_VAR #1)))))
%---------------------------------------------------------- 37 simple_program_36
(STMT :subj (TT_CHOICE foo/2 (TT_CLAUSE (TT_VAR #0) (TT_VAR #1) (TT_FNC > (TT_VAR #0) (TT_VAR #1)))))
%---------------------------------------------------------- 38 simple_program_37
(STMT :subj (TT_CHOICE foo/2 (TT_CLAUSE (TT_VAR #0) (TT_VAR #1) (TT_FNC < (TT_VAR #0) (TT_VAR #1)))))
%---------------------------------------------------------- 39 simple_program_38
(STMT :subj (TT_CHOICE foo/1 (TT_CLAUSE (TT_QLIT "bar"))))
%---------------------------------------------------------- 40 simple_program_39
(STMT :subj (TT_CHOICE foo/2 (TT_CLAUSE (TT_QLIT "a") (TT_QLIT "b"))))
%----------------------------------------------------------- 41 simple_program_4
(STMT :subj (TT_CHOICE foo/2 (TT_CLAUSE (TT_VAR #0) (TT_VAR #1))))
%---------------------------------------------------------- 42 simple_program_40
(STMT :subj (TT_CHOICE point/3 (TT_CLAUSE (TT_QLIT "a") (TT_QLIT "b") (TT_QLIT "c"))))
%---------------------------------------------------------- 43 simple_program_41
(STMT :subj (TT_CHOICE age/1 (TT_CLAUSE (TT_ILIT 42))))
%---------------------------------------------------------- 44 simple_program_42
(STMT :subj (TT_CHOICE point/3 (TT_CLAUSE (TT_ILIT 3) (TT_VAR #1) (TT_QLIT "name"))))
%---------------------------------------------------------- 45 simple_program_44
(STMT :subj (TT_CHOICE foo/1 (TT_CLAUSE (TT_FNC bar (TT_QLIT "a")))))
%---------------------------------------------------------- 46 simple_program_45
(STMT :subj (TT_CHOICE foo/2 (TT_CLAUSE (TT_FNC bar (TT_QLIT "a")) (TT_FNC baz (TT_QLIT "b") (TT_QLIT "c")))))
%---------------------------------------------------------- 47 simple_program_46
(STMT :subj (TT_CHOICE foo/1 (TT_CLAUSE (TT_VAR #0))))
%---------------------------------------------------------- 48 simple_program_47
(STMT :subj (TT_CHOICE foo/0 (TT_CLAUSE (TT_FNC ; (TT_FNC , (TT_QLIT "a") (TT_QLIT "b")) (TT_QLIT "c")))))
%---------------------------------------------------------- 49 simple_program_48
(STMT :subj (TT_CHOICE foo/0 (TT_CLAUSE (TT_QLIT "a") (TT_QLIT "b") (TT_QLIT "c"))))
%---------------------------------------------------------- 50 simple_program_49
(STMT :subj (TT_CHOICE foo/0 (TT_CLAUSE (TT_QLIT "a") (TT_QLIT "b"))))
%----------------------------------------------------------- 51 simple_program_5
(STMT :subj (TT_CHOICE foo/1 (TT_CLAUSE (TT_VAR #1))))
%---------------------------------------------------------- 52 simple_program_50
(STMT :subj (TT_CHOICE foo/1 (TT_CLAUSE (TT_VAR #0) (TT_FNC ; (TT_FNC bar (TT_VAR #0)) (TT_FNC baz (TT_VAR #0))))))
%---------------------------------------------------------- 53 simple_program_51
(STMT :subj (TT_CHOICE foo/0 (TT_CLAUSE (TT_FNC ; (TT_QLIT "a") (TT_FNC ; (TT_QLIT "b") (TT_QLIT "c"))))))
%---------------------------------------------------------- 54 simple_program_52
(STMT :subj (TT_CHOICE foo/0 (TT_CLAUSE (TT_FNC ; (TT_QLIT "a") (TT_QLIT "b")))))
%---------------------------------------------------------- 55 simple_program_53
(STMT :subj (TT_CHOICE foo/0 (TT_CLAUSE (TT_FNC is (TT_VAR #0) (TT_FNC + (TT_FLIT 1.5) (TT_FLIT 2))))))
%---------------------------------------------------------- 56 simple_program_54
(STMT :subj (TT_CHOICE foo/1 (TT_CLAUSE (TT_FLIT 1))))
%---------------------------------------------------------- 57 simple_program_55
(STMT :subj (TT_CHOICE foo/1 (TT_CLAUSE (TT_FLIT -3.14))))
%---------------------------------------------------------- 58 simple_program_56
(STMT :subj (TT_CHOICE foo/1 (TT_CLAUSE (TT_FLIT 3.14))))
%---------------------------------------------------------- 59 simple_program_57
(STMT :subj (TT_CHOICE foo/2
  (TT_CLAUSE
    (TT_VAR #0)
    (TT_VAR #1)
    (TT_IF (TT_QLIT "a") (TT_IF (TT_FNC , (TT_QLIT "b") (TT_QLIT "c")) (TT_QLIT "d") (TT_QLIT "fail")) (TT_QLIT "fail"))
  )
))
%---------------------------------------------------------- 60 simple_program_58
(STMT :subj (TT_CHOICE foo/1 (TT_CLAUSE (TT_VAR #0) (TT_IF (TT_VAR #0) (TT_QLIT "a") (TT_QLIT "fail")))))
%---------------------------------------------------------- 61 simple_program_59
(STMT :subj (TT_CHOICE foo/1 (TT_CLAUSE (TT_MAKELIST))))
%----------------------------------------------------------- 62 simple_program_6
(STMT :subj (TT_CHOICE foo/2 (TT_CLAUSE (TT_VAR #2) (TT_VAR #3))))
%---------------------------------------------------------- 63 simple_program_60
(STMT :subj (TT_CHOICE foo/1 (TT_CLAUSE (TT_MAKELIST (TT_MAKELIST (TT_QLIT "a") (TT_QLIT "b")) (TT_MAKELIST (TT_QLIT "c") (TT_QLIT "d"))))))
%---------------------------------------------------------- 64 simple_program_61
(STMT :subj (TT_CHOICE foo/1 (TT_CLAUSE (TT_MAKELIST (TT_QLIT "a")))))
%---------------------------------------------------------- 65 simple_program_62
(STMT :subj (TT_CHOICE foo/1 (TT_CLAUSE (TT_MAKELIST (TT_FNC / (TT_QLIT "member") (TT_ILIT 2)) (TT_FNC / (TT_QLIT "append") (TT_ILIT 3))))))
(STMT :subj (TT_CHOICE member/2
  (TT_CLAUSE (TT_VAR #0) (TT_MAKELIST (TT_VAR #0) (TT_VAR #2)))
  (TT_CLAUSE (TT_VAR #0) (TT_MAKELIST (TT_VAR #2) (TT_VAR #3)) (TT_FNC member (TT_VAR #0) (TT_VAR #3)))
))
(STMT :subj (TT_CHOICE append/3
  (TT_CLAUSE (TT_MAKELIST) (TT_VAR #1) (TT_VAR #1))
  (TT_CLAUSE (TT_MAKELIST (TT_VAR #3) (TT_VAR #4)) (TT_VAR #1) (TT_MAKELIST (TT_VAR #3) (TT_VAR #5)) (TT_FNC append (TT_VAR #4) (TT_VAR #1) (TT_VAR #5)))
))
%---------------------------------------------------------- 66 simple_program_63
(STMT :subj (TT_CHOICE foo/1 (TT_CLAUSE (TT_MAKELIST (TT_QLIT "a") (TT_QLIT "b") (TT_QLIT "c")))))
%---------------------------------------------------------- 67 simple_program_64
(STMT :subj (TT_CHOICE foo/1 (TT_CLAUSE (TT_MAKELIST (TT_VAR #1) (TT_VAR #2)))))
%----------------------------------------------------------- 68 simple_program_7
(STMT :subj (TT_CHOICE foo/3 (TT_CLAUSE (TT_VAR #0) (TT_VAR #1) (TT_VAR #2) (TT_FNC is (TT_VAR #2) (TT_FNC /\ (TT_VAR #0) (TT_VAR #1))))))
%---------------------------------------------------------- 69 simple_program_70
(STMT :subj (TT_CHOICE foo/0 (TT_CLAUSE (TT_FNC : (TT_QLIT "lists") (TT_FNC member (TT_VAR #0) (TT_MAKELIST (TT_ILIT 1) (TT_ILIT 2) (TT_ILIT 3)))))))
(STMT :subj (TT_CHOICE member/2
  (TT_CLAUSE (TT_VAR #0) (TT_MAKELIST (TT_VAR #0) (TT_VAR #2)))
  (TT_CLAUSE (TT_VAR #0) (TT_MAKELIST (TT_VAR #2) (TT_VAR #3)) (TT_FNC member (TT_VAR #0) (TT_VAR #3)))
))
%---------------------------------------------------------- 70 simple_program_71
(STMT :subj (TT_CHOICE foo/0 (TT_CLAUSE (TT_FNC not (TT_QLIT "bar")))))
%---------------------------------------------------------- 71 simple_program_73
(STMT :subj (TT_CHOICE foo/1 (TT_CLAUSE (TT_FNC bar (TT_QLIT "a") (TT_FNC baz (TT_QLIT "b"))))))
%---------------------------------------------------------- 72 simple_program_74
(STMT :subj (TT_CHOICE foo/0 (TT_CLAUSE (TT_QLIT "a") (TT_QLIT "b") (TT_QLIT "c") (TT_QLIT "d"))))
%---------------------------------------------------------- 73 simple_program_75
(STMT :subj (TT_CHOICE foo/0 (TT_CLAUSE (TT_FNC ; (TT_QLIT "a") (TT_QLIT "b")) (TT_QLIT "c"))))
%---------------------------------------------------------- 74 simple_program_76
(STMT :subj (TT_CHOICE foo/0 (TT_CLAUSE (TT_FNC ; (TT_FNC , (TT_QLIT "a") (TT_QLIT "b")) (TT_QLIT "c")))))
%---------------------------------------------------------- 75 simple_program_77
(STMT :subj (TT_CHOICE foo/0 (TT_CLAUSE (TT_FNC ; (TT_QLIT "a") (TT_FNC , (TT_QLIT "b") (TT_QLIT "c"))))))
%---------------------------------------------------------- 76 simple_program_78
(STMT :subj (TT_CHOICE foo/0 (TT_CLAUSE (TT_FNC ; (TT_QLIT "a") (TT_FNC , (TT_QLIT "b") (TT_QLIT "c"))) (TT_QLIT "d"))))
%---------------------------------------------------------- 77 simple_program_79
(STMT :subj (TT_CHOICE foo/1 (TT_CLAUSE (TT_QLIT ""))))
%----------------------------------------------------------- 78 simple_program_8
(STMT :subj (TT_CHOICE foo/2 (TT_CLAUSE (TT_VAR #0) (TT_VAR #1) (TT_FNC is (TT_VAR #2) (TT_FNC \ (TT_VAR #0))))))
%---------------------------------------------------------- 79 simple_program_80
(STMT :subj (TT_CHOICE foo/1 (TT_CLAUSE (TT_ILIT 10))))
%---------------------------------------------------------- 80 simple_program_81
(STMT :subj (TT_CHOICE foo/1 (TT_CLAUSE (TT_ILIT 255))))
%---------------------------------------------------------- 81 simple_program_82
(STMT :subj (TT_CHOICE foo/1 (TT_CLAUSE (TT_ILIT 15))))
%---------------------------------------------------------- 82 simple_program_83
(STMT :subj (TT_CHOICE foo/0 (TT_CLAUSE (TT_QLIT "bar"))))
%---------------------------------------------------------- 83 simple_program_85
(STMT :subj (TT_CHOICE even/1 (TT_CLAUSE (TT_ILIT 0) (TT_QLIT "true"))))
%---------------------------------------------------------- 84 simple_program_86
(STMT :subj (TT_CHOICE record/3 (TT_CLAUSE (TT_ILIT 3) (TT_VAR #1) (TT_QLIT "name") (TT_FNC log (TT_VAR #1)))))
%---------------------------------------------------------- 85 simple_program_87
(STMT :subj (TT_CHOICE twice/2 (TT_CLAUSE (TT_VAR #0) (TT_VAR #1) (TT_FNC plus (TT_VAR #0) (TT_VAR #0)))))
%---------------------------------------------------------- 86 simple_program_88
(STMT :subj (TT_CHOICE foo/1 (TT_CLAUSE (TT_VAR #0) (TT_FNC bar (TT_VAR #0)))))
%----------------------------------------------------------- 87 simple_program_9
(STMT :subj (TT_CHOICE foo/2 (TT_CLAUSE (TT_VAR #0) (TT_VAR #1) (TT_FNC is (TT_VAR #0) (TT_FNC \ (TT_VAR #1))))))
%---------------------------------------------------------- 88 simple_program_65
(STMT :subj (TT_CHOICE foo/1 (TT_CLAUSE (TT_VAR #0) (TT_FNC bar (TT_VAR #0))) (TT_CLAUSE (TT_QLIT "a"))))
%---------------------------------------------------------- 89 simple_program_66
(STMT :subj (TT_CHOICE foo/1 (TT_CLAUSE (TT_VAR #0) (TT_FNC bar (TT_VAR #0))) (TT_CLAUSE (TT_VAR #0) (TT_FNC baz (TT_VAR #0)))))
%---------------------------------------------------------- 90 simple_program_68
(STMT :subj (TT_CHOICE foo/1 (TT_CLAUSE (TT_QLIT "a")) (TT_CLAUSE (TT_QLIT "b"))))
%---------------------------------------------------------- 91 simple_program_89
(STMT :subj (TT_CHOICE foo/1 (TT_CLAUSE (TT_VAR #0) (TT_FNC bar (TT_VAR #0)))))
(STMT :subj (TT_CHOICE bar/1 (TT_CLAUSE (TT_QLIT "a"))))
%---------------------------------------------------------- 92 simple_program_43
(STMT :subj (TT_CHOICE foo/1 (TT_CLAUSE (TT_QLIT "a"))))
(STMT :subj (TT_CHOICE bar/2 (TT_CLAUSE (TT_QLIT "b") (TT_QLIT "c"))))
(STMT :subj (TT_CHOICE baz/0 (TT_CLAUSE)))
%---------------------------------------------------------- 93 simple_program_67
(STMT :subj (TT_CHOICE foo/1 (TT_CLAUSE (TT_QLIT "a")) (TT_CLAUSE (TT_QLIT "b")) (TT_CLAUSE (TT_QLIT "c"))))
%---------------------------------------------------------- 94 simple_program_69
(STMT :subj (TT_CHOICE foo/1 (TT_CLAUSE (TT_QLIT "a")) (TT_CLAUSE (TT_QLIT "c"))))
(STMT :subj (TT_CHOICE bar/1 (TT_CLAUSE (TT_QLIT "b"))))
%---------------------------------------------------------------------- 95 cut_1
(STMT :subj (TT_CHOICE foo/0 (TT_CLAUSE (TT_CUT))))
%---------------------------------------------------------------------- 96 cut_2
(STMT :subj (TT_CHOICE foo/0 (TT_CLAUSE (TT_QLIT "a") (TT_CUT) (TT_QLIT "b"))))
%---------------------------------------------------------------------- 97 dcg_1
(STMT :subj (TT_CHOICE a/2 (TT_CLAUSE (TT_VAR #0) (TT_VAR #1) (TT_FNC b (TT_VAR #0) (TT_VAR #2)) (TT_FNC c (TT_VAR #2) (TT_VAR #3)) (TT_FNC d (TT_VAR #3) (TT_VAR #1)))))
%---------------------------------------------------------------------- 98 dcg_2
(STMT :subj (TT_CHOICE a/2 (TT_CLAUSE (TT_VAR #0) (TT_VAR #1) (TT_UNIFY (TT_VAR #0) (TT_VAR #1)))))
%---------------------------------------------------------------------- 99 dcg_3
(STMT :subj (TT_CHOICE a/2
  (TT_CLAUSE (TT_VAR #0) (TT_VAR #1) (TT_FNC b (TT_VAR #0) (TT_VAR #2)) (TT_FNC c) (TT_UNIFY (TT_VAR #2) (TT_VAR #3)) (TT_FNC d (TT_VAR #3) (TT_VAR #1)))
))
%--------------------------------------------------------------------- 100 dcg_4
(STMT :subj (TT_CHOICE a/2
  (TT_CLAUSE
    (TT_VAR #0)
    (TT_VAR #1)
    (TT_UNIFY (TT_VAR #0) (TT_FNC . (TT_FNC x) (TT_VAR #2)))
    (TT_FNC b (TT_VAR #2) (TT_VAR #3))
    (TT_UNIFY (TT_VAR #3) (TT_FNC . (TT_FNC y) (TT_VAR #1)))
  )
))
%--------------------------------------------------------------------- 101 dcg_5
(STMT :subj (TT_CHOICE np/3 (TT_CLAUSE (TT_VAR #0) (TT_VAR #1) (TT_VAR #2) (TT_FNC det (TT_VAR #0) (TT_VAR #1) (TT_VAR #3)) (TT_FNC noun (TT_VAR #0) (TT_VAR #3) (TT_VAR #2)))))
%--------------------------------------------------------------------- 102 dcg_6
(STMT :subj (TT_CHOICE sentence/2 (TT_CLAUSE (TT_VAR #0) (TT_VAR #1) (TT_FNC noun_phrase (TT_VAR #0) (TT_VAR #2)) (TT_FNC verb_phrase (TT_VAR #2) (TT_VAR #1)))))
%--------------------------------------------------------------------- 103 dcg_7
(STMT :subj (TT_CHOICE greeting/2 (TT_CLAUSE (TT_VAR #0) (TT_VAR #1) (TT_UNIFY (TT_VAR #0) (TT_FNC . (TT_FNC hello) (TT_VAR #1))))))
%--------------------------------------------------------------------- 104 dcg_8
(STMT :subj (TT_CHOICE a/2 (TT_CLAUSE (TT_VAR #0) (TT_VAR #1) (TT_UNIFY (TT_VAR #0) (TT_FNC . (TT_FNC x) (TT_FNC . (TT_FNC y) (TT_VAR #1)))))))
%--------------------------------------------------------------- 105 directive_2
(STMT :subj (TT_FNC is (TT_VAR X) (TT_FNC + (TT_ILIT 1) (TT_ILIT 2))))
%--------------------------------------------------------------- 106 directive_3
(STMT :subj (TT_QLIT "foo"))
%--------------------------------------------------------------- 107 directive_4
(STMT :subj (TT_FNC foo (TT_QLIT "a")))
%--------------------------------------------------------------- 108 directive_5
(STMT :subj (TT_FNC , (TT_QLIT "foo") (TT_QLIT "bar")))
%--------------------------------------------------------------- 109 directive_6
(STMT :subj (TT_FNC ; (TT_QLIT "foo") (TT_QLIT "bar")))
%--------------------------------------------------------------- 110 directive_7
(STMT :subj (TT_FNC discontiguous (TT_FNC / (TT_QLIT "bar") (TT_ILIT 2))))
%--------------------------------------------------------------- 111 directive_8
(STMT :subj (TT_FNC dynamic (TT_FNC / (TT_QLIT "foo") (TT_ILIT 1))))
%--------------------------------------------------------------- 112 directive_9
(STMT :subj (TT_FNC multifile (TT_FNC / (TT_QLIT "foo") (TT_ILIT 1))))
%----------------------------------------------------------------- 113 functor_1
(STMT :subj (TT_CHOICE foo/0 (TT_CLAUSE (TT_FNC functor (TT_FNC foo (TT_QLIT "a")) (TT_VAR #0) (TT_VAR #1)))))
%--------------------------------------------------------------------- 114 ite_1
(STMT :subj (TT_CHOICE foo/0 (TT_CLAUSE (TT_IF (TT_QLIT "a") (TT_QLIT "b") (TT_QLIT "c")))))
%--------------------------------------------------------------------- 115 ite_2
(STMT :subj (TT_CHOICE foo/0 (TT_CLAUSE (TT_FNC ; (TT_QLIT "a") (TT_IF (TT_QLIT "b") (TT_QLIT "c") (TT_QLIT "fail"))))))
%--------------------------------------------------------------------- 116 ite_3
(STMT :subj (TT_CHOICE foo/3 (TT_CLAUSE (TT_VAR #0) (TT_VAR #1) (TT_VAR #2) (TT_IF (TT_VAR #0) (TT_VAR #1) (TT_VAR #2)))))
%-------------------------------------------------------------------- 117 list_1
(STMT :subj (TT_CHOICE foo/1 (TT_CLAUSE (TT_MAKELIST (TT_VAR #1) (TT_VAR #2)))))
%-------------------------------------------------------------------- 118 list_2
(STMT :subj (TT_CHOICE foo/1 (TT_CLAUSE (TT_MAKELIST (TT_QLIT "a") (TT_QLIT "b") (TT_VAR #1)))))
%--------------------------------------------------------------------- 119 naf_1
(STMT :subj (TT_CHOICE foo/0 (TT_CLAUSE (TT_FNC \+ (TT_QLIT "bar")))))
%--------------------------------------------------------------------- 120 naf_2
(STMT :subj (TT_CHOICE foo/0 (TT_CLAUSE (TT_FNC \+ (TT_FNC bar (TT_VAR #0))))))
%----------------------------------------------------------- 121 simple_assign_1
(STMT :subj (TT_CHOICE foo/1 (TT_CLAUSE (TT_VAR #0) (TT_FNC = (TT_VAR #0) (TT_ILIT 5)))))
%---------------------------------------------------------- 122 simple_assign_10
(STMT :subj (TT_CHOICE foo/2 (TT_CLAUSE (TT_VAR #0) (TT_VAR #1) (TT_FNC =\= (TT_VAR #0) (TT_VAR #1)))))
%---------------------------------------------------------- 123 simple_assign_12
(STMT :subj (TT_CHOICE foo/1 (TT_CLAUSE (TT_VAR #0) (TT_FNC = (TT_VAR #0) (TT_FNC : (TT_QLIT "a") (TT_QLIT "b"))))))
%----------------------------------------------------------- 124 simple_assign_2
(STMT :subj (TT_CHOICE foo/1 (TT_CLAUSE (TT_VAR #0) (TT_FNC = (TT_VAR #0) (TT_FNC + (TT_ILIT 1) (TT_ILIT 2))))))
%----------------------------------------------------------- 125 simple_assign_5
(STMT :subj (TT_CHOICE foo/2 (TT_CLAUSE (TT_VAR #0) (TT_VAR #1) (TT_FNC =:= (TT_VAR #0) (TT_VAR #1)))))
%--------------------------------------------------------- 126 simple_program_72
(STMT :subj (TT_CHOICE foo/0 (TT_CLAUSE (TT_FNC arg (TT_ILIT 1) (TT_FNC foo (TT_QLIT "a") (TT_QLIT "b")) (TT_VAR #0)))))
%--------------------------------------------------------- 127 simple_program_84
(STMT :subj (TT_CHOICE greet/0 (TT_CLAUSE (TT_FNC write (TT_QLIT "hello")))))
%-------------------------------------------------------------- 128 directive_10
(STMT :subj (TT_QLIT "foo"))
(STMT :subj (TT_CHOICE bar/0 (TT_CLAUSE (TT_QLIT "baz"))))
%---------------------------------------------------- 129 write_family_writeln_1
hello
%----------------------------------------------------------------- 130 dcg_cut_1
(STMT :subj (TT_CHOICE a/2
  (TT_CLAUSE (TT_VAR #0) (TT_VAR #1) (TT_FNC b (TT_VAR #0) (TT_VAR #2)) (TT_CUT) (TT_UNIFY (TT_VAR #2) (TT_VAR #3)) (TT_FNC c (TT_VAR #3) (TT_VAR #1)))
))
%----------------------------------------------------------------- 131 dcg_ite_1
(STMT :subj (TT_CHOICE a/2 (TT_CLAUSE (TT_VAR #0) (TT_VAR #1) (TT_FNC ; (TT_FNC b (TT_VAR #0) (TT_VAR #1)) (TT_FNC c (TT_VAR #0) (TT_VAR #1))))))
%------------------------------------------------------------ 132 op_directive_1
(STMT :subj (TT_FNC op (TT_ILIT 700) (TT_QLIT "xfx") (TT_QLIT "===")))
%-------------------------------------------------------------------- 133 univ_1
(STMT :subj (TT_CHOICE foo/0 (TT_CLAUSE (TT_FNC =.. (TT_FNC foo (TT_QLIT "a") (TT_QLIT "b")) (TT_VAR #0)))))
%-------------------------------------------------------------------- 134 univ_2
(STMT :subj (TT_CHOICE foo/0 (TT_CLAUSE (TT_FNC =.. (TT_VAR #0) (TT_MAKELIST (TT_QLIT "f") (TT_ILIT 1) (TT_ILIT 2))))))
%-------------------------------------------------------------- 135 directive_32
hello
42
%-------------------------------------------------------- 136 format_directive_1
hello
%-------------------------------------------------------- 137 format_directive_2
hello world
%-------------------------------------------------------- 138 format_directive_3
count: 7
%-------------------------------------------------------- 139 format_directive_4
skip ok
%--------------------------------------------------- 140 write_family_format_2_1
a-b
%------------------------------------------------------ 141 write_family_print_1
'needs quotes'
%--------------------------------------------------- 142 write_family_put_char_1
x
%-------------------------------------------------------------- 143 directive_11
(STMT :subj (TT_FNC write (TT_QLIT "starting")))
(STMT :subj (TT_CHOICE foo/1 (TT_CLAUSE (TT_QLIT "a")) (TT_CLAUSE (TT_QLIT "b"))))
%-------------------------------------------------------- 144 format_directive_6
'hello world'
it's|'it''s'
3.141590e+00
3.14
3.14159
ff
1010
A
***
hi
42
%------------------------------------------------- 145 dg_plain_directive_runs_1
ran
%---------------------------------------------------------- 146 arith_eval_abs_1
5
%---------------------------------------------------------- 147 arith_eval_add_1
5
%---------------------------------------------------- 148 arith_eval_float_div_1
3.5
%------------------------------------------------------ 149 arith_eval_int_div_1
3
%------------------------------------------------------ 150 arith_eval_min_max_1
3-7
%---------------------------------------------------------- 151 arith_eval_mod_1
2
%---------------------------------------------------------- 152 arith_eval_mul_1
12
%-------------------------------------------- 153 arith_eval_nested_expression_1
15
%-------------------------------------------------------- 154 arith_eval_power_1
1024
%---------------------------------------------------------- 155 arith_eval_rem_1
-1
%---------------------------------------------------------- 156 arith_eval_sub_1
2
%----------------------------------------------------- 157 atom_ops_atom_chars_1
[a,b,c]
%----------------------------------------------------- 158 atom_ops_atom_codes_1
[97,98,99]
%---------------------------------------------------- 159 atom_ops_atom_concat_1
foobar
%---------------------------------------------------- 160 atom_ops_atom_length_1
5
%---------------------------------------------------- 161 atom_ops_atom_number_1
42
%---------------------------------------------------- 162 atom_ops_atom_string_1
foo
%------------------------------------------------------ 163 atom_ops_char_code_1
97
%--------------------------------------------------- 164 atom_ops_number_codes_1
[52,50]
%------------------------------------------------------ 165 atomconv_directive_1
[97,98,99]
[a,b,c]
5
foobar
42
17
97
%---------------------------------------------- 166 dg_failing_directive_warns_1
after
%-------------------------------------------------------------- 167 directive_24
foo
0
%-------------------------------------------------------------- 168 directive_25
f(A,B,A)
2
%-------------------------------------------------------------- 169 directive_26
[A,B,C]
3
%-------------------------------------------------------------- 170 directive_27
f(Z,A1)
27
%-------------------------------------------------------------- 171 directive_28
f(D,E)
5
%-------------------------------------------------------------- 172 directive_29
7
%-------------------------------------------------------------- 173 directive_39
7
3
%-------------------------------------------------------------- 174 directive_40
1024
27
%-------------------------------------------------------------- 175 directive_41
-1
0
1
%-------------------------------------------------------------- 176 directive_42
7
4
%-------------------------------------------------------------- 177 directive_43
hello
%-------------------------------------------------------------- 178 directive_44
f(1,2)
%-------------------------------------------------------------- 179 directive_45
42
%-------------------------------------------------------------- 180 directive_46
hello
%-------------------------------------------------------------- 181 directive_47
42
%-------------------------------------------------------------- 182 directive_53
97
%-------------------------------------------------------------- 183 directive_54
A
%-------------------------------------------------------------- 184 directive_55
[4,2]
%-------------------------------------------------------------- 185 directive_56
[52,50]
%-------------------------------------------------------------- 186 directive_82
hello_world
%--------------------------------------------------- 187 disjunction_left_only_1
left
%------------------------------------------ 188 disjunction_nested_disjunction_1
inner
%-------------------------------------------------- 189 disjunction_right_only_1
right
%-------------------------------------------------------- 190 format_directive_5
x = 42
%--------------------------------------------- 191 global_vars_b_setval_getval_1
on
%-------------------------------- 192 global_vars_b_setval_trails_on_backtrack_1
1
%-------------------------------------------- 193 global_vars_nb_setval_getval_1
5
%---------------------------------------------------------- 194 init_directive_1
initialized
%---------------------------------------------------------------------- 195 nl_1
a
b
%---------------------------------------------------------- 196 read_directive_1
end_of_file
end_of_file
%----------------------------------------------------------- 197 streams_close_1
closed
%-------------------------------------------------- 198 streams_current_output_1
probe
ok
%-------------------------------------------------------- 199 streams_get_char_1
abend_of_file
%------------------------------------------------------- 200 streams_open_read_1
data(42)
%------------------------------------------------------ 201 streams_open_write_1
ok
%------------------------------------------------------- 202 streams_peek_char_1
xxx
%----------------------------------------- 203 streams_read_term_empty_options_1
opts(a,b)
%------------------------------------------------------- 204 streams_set_input_1
sentinel(9)
%------------------------------------------------------ 205 streams_set_output_1
back
redirected
%---------------------------------------------------- 206 streams_stream_alias_1
visible
done
%-------------------------------------------- 207 sub_atom_fixed_before_length_1
hel
%--------------------------------------------------------- 208 sub_atom_prefix_1
he
%--------------------------------------------------------- 209 sub_atom_suffix_1
lo
%-------------------------------------------------- 210 term_compare_compare_3_1
<
%-------------------------------------------------- 211 term_compare_keysort_2_1
[a-1,a-3,b-2]
%---------------------------------------------------- 212 term_compare_msort_2_1
[1,1,2,3]
%----------------------------------------------------- 213 term_compare_sort_2_1
[1,2,3]
%-------------------------------------------------------------- 214 write_atom_1
some_atom
%----------------------------------------------- 215 write_canonical_directive_4
+(1,2)
%----------------------------------------------- 216 write_canonical_directive_5
[a,b]
%--------------------------------------------------------- 217 write_family_nl_1
a
b
%-------------------------------------------------------- 218 write_family_tab_1
a   b
%------------------------------------------------------ 219 write_family_write_1
hello
%-------------------------------------------- 220 write_family_write_canonical_1
+(1,2)
%----------------------------------------------------- 221 write_family_writeq_1
'needs quotes'
%-------------------------------------------------------- 222 writeq_directive_3
'hello world'
foo
%-------------------------------------------------------- 223 writeq_directive_4
f(a,'Hello')
%---------------------------------------------- 224 declarations_ensure_loaded_1
loaded
%------------------------------------------------- 225 declarations_use_module_1
loaded
%--------------------------------------------- 226 determinism_nondet_reported_1
123
%-------------------------------------- 227 dg_directive_before_initialization_1
immediate
deferred
%-------------------------------------------------------------- 228 directive_12
a
%-------------------------------------------------------------- 229 directive_30
A
z
%-------------------------------------------------------------- 230 directive_31
a
B
%-------------------------------------------------------------- 231 directive_66
foobarbaz
%-------------------------------------------------------------- 232 directive_83
a
%----------------------------------------------- 233 disjunction_both_branches_1
leftright
%------------------------------------------------ 234 disjunction_in_rule_body_1
beforeafter
%-------------------------------------------------- 235 fact_anonymous_var_arg_1
2
%-------------------------------------------------------- 236 fact_integer_arg_1
42
%------------------------------------------------- 237 fact_nested_functor_arg_1
1+2
%------------------------------------------------------- 238 fact_one_arg_atom_1
red
%--------------------------------------------------------- 239 fact_string_arg_1
hello
%----------------------------------------------------------- 240 fact_two_args_1
a-b
%--------------------------------------------------------- 241 fact_zero_arity_1
yes
%-------------------------------------------- 242 global_vars_prolog_flag_read_1
initial
%--------------------------------------------- 243 global_vars_prolog_flag_set_1
changed
%----------------------------------------------------- 244 rule_body_two_goals_1
ab
%----------------------------------------------- 245 rule_head_var_passthrough_1
passed
%-------------------------------------------------- 246 rule_head_var_repeated_1
matched
%--------------------------------------------------- 247 rule_single_goal_body_1
hi
%----------------------------------------- 248 rung01_rule_with_program_skeleton
ready
%---------------------------------------------- 249 rung03_disjunction_with_rule
axb
%------------------------------------------------------ 250 sub_atom_directive_1
0-a
1-b
2-c
done
%----------------------------------------------------- 251 zero_arity_dispatch_1
right
%-------------------------------- 252 clause_choice_two_clauses_distinct_heads_1
meow
%-------------------------------------------------------------- 253 directive_13
a
%-------------------------------------------------------------- 254 directive_16
hello
%-------------------------------------------------------------- 255 directive_35
1024
27
%-------------------------------------------------------------- 256 directive_36
16
32
%-------------------------------------------------------------- 257 directive_49
42
99
%-------------------------------------------------------------- 258 directive_51
foobar
hello world
%-------------------------------------------------------------- 259 directive_52
5
5
%-------------------------------------------------------------- 260 directive_57
HELLO
hello
%-------------------------------------------------------------- 261 directive_58
point(3,4)
42
%-------------------------------------------------------------- 262 directive_60
1+2
f(a,b,c)
%-------------------------------------------------------------- 263 directive_61
helloworld
123
%-------------------------------------------------------------- 264 directive_62
hello beautiful world
a-b-c
%-------------------------------------------------------------- 265 directive_63
hello
world
%-------------------------------------------------------------- 266 directive_64
helloworld
123
%-------------------------------------------------------------- 267 directive_65
hello beautiful world
a-b-c
%-------------------------------------------------------------- 268 directive_67
hello
world
%-------------------------------------------------------------- 269 directive_73
3.141592653589793
2.718281828459045
%-------------------------------------------------------------- 270 directive_77
4
25
%-------------------------------------------------------------- 271 directive_85
a
b
%-------------------------------------------------------------- 272 directive_86
hello(world)
second(1)

xx
y
%------------------------------------------------- 273 ofi_once_first_solution_1
1
%---------------------------------------------------- 274 rule_body_calls_fact_1
red
%------------------------------------- 275 rung03_disjunction_with_clause_choice
left
only
%----------------------------------------------- 276 write_canonical_directive_2
f(a,b)
g(1,2,3)
%----------------------------------------------- 277 write_canonical_directive_3
+(1,2)
-(a,b)
%--------------------------------------- 278 clause_choice_first_solution_only_1
1
%--------------------------------------------------------------- 279 directive_1
Hello, World!
%-------------------------------------------------------------- 280 directive_14
a
b
c
%-------------------------------------------------------------- 281 directive_33
8
15
6
%-------------------------------------------------------------- 282 directive_34
7
3
0
%-------------------------------------------------------------- 283 directive_37
1
-1
0
%-------------------------------------------------------------- 284 directive_48
hello
world
42
%-------------------------------------------------------------- 285 directive_50
HELLO
world
FOO
%-------------------------------------------------------------- 286 directive_59
foo(1,2)
hello
[1,2,3]
%-------------------------------------------------------------- 287 directive_68
3
%-------------------------------------------------------------- 288 directive_69
8
1
%-------------------------------------------------------------- 289 directive_70
60
%-------------------------------------------------------------- 290 directive_72
hello
%-------------------------------------------------------------- 291 directive_75
2.0
0.0
1.0
%-------------------------------------------------------------- 292 directive_76
3.0
0.7000000000000002
5.0
%--------------------------------------------------------- 293 index_directive_1
2
%----------------------------------- 294 indexing_distinct_constant_first_args_1
2
%-------------------------------------------- 295 rung02_clause_choice_with_rule
hello
bonjour
%---------------------------------------------------------- 296 scrip_test_hello
Hello, World!
%--------------------------------------------------------- 297 simple_program_91
7
5
%--------------------------------------------------------- 298 simple_program_92
6
0
%----------------------------------------------- 299 write_canonical_directive_1
hello
'Hello'
[]
%-------------------------------------------------------- 300 writeq_directive_1
hello
'Hello'
[]
%-------------------------------------------------------- 301 writeq_directive_2
1+2
f(a,b)
a-b
%----------------------------------- 302 clause_choice_three_clauses_enumerate_1
123
%---------------------------------------------- 303 declarations_discontiguous_1
ok
%-------------------------------------------------------------- 304 directive_20
[h,i]
world
%-------------------------------------------------------------- 305 directive_21
[104,105]
hello
%-------------------------------------------------------------- 306 directive_22
foobar
hello world
%-------------------------------------------------------------- 307 directive_23
5
0
%-------------------------------------------------------------- 308 directive_38
1
7
6
2
10
%-------------------------------------------------------------- 309 directive_71
42
%-------------------------------------------------------------- 310 directive_74
3
4
3
4
%-------------------------------------------------------------- 311 directive_84
1
2
3
%-------------------------------------------------------- 312 simple_program_100
cde
1
%-------------------------------------------------------- 313 simple_program_102
HELLO
world
%--------------------------------------------------------- 314 simple_program_90
7
7
30
%-------------------------------------------------------------- 315 directive_17
brown
jones
smith
%-------------------------------------------------------- 316 simple_program_103
foo(1,2)
[]
%--------------------------------------------------------- 317 simple_program_97
1024
1024
1
0.5
%-------------------------------------------------------------- 318 directive_19
HELLO
world
5
%-------------------------------------------------------------- 319 directive_78
setup
goal
cleanup
%-------------------------------------------------------- 320 simple_program_101
42
3.14
7
%-------------------------------------------------------- 321 simple_program_104
ell
hello
%--------------------------------------------------------- 322 simple_program_96
3
-3
4
5
4
3
-4
%--------------------------------------------------------- 323 simple_program_98
7
7
-1
0
1
7
3
%--------------------------------------------------------- 324 simple_program_95
1
2
-2
-1
1
-1
1
-1
%-------------------------------------------------------- 325 simple_program_105
hello
[1,2,3]
f(a,b)
quoted atom
1+2*3
in_disj
via_stream
tail_no_nlafter_tail
end
%-------------------------------------------------------------- 326 directive_80
Hi!
chars(32,97,98,101)
done
%-------------------------------------------------------------- 327 directive_81
std(user,user)
after_told(user)
read4(alpha(1),beta(two),gamma(3),end_of_file)
after_seen(user)
done
%-------------------------------------------------------------- 328 directive_79
char(A,A)
code(66,66)
byte(200,200)
done
%-------------------------------------------------------------- 329 directive_18
8
6
%-------------------------------------------- 330 test_rung10_programs_puzzle_10
Jane=clark Janice=clayton Jack=carver Jasper=carter Jim=cramer
%-------------------------------------------------------- 331 arith_compare_ge_1
yes
%-------------------------------------------------------- 332 arith_compare_gt_1
yes
%-------------------------------------------------------- 333 arith_compare_le_1
yes
%-------------------------------------------------------- 334 arith_compare_lt_1
yes
%--------------------------------------------------------- 335 arith_directive_1
11
10
2
%----------------------------------------------------- 336 arith_eval_negation_1
-5
%------------------------------------------- 337 arith_eval_zero_divisor_error_1
caught
%-------------------------------------------- 338 between_backtrack_all_values_1
1234
%------------------------------------ 339 catch_throw_catch_of_succeeding_goal_1
normal
%------------------------------------- 340 catch_throw_error_term_from_builtin_1
caught
%-------------------------------------------------------------- 341 directive_15
a
b
%------------------------------------------------------- 342 findall_directive_4
[]
%---------------------------------------------------- 343 findall_empty_result_1
[]
%-------------------------------------------------------------------- 344 ite_10
both_eof
%-------------------------------------------------------------------- 345 ite_11
rt_eof
%--------------------------------------------------------------------- 346 ite_9
eof
%------------------------------------------------ 347 ite_bare_if_then_no_else_1
yes
%----------------------------------------------------- 348 ite_condition_fails_1
else
%---------------------------------------------- 349 ofi_ignore_of_failing_goal_1
yes
%----------------------------------------------------- 350 ofi_ignore_succeeds_1
bound
%------------------------------------------------ 351 ofi_once_of_failing_goal_1
no
%-------------------------------------------------- 352 repeat_repeat_with_cut_1
x
%--------------------------------------------------- 353 streams_current_input_1
matched
val(7)
%----------------------------------------------------- 354 streams_stream_term_1
passed
%------------------------------------------------ 355 sub_atom_empty_substring_1
empty
%-------------------------------------------------- 356 sub_atom_enumerate_all_1
[,a,ab,,b,]
%------------------------------------------------- 357 sub_atom_find_substring_1
3
%------------------------------------------ 358 term_compare_standard_order_lt_1
yes
%---------------------------------------------------- 359 term_compare_term_eq_1
yes
%---------------------------------------------------- 360 term_compare_term_ne_1
yes
%----------------------------------------------- 361 term_construction_arg_nth_1
b
%------------------------------------- 362 term_construction_functor_decompose_1
foo/3
%-------------------------------------------------------- 363 type_test_atomic_1
yes
%------------------------------------------------------ 364 type_test_callable_1
yes
%------------------------------------------------------ 365 type_test_compound_1
yes
%--------------------------------------------------------- 366 type_test_float_1
yes
%-------------------------------------------------------- 367 type_test_ground_1
yes
%------------------------------------------------------- 368 type_test_integer_1
yes
%------------------------------------------------------- 369 type_test_is_list_1
yes
%------------------------------------------------------ 370 unify_occurs_check_1
no
%---------------------------------------------------- 371 unify_two_vars_alias_1
val
%---------------------------------------------------- 372 unify_var_binds_atom_1
bound
%------------------------------------------------ 373 unify_var_binds_compound_1
pair(a,b)
%---------------------------------------- 374 write_family_format_3_codes_sink_1
[104,105]
%----------------------------------------------------- 375 assert_assertz_fact_1
hello
%------------------------------------------------------- 376 between_directive_1
1
2
3
done
%------------------------------------------------------ 377 call_n_call_1_atom_1
called
%-------------------------------------------------- 378 call_n_call_1_compound_1
10
%------------------------------------------------- 379 call_n_call_2_extra_arg_1
7
%----------------------------------------------------------- 380 call_n_call_3_1
6
%------------------------------------------- 381 clause_choice_redo_after_fail_1
123
%----------------------------------------------------- 382 copy_term_directive_1
foo(1,2)
%----------------------------------------------------------- 383 dcg_directive_2
ok
%------------------------------------------------------------ 384 dcg_phrase_2_1
matched
%------------------------------------------------------- 385 dcg_phrase_3_rest_1
[there]
%------------------------------------------------------------ 386 dcg_pushback_1
[pushed]
%------------------------------------------------------- 387 dcg_terminal_list_1
ok
%---------------------------------------------------- 388 declarations_dynamic_1
no
%----------------------------------------------------------- 389 ite_directive_2
yes
no
%---------------------------------------------- 390 rung01_unification_with_fact
1-2
%------------------------------------------------- 391 bagof_setof_bagof_basic_1
[wine,cheese]
%------------------------------------------- 392 clause_choice_no_clause_fails_1
no
%----------------------------------------------------------- 393 cut_directive_2
3
2
1
%----------------------------------------------------------- 394 cut_directive_3
a
%---------------------------------------------------------- 395 cut_first_goal_1
first
%------------------------------------------------------- 396 declarations_op_3_1
rainthenwet
%------------------------------------------------------- 397 findall_directive_2
[]
%----------------------------------------------------------- 398 ite_directive_3
yes
yes
yes
%----------------------------------------------------------- 399 ite_directive_5
yes
no
%----------------------------------------------------------- 400 ite_directive_6
yes
no
%----------------------------------------------------------- 401 ite_directive_9
yes
no
%---------------------------------------------- 402 last_call_accumulator_loop_1
500500
%------------------------------------------ 403 last_call_tail_recursive_count_1
50000
%------------------------------------------------------ 404 lastcall_directive_1
done
%---------------------------------------------------------- 405 list_directive_1
1
2
3
%----------------------------------------------- 406 rung04_cut_with_disjunction
nonzero
%----------------------------------------------------------------- 407 abolish_1
ok
%------------------------------------------- 408 bagof_setof_caret_existential_1
[cheese,wine]
%------------------------------------------ 409 bagof_setof_setof_sorts_dedups_1
[apple,banana]
%--------------------------------------------------------- 410 catch_directive_1
3
ok
%------------------------------------------------ 411 dcg_nonterminal_sequence_1
ok
%-------------------------------------------------- 412 declarations_multifile_1
[1,2]
%----------------------------------------------------- 413 findall_collect_all_1
[red,green,blue]
%------------------------------------------------------- 414 findall_directive_1
[red,green,blue]
%------------------------------------------------------- 415 findall_directive_3
[a-1,b-2,c-3]
%--------------------------------------- 416 indexing_indexed_vs_var_first_arg_1
2
[apple-1,banana-2,cherry-3]
%---------------------------------------------------------- 417 ite_directive_10
1
done
%--------------------------------------------- 418 rung04_cut_with_clause_choice
1
%--------------------------------------------------------- 419 catch_directive_2
hi
   x
   y
caught
%----------------------------------------------------------- 420 cut_directive_4
2
%----------------------------------------------------------- 421 cut_directive_7
1
%------------------------------------------------------ 422 cut_in_disjunction_1
1
done
%----------------------------------------------------------- 423 cut_last_goal_1
1
done
%------------------------------------------------------- 424 directive_replace_1
b a
%--------------------------------------------------------------------- 425 ite_4
yes
yes
no
%--------------------------------------------------------------------- 426 ite_5
yes
no
no
%--------------------------------------------------------------------- 427 ite_6
yes
yes
no
%--------------------------------------------------------------------- 428 ite_7
yes
no
no
%---------------------------------------------------------- 429 list_directive_2
a
b
c
%---------------------------------------------------------- 430 simple_assign_13
a
a
b
c
%---------------------------------------------------------- 431 simple_assign_14
a
a
b
b
c
%---------------------------------------------------------- 432 simple_assign_15
apple
banana
cherry
%---------------------------------------------------------- 433 simple_assign_16
a
b
c
%--------------------------------------------------------- 434 simple_program_93
0
4
99
%--------------------------------------------------------- 435 simple_program_94
1
5
100
%----------------------------------------------------------- 436 cut_directive_6
2
0
0
%----------------------------------------------------------- 437 cut_directive_9
1
done
%----------------------------------------------------------- 438 dcg_directive_1
[c,d]
%------------------------------------------------------- 439 directive_replace_7
3.14 2.5
%----------------------------------------------------------------- 440 functor_2
foo/2
hello/0
42/0
bar(A,B)
%--------------------------------------------------------------------- 441 ite_8
ok1
ok2
ok3
ok4
%--------------------------------------------------------- 442 simple_program_99
a
b
c
hello
%------------------------------------------------------- 443 assertz_directive_1
two
%------------------------------------------------------------------- 444 bagof_1
[banana,apple,cherry,apple]
%------------------------------------------------------------------- 445 catch_1
caught_type_error
%------------------------------------------------------------------- 446 catch_2
caught_instantiation_error
%------------------------------------------------------------------- 447 catch_3
caught_existence_error
%----------------------------------------------------------- 448 ite_directive_1
6
true
false
%----------------------------------------------------------- 449 ite_directive_7
1
1
e
c
%------------------------------------------------------------------- 450 setof_1
[1,2,3]
%---------------------------------------------------------- 451 simple_assign_17
3
-3
-3
3
%------------------------------------------------------- 452 directive_replace_2
7
%------------------------------------------------------- 453 directive_replace_4
setup
goal
cleanup
%------------------------------------------------------- 454 directive_replace_5
setup
goal
cleanup
%------------------------------------------------------- 455 directive_replace_6
setup
goal
cleanup
%------------------------------------------------------- 456 assertz_directive_2
red
green
blue
%------------------------------------------------------- 457 assertz_directive_3
alice 30
bob 25
carol 35
%------------------------------------------------------- 458 directive_replace_3
42
%------------------------------------------------------- 459 assertz_directive_4
cat
dog
bird
fish
%----------------------------------------------------------- 460 cut_directive_1
yes
no
yes
%----------------------------------------------------- 461 scrip_test_palindrome
yes
no
yes
%------------------------------------------------------------------- 462 setof_2
[ann,pat,peter,sue,tom]
[5,7,8,11]
%-------------------------------------------------------- 463 benchmark_nreverse
[30,29,28,27,26,25,24,23,22,21,20,19,18,17,16,15,14,13,12,11,10,9,8,7,6,5,4,3,2,1]
%---------------------------------------------------------- 464 list_directive_3
[a,b,c,d]
4
[d,c,b,a]
%----------------------------------------------------------- 465 benchmark_query
[indonesia,pakistan]
%-------------------------------------------------------- 466 writeq_directive_5
foo(x,y,z)
bar(A,B,A)
[A,B]
['A'=A,'B'=B]
['Q'=B,'R'=C]
quux(A,B,A,C,B)
[A,B,C]
['A'=A,'B'=B,'C'=C]
['C'=C]
g(a,b)
[]
['X'=A,'Y'=B]
done
%--------------------------------------------------- 467 cut_directive_replace_1
MDCCLXXVI
XLII
IX
%---------------------------------------------------------- 468 scrip_test_roman
MDCCLXXVI
XLII
IX
%------------------------------------------------------------- 469 benchmark_ham
[a,k,l,m,n,o,i,j,t,p,q,r,s,h,g,f,e,d,c,b,a]
%----------------------------------------------------------- 470 cut_directive_5
Cashier=smith Manager=brown Teller=jones
%-------------------------------------------- 471 test_rung10_programs_puzzle_03
Bill+virginia Jim+dorothy Tom+jean
%-------------------------------------------- 472 test_rung10_programs_puzzle_06
Clark=druggist Jones=grocer Morgan=butcher Smith=policeman
%------------------------------------ 473 abolish_abolish_of_unknown_predicate_1
done
%-------------------------------------------------- 474 arith_compare_eq_arith_1
yes
%------------------------------------------- 475 arith_compare_mixed_int_float_1
yes
%-------------------------------------------------- 476 arith_compare_ne_arith_1
yes
%------------------------------------------ 477 between_bound_third_arg_checks_1
yes
%----------------------------------------------- 478 between_empty_range_fails_1
no
%------------------------------------------------ 479 between_enumerates_range_1
[1,2,3,4,5]
%---------------------------------------------- 480 between_single_value_range_1
[3]
%---------------------------------------------------------- 481 call_directive_1
hi
there
%---------------------------------------------- 482 call_n_call_of_conjunction_1
ab
%-------------------------------------------------------------- 483 clause_ite_1
nofact
%------------------------------------------------------- 484 findall_directive_5
[1,2,3,4]
%---------------------------------------- 485 findall_findall_over_disjunction_1
[1,2,3]
%-------------------------------------------------- 486 findall_nested_findall_1
[[1],[1,2]]
%---------------------------------------------------------- 487 ite_nested_ite_1
b
%-------------------------------------------- 488 neg_fails_on_succeeding_goal_1
no
%-------------------------------------------- 489 neg_succeeds_on_failing_goal_1
yes
%--------------------------------------------- 490 term_construction_copy_term_1
yes
%------------------------------------- 491 term_construction_functor_construct_1
foo(a,b)
%---------------------------------------- 492 term_construction_univ_construct_1
foo(1,2)
%---------------------------------------- 493 term_construction_univ_decompose_1
[foo,1,2]
%----------------------------------------------------- 494 throw_ite_directive_1
before
%---------------------------------------------------------- 495 type_test_atom_1
yes
%-------------------------------------------------------- 496 type_test_nonvar_1
yes
%-------------------------------------------------------- 497 type_test_number_1
yes
%----------------------------------------------------------- 498 type_test_var_1
yes
%-------------------------------------------------- 499 unify_atom_atom_differ_1
no
%---------------------------------------------------- 500 unify_atom_atom_same_1
yes
%--------------------------------------------- 501 unify_compound_arity_differ_1
no
%----------------------------------------- 502 write_family_format_3_atom_sink_1
hi
%------------------------------------------------- 503 assert_assert_then_call_1
hi
%------------------------------------------ 504 assert_assert_unbound_arg_call_1
yes
%----------------------------------------------------- 505 assert_assertz_rule_1
yes
%------------------------------------------------------------- 506 assertz_ite_2
yes
%---------------------------------------- 507 bagof_setof_bagof_fails_on_empty_1
fails
%--------------------------------------------------- 508 between_ite_directive_1
yes
yes
yes
no
no
no
yes
%-------------------------------------------- 509 call_n_call_of_variable_goal_1
viacall
%----------------------------------- 510 clause_reflect_reflect_fact_body_true_1
true
%---------------------------------------- 511 clause_reflect_reflect_rule_body_1
write(matched)
%----------------------------------------------------- 512 determinism_semidet_1
yes
1
%-------------------------------------------------------- 513 format_directive_7
1+2
3
[104,105]
[o,k]
via_current
still
[a-1,a-0,b-2,c-0]
%------------------------------------------------------- 514 ite_naf_directive_1
a
d
%------------------------------------------------------------- 515 retract_ite_1
notfound
%------------------------------------------------------------- 516 assertz_ite_1
yes
no
%----------------------------------------------------------- 517 ite_directive_4
yes
no
%-------------------------------------- 518 bagof_setof_free_variable_grouping_1
[john-[beer],mary-[wine,cheese]]
%--------------------------------------------- 519 call_n_call_of_cut_is_local_1
1done
%----------------------------------------- 520 copy_term_ite_directive_replace_1
same
hello
%----------------------------------------- 521 copy_term_ite_directive_replace_2
same
hello
%------------------------------------------------------ 522 ite_list_directive_1
yes
no
%------------------------------------------------------------- 523 ite_replace_1
ok
%----------------------------------------------------- 524 ofi_forall_all_hold_1
yes
%----------------------------------------------- 525 ofi_forall_counterexample_1
no
%------------------------------------------------ 526 op_ite_directive_replace_1
yes
yes
%------------------------------------------------- 527 catch_between_directive_1
type_error(integer,a)
type_error(integer,b)
instantiation_error
instantiation_error
type_error(integer,foo)
%------------------------------------------------------- 528 cut_ite_directive_1
no
%--------------------------------------------------- 529 setof_bagof_directive_1
[a,b,c]
[c,a,b,a]
%----------------------------------------------------------- 530 cut_directive_8
2
done
%------------------------------------------------------- 531 dcg_ite_directive_1
yes
no
%-------------------------------------------------------------------- 532 univ_3
[foo,a,b,c]
bar(1,2)
[hello]
[42]
%--------------------------------------------- 533 benchmark_witness_depth_nrev8
[1,2,3,4,5,6,7,8]
%----------------------------------------------------- 534 catch_ite_directive_1
true
has_dq
codes
ro_protected
dom_checked
%--------------------------------------------------- 535 ite_directive_replace_3
yes neq
%-------------------------------------------------- 536 call_directive_replace_1
5
%-------------------------------------------------- 537 call_directive_replace_2
hello
%------------------------------------------------- 538 catch_directive_replace_1
5
%------------------------------------------------- 539 catch_directive_replace_2
7
%---------------------------------------------------- 540 forall_ite_directive_2
1
all
notall
end
%--------------------------------------------------- 541 ite_directive_replace_4
ABc
end_of_file
-1
end_of_file
end_of_file
-1
eof_all_ok
done
%------------------------------------------------------------ 542 op_directive_2
a===b
1
before
second
%------------------------------------------------- 543 writeq_format_directive_1
'hello world'
2 plus 3 is 5
[a,b,c]
restored_to_out
format done
plain_write
%----------------------------------------------- 544 asserta_assertz_directive_1
a
b
c
%--------------------------------------------------- 545 findall_dcg_directive_1
[a]
[b]
%--------------------------------------------------- 546 ite_directive_replace_2
setup
cleanup
goal_failed
%-------------------------------------------------- 547 call_directive_replace_4
7
%--------------------------------------------------- 548 ite_directive_replace_1
side
after
%---------------------------------------------------- 549 ite_writeq_directive_2
'123'
'-42'
'0'
456-int
-7
2.5-flt
'2.5'
roundtrip_ok
done
%----------------------------------------------------- 550 catch_ite_directive_3
readback(h,e,108)
firstchar(h)
existence_ok
iomode_ok
inst_ok
sourcesink_ok
done
%----------------------------------------------------- 551 catch_ite_directive_2
$stream(1)
$stream(0)
setout_existence
curout_domain
setout_inst
setout_domain
setout_perm
setin_perm
flushed0
flushed1
done
%----------------------------------------------------------- 552 benchmark_qsort
[0,2,4,6,7,8,10,11,11,17,18,18,21,27,27,28,28,28,29,31,32,33,37,39,40,46,47,51,53,53,55,59,61,63,65,66,74,74,75,81,82,83,85,85,90,92,94,95,99,99]
%------------------------------------------------------- 553 dcg_ite_directive_2
yes
yes
no
%----------------------------------------------------- 554 catch_ite_directive_4
read(0,65,128,255)
peek_consistent(128,128)
eof(-1,-1)
range_err(byte,300)
done
%----------------------------------------------------------- 555 ite_directive_8
mode_write_ok
is_output
correctly_not_input
type_text_ok
has_file_name
correctly_not_read
read_mode_ok
read_is_input
nonempty_not_eof
done
%--------------------------------------------------- 556 ite_directive_replace_5
t1=foo(bar,42,[x,y,z])
t2=hello
t3=shared_ok
t4=end_of_file
x1=foo(bar,42,[x,y,z])
done
%--------------------------------------------------- 557 ite_directive_replace_6
nvars=3
nnames=3
nsingletons=2
a_shared_ok
rt2_singletons=1
rt2_shared_ok
done
%------------------------------------------------------------ 558 benchmark_nrev
[a,a,a,a,a,a,a,a,a,a,a,a,a,a,a,a,a,a,a,a,a,a,a,a,a,a,a,a,a,a]
%--------------------------------------------------------- 559 benchmark_queensn
[p(1,1),p(2,3),p(3,6),p(4,8),p(5,10),p(6,5),p(7,9),p(8,2),p(9,4),p(10,7)]
%----------------------------------------------------- 560 catch_ite_directive_5
at0_false
read(a,b,c)
ateof_true
past(end_of_file)
pasteof_true
cur_false
exist(stream,nosuch)
instantiation_caught
done
%---------------------------------------------------------- 561 list_directive_4
+(1,*(2,3))
*(+(1,2),3)
'.'(a,'.'(b,'.'(c,[])))
hello world
Foo
.
foo(bar(1),baz(2))
:-(a,,(b,c))
-5
f($VAR(0),$VAR(1),g($VAR(0),$VAR(2)))
'.'(p,'.'(q,$VAR(0)))
hello(world)
1+2*3
[a,b,c]
hello world
foo(bar(1),baz(2))
[x,y,z]
done
%----------------------------------------------------------- 562 benchmark_zebra
[house(yellow,norwegian,fox,water,kools),house(blue,ukrainian,horse,tea,chesterfields),house(red,english,snails,milk,winstons),house(ivory,spanish,dog,orange_juice,lucky_strikes),house(green,japanese,zebra,coffee,parliaments)]
%----------------------------------------------------------- 563 benchmark_crypt
[3,4,8,2,8,2,7,8,4,6,9,6,9,7,4,4]
%-------------------------------------------- 564 test_rung10_programs_puzzle_02
Clark=carpenter Daw=painter Fuller=plumber 
%-------------------------------------------- 565 test_rung10_programs_puzzle_14
Ed=helen Bill=mary(98) Tom=grace(96)
%-------------------------------------------- 566 test_rung10_programs_puzzle_04
Carter=druggist Flynn=grocer Milne=architect Savage=banker
%-------------------------------------------- 567 test_rung10_programs_puzzle_13
Victim=forbes Murderer=graham Witness=clayton Policeman=mcfee Judge=warren Hangman=holgate
%-------------------------------------------- 568 test_rung10_programs_puzzle_08
Ames=manager Brown=cashier Conroy=floorwalker Davis=buyer Evans=clerk
%-------------------------------------------- 569 test_rung10_programs_puzzle_11
MrSmith=teacher MrsSmith=grocer Son=preacher Sister=postmaster Father=lawyer
%-------------------------------------------- 570 test_rung10_programs_puzzle_12
Arthur=french Bascomb=latin Conroy=history Duval=english Eggleston=math Furness=economics
Arthur=french Bascomb=latin Conroy=math Duval=english Eggleston=history Furness=economics
%-------------------------------------------- 571 test_rung10_programs_puzzle_07
Brown=architect Clark=lawyer Jones=doctor Smith=banker
%-------------------------------------------- 572 catch_throw_ball_is_compound_1
bad_input42
%----------------------------- 573 catch_throw_catcher_does_not_unify_rethrows_1
outer
%--------------------------------------------------- 574 catch_throw_directive_5
caught(boom)
done
%------------------------------------------------ 575 catch_throw_nested_catch_1
caught_inner
%-------------------------------------------- 576 findall_template_is_compound_1
[f(1,1),f(2,2),f(3,3)]
%----------------------------------------------------- 577 neg_double_negation_1
yes
%--------------------------------------------- 578 neg_negation_of_unification_1
yes
%------------------------------------------------- 579 writeq_format_directive_3
hello world
'hello world'
foo
[a,b]
done
   x
alpha beta 42
%----------------------- 580 abolish_call_after_abolish_raises_existence_error_1
existence_error
%------------------------------------------------------------ 581 abolish_pred_1
gone
%------------------------------------------- 582 abolish_retractall_vs_abolish_1
[]
%----------------------------------------------------------- 583 asserta_order_1
[0,1,2]
%--------------------------------------------------- 584 catch_throw_directive_1
matched
%--------------------------------------------------- 585 catch_throw_directive_3
caught hello
%--------------------------------------------------- 586 catch_throw_directive_6
oops
after
%---------------------------------------------------------- 587 clause_reflect_1
[wine,beer]
%------------------------ 588 clause_reflect_enumerate_clauses_on_backtracking_1
[1,2,3]
%---------------------------------------- 589 clause_reflect_fails_on_no_match_1
no
%---------------------------------------- 590 repeat_repeat_bounded_by_counter_1
3
%--------------------------------------------------- 591 catch_throw_directive_4
caught error(type_error(integer,foo),context)
%------------------------------------------- 592 write_canonical_writeq_format_1
a
'B c'
[1,2]
f('X',y)
done1
   x
p-q
back
%--------------------------------------------------- 593 catch_throw_directive_2
outer mine
%---------------------------------------------------- 594 forall_ite_directive_1
all_even
not_all2
vacuous_true
%------------------------------------------------ 595 last_call_nreverse_large_1
[30,29,28,27,26,25,24,23,22,21,20,19,18,17,16,15,14,13,12,11,10,9,8,7,6,5,4,3,2,1]
%------------------------------------------------ 596 op_ite_directive_replace_2
yes
yes
yes
%----------------------------------------------- 597 assertz_retract_directive_1
25
%----------------------------------------------- 598 findall_directive_replace_1
[]
%-------------------------------------------------- 599 call_directive_replace_3
4
%--------------------------------------------- 600 catch_ite_directive_replace_1
failed
%------------------------------------------------------------- 601 catch_throw_1
42 hello
%----------------------------------------------- 602 findall_directive_replace_3
[2,4,6]
%----------------------------------------------- 603 findall_directive_replace_5
[20,30]
%----------------------------------------------------------- 604 op_ite_format_1
600 xfx
300 fy
yes
%------------------------------------------------- 605 writeq_format_directive_2
'quoted atom'
x=42
foo(bar)
done
%---------------------------------------------- 606 call_ite_directive_replace_1
succeeded
%----------------------------------------------- 607 findall_directive_replace_2
[a,b,c]
%------------------------------------------------------------- 608 catch_throw_2
inner_caught
%------------------------------------------------------- 609 cut_ite_directive_2
yes
no
%----------------------------------------------- 610 findall_directive_replace_4
[red,green,blue]
%----------------------------------------------- 611 ite_naf_directive_replace_1
succeeded
%------------------------------------------------------------- 612 ite_replace_2
t1_differ
t2_eq
t3_unify
t4_differ
t5_differ
t6_unbound
t7_differ
done
%----------------------------------------- 613 catch_functor_directive_replace_1
42
%---------------------------------------------------- 614 dcg_ite_list_replace_1
123
%----------------------------------------------------------- 615 op_ite_format_2
700 xfx
200 xfy
500 fy
400 yf
yes
no
%------------------------------------------------------- 616 catch_ite_replace_1
perm(output,stream)

nl1_ok
w2okw2_after
%----------------------------------------------------------------- 617 cut_ite_1
compound_yes
var_yes
list_yes
int_yes
atom_yes
shared_yes
oper_yes
cyclic(no)
done
%----------------------------------------------- 618 ite_naf_directive_replace_2
failed
%-------------------------------------------------------- 619 benchmark_queens_8
[4,2,7,3,6,8,5,1]
%-------------------------------------------------------------- 620 benchmark_mu
ok
%---------------------------------------------------- 621 dcg_ite_list_replace_2
9
%---------------------------------------------------- 622 ite_writeq_directive_1
[102,111,111]
[49,50,51]
[45,52,50]
hello
123-int
-42-int
'12abc'-atom
''
roundtrip_ok
done
%------------------------------------------------------ 623 scrip_test_wordcount
9
%---------------------------------------------------------- 624 benchmark_queens
[10,8,11,4,7,16,6,15,12,14,9,13,2,5,3,1]
%---------------------------------------------- 625 scrip_test_coverage_net_gaps
13
7
30
3.3333333333333335
6.28
5
hello
a
b
c
%---------------------------------------------------- 626 test_coverage_net_gaps
13
7
30
3.3333333333333335
6.28
5
hello
a
b
c
%-------------------------------------------- 627 test_rung10_programs_puzzle_20
adams=historian reads=davis
brown=playwright reads=adams
clark=poet reads=brown
davis=novelist reads=clark
adams=poet reads=davis
brown=novelist reads=adams
clark=historian reads=brown
davis=playwright reads=clark
adams=novelist reads=davis
brown=historian reads=adams
clark=playwright reads=brown
davis=poet reads=clark
adams=playwright reads=davis
brown=poet reads=adams
clark=novelist reads=brown
davis=historian reads=clark
%-------------------------------------------- 628 test_rung10_programs_puzzle_17
Ed=dorothy Frank=carol George=alice Harry=betty
%---------------------------------------------- 629 scrip_test_coverage_pl_nodes
start
7
7
12
5
hello
2.0
world
red
unified
red
green
blue
done
%---------------------------------------------------- 630 test_coverage_pl_nodes
start
7
7
12
5
hello
2.0
world
red
unified
red
green
blue
done
%-------------------------------------------- 631 test_rung10_programs_puzzle_16
Brakeman=art Conductor=pete Engineer=tom Fireman=john
%-------------------------------------------- 632 test_rung10_programs_puzzle_18
Day=wednesday Abbott=hardware Briggs=bank Culver=grocery Denny=shoe
%-------------------------------------------- 633 test_rung10_programs_puzzle_15
Vernon=doctor sec=coulter Wilson=architect sec=ainsley Yates=lawyer sec=barnette
%------------------------------------------- 634 if_then_else_condition_throws_1
propagated
%------------------------------------------------------ 635 typetest_directive_1
<
ok
%----------------------------------------- 636 abolish_abolish_removes_clauses_1
gone
%----------------------------------------------------- 637 assertz_clause_call_1
hello
%----------------------------------------------- 638 assertz_retract_directive_2
[2]
%------------------------------------------------------- 639 retract_backtrack_1
[]
%----------------------------------------------- 640 retract_erase_first_match_1
[2]
%----------------------------------------------- 641 retract_fails_on_no_match_1
no
%----------------------------------- 642 retract_resatisfiable_on_backtracking_1
[]
%-------------------------------------------- 643 retract_retract_then_findall_1
[1,3]
%--------------------------------------------------------- 644 between_ite_naf_1
found(-3)
even(2)
even(4)
n(1)
n(3)
n(4)
%---------------------------------------------- 645 copy_term_ite_list_replace_1
shared
independent
[A|B]
%----------------------------------------------------- 646 findall_bagof_setof_1
no_setof
no_bagof
[]
[a-1,a-9,b-2,b-1]
%----------------------------------------------------------- 647 ite_univ_list_1
yes
no
yes
yes
no
1
%------------------------------------------------------- 648 ite_writeq_format_1
'foo(x,y)'
'a-b'
foo(1,2)
'hi(9)'
[97,98]
[c,d]
abc
'x!y'
goal_failed
done
%----------------------------------------------------- 649 assertz_retract_ite_1
empty
%--------------------------------------------- 650 catch_ite_directive_replace_2
getchar_on_write=perm(input,stream)
getcode_on_write=perm(input,stream)
peekchar_on_write=perm(input,stream)
getbyte_on_write=perm(input,stream)
ateof_on_write=perm(input,stream)
putchar_on_read=perm(output,stream)
putcode_on_read=perm(output,stream)
putbyte_on_read=perm(output,stream)
done
%------------------------------------------- 651 catch_throw_directive_replace_1
caught
%---------------------------------------- 652 retract_retract_clause_with_body_1
no
%----------------------------------------------------- 653 findall_bagof_setof_2
[1,2,3]
[4,5]
[6,7,8]
[1,2,3]
%------------------------------------------------------- 654 termops_directive_1
f
2
a
g(1,2)
h(A,A,B)
2
4
5
[a,b,c]
%-------------------------------------------------------- 655 functor_ite_univ_1
foo 2
b
[foo,a,b]
yes
yes
no
no
%------------------------------------------------------ 656 benchmark_meta_qsort
ok
%------------------------------------------------------------ 657 evaluable_sign_1
-1
0
1
%------------------------------------------------------------ 658 evaluable_float_integer_part_1
3.0
-3.0
%------------------------------------------------------------ 659 evaluable_float_fractional_part_1
0.5
-0.5
%------------------------------------------------------------ 660 evaluable_floor_truncate_round_ceiling_1
3
3
4
4
%------------------------------------------------------------ 661 evaluable_sin_cos_atan_1
0.0
1.0
0.0
%------------------------------------------------------------ 662 evaluable_exp_log_sqrt_1
1.0
0.0
2.0
%------------------------------------------------------------ 663 evaluable_shift_left_right_1
16
32
%------------------------------------------------------------ 664 evaluable_bitand_bitor_bitneg_xor_1
8
14
-13
6
%------------------------------------------------------------ 665 evaluable_pi_e_constants_1
3.141592653589793
2.718281828459045
%------------------------------------------------------------ 666 evaluable_type_error_on_non_evaluable_1
caught
%------------------------------------------------------------ 667 streamio_flush_output_1
ab
%------------------------------------------------------------ 668 streamio_stream_property_1
write
%------------------------------------------------------------ 669 streamio_at_end_of_stream_1
yes
%------------------------------------------------------------ 670 streamio_set_stream_position_1
abcc
%------------------------------------------------------------ 671 streamio_get_code_peek_code_1
97 97 98
%------------------------------------------------------------ 672 streamio_put_code_1
AB
%------------------------------------------------------------ 673 streamio_get_byte_peek_byte_1
65 65 66
%------------------------------------------------------------ 674 streamio_put_byte_1
0 255
%------------------------------------------------------------ 675 termio_write_term_quoted_1
'hello world'
hello world
%------------------------------------------------------------ 676 termio_write_term_ignore_ops_1
+(1,2)
1+2
%------------------------------------------------------------ 677 termio_write_term_numbervars_1
f(A,B,A)
f($VAR(0),$VAR(1),$VAR(0))
%------------------------------------------------------------ 678 termio_read_term_variable_names_1
foo(1,2,1)
[X,Y]
%------------------------------------------------------------ 679 termio_current_op_1
[200-fy,500-yfx]
%------------------------------------------------------------ 680 termio_char_conversion_1
abc
%------------------------------------------------------------ 681 termio_current_char_conversion_1
a
z
