%------------------------------------------------------------ 1 simple_assign_11
%------------------------------------------------------------- 2 simple_assign_3
%------------------------------------------------------------- 3 simple_assign_4
%------------------------------------------------------------- 4 simple_assign_6
%------------------------------------------------------------- 5 simple_assign_7
%------------------------------------------------------------- 6 simple_assign_8
%------------------------------------------------------------- 7 simple_assign_9
%------------------------------------------------------------ 8 simple_program_1
%----------------------------------------------------------- 9 simple_program_10
%---------------------------------------------------------- 10 simple_program_11
%---------------------------------------------------------- 11 simple_program_12
%---------------------------------------------------------- 12 simple_program_13
%---------------------------------------------------------- 13 simple_program_14
%---------------------------------------------------------- 14 simple_program_15
%---------------------------------------------------------- 15 simple_program_16
%---------------------------------------------------------- 16 simple_program_17
%---------------------------------------------------------- 17 simple_program_18
%---------------------------------------------------------- 18 simple_program_19
%----------------------------------------------------------- 19 simple_program_2
%---------------------------------------------------------- 20 simple_program_20
%---------------------------------------------------------- 21 simple_program_21
%---------------------------------------------------------- 22 simple_program_22
%---------------------------------------------------------- 23 simple_program_23
%---------------------------------------------------------- 24 simple_program_24
%---------------------------------------------------------- 25 simple_program_25
%---------------------------------------------------------- 26 simple_program_26
%---------------------------------------------------------- 27 simple_program_27
%---------------------------------------------------------- 28 simple_program_28
%---------------------------------------------------------- 29 simple_program_29
%----------------------------------------------------------- 30 simple_program_3
%---------------------------------------------------------- 31 simple_program_30
%---------------------------------------------------------- 32 simple_program_31
%---------------------------------------------------------- 33 simple_program_32
%---------------------------------------------------------- 34 simple_program_33
%---------------------------------------------------------- 35 simple_program_34
%---------------------------------------------------------- 36 simple_program_35
%---------------------------------------------------------- 37 simple_program_36
%---------------------------------------------------------- 38 simple_program_37
%---------------------------------------------------------- 39 simple_program_38
%---------------------------------------------------------- 40 simple_program_39
%----------------------------------------------------------- 41 simple_program_4
%---------------------------------------------------------- 42 simple_program_40
%---------------------------------------------------------- 43 simple_program_41
%---------------------------------------------------------- 44 simple_program_42
%---------------------------------------------------------- 45 simple_program_44
%---------------------------------------------------------- 46 simple_program_45
%---------------------------------------------------------- 47 simple_program_46
%---------------------------------------------------------- 48 simple_program_47
%---------------------------------------------------------- 49 simple_program_48
%---------------------------------------------------------- 50 simple_program_49
%----------------------------------------------------------- 51 simple_program_5
%---------------------------------------------------------- 52 simple_program_50
%---------------------------------------------------------- 53 simple_program_51
%---------------------------------------------------------- 54 simple_program_52
%---------------------------------------------------------- 55 simple_program_53
%---------------------------------------------------------- 56 simple_program_54
%---------------------------------------------------------- 57 simple_program_55
%---------------------------------------------------------- 58 simple_program_56
%---------------------------------------------------------- 59 simple_program_57
%---------------------------------------------------------- 60 simple_program_58
%---------------------------------------------------------- 61 simple_program_59
%----------------------------------------------------------- 62 simple_program_6
%---------------------------------------------------------- 63 simple_program_60
%---------------------------------------------------------- 64 simple_program_61
%---------------------------------------------------------- 65 simple_program_62
%---------------------------------------------------------- 66 simple_program_63
%---------------------------------------------------------- 67 simple_program_64
%----------------------------------------------------------- 68 simple_program_7
%---------------------------------------------------------- 69 simple_program_70
%---------------------------------------------------------- 70 simple_program_71
%---------------------------------------------------------- 71 simple_program_73
%---------------------------------------------------------- 72 simple_program_74
%---------------------------------------------------------- 73 simple_program_75
%---------------------------------------------------------- 74 simple_program_76
%---------------------------------------------------------- 75 simple_program_77
%---------------------------------------------------------- 76 simple_program_78
%---------------------------------------------------------- 77 simple_program_79
%----------------------------------------------------------- 78 simple_program_8
%---------------------------------------------------------- 79 simple_program_80
%---------------------------------------------------------- 80 simple_program_81
%---------------------------------------------------------- 81 simple_program_82
%---------------------------------------------------------- 82 simple_program_83
%---------------------------------------------------------- 83 simple_program_85
%---------------------------------------------------------- 84 simple_program_86
%---------------------------------------------------------- 85 simple_program_87
%---------------------------------------------------------- 86 simple_program_88
%----------------------------------------------------------- 87 simple_program_9
%---------------------------------------------------------- 88 simple_program_65
%---------------------------------------------------------- 89 simple_program_66
%---------------------------------------------------------- 90 simple_program_68
%---------------------------------------------------------- 91 simple_program_89
%---------------------------------------------------------- 92 simple_program_43
%---------------------------------------------------------- 93 simple_program_67
%---------------------------------------------------------- 94 simple_program_69
%---------------------------------------------------------------------- 95 cut_1
%---------------------------------------------------------------------- 96 cut_2
%---------------------------------------------------------------------- 97 dcg_1
%---------------------------------------------------------------------- 98 dcg_2
%---------------------------------------------------------------------- 99 dcg_3
%--------------------------------------------------------------------- 100 dcg_4
%--------------------------------------------------------------------- 101 dcg_5
%--------------------------------------------------------------------- 102 dcg_6
%--------------------------------------------------------------------- 103 dcg_7
%--------------------------------------------------------------------- 104 dcg_8
%--------------------------------------------------------------- 105 directive_2
%--------------------------------------------------------------- 106 directive_3
%--------------------------------------------------------------- 107 directive_4
%--------------------------------------------------------------- 108 directive_5
%--------------------------------------------------------------- 109 directive_6
%--------------------------------------------------------------- 110 directive_7
%--------------------------------------------------------------- 111 directive_8
%--------------------------------------------------------------- 112 directive_9
%----------------------------------------------------------------- 113 functor_1
%--------------------------------------------------------------------- 114 ite_1
%--------------------------------------------------------------------- 115 ite_2
%--------------------------------------------------------------------- 116 ite_3
%-------------------------------------------------------------------- 117 list_1
%-------------------------------------------------------------------- 118 list_2
%--------------------------------------------------------------------- 119 naf_1
%--------------------------------------------------------------------- 120 naf_2
%----------------------------------------------------------- 121 simple_assign_1
%---------------------------------------------------------- 122 simple_assign_10
%---------------------------------------------------------- 123 simple_assign_12
%----------------------------------------------------------- 124 simple_assign_2
%----------------------------------------------------------- 125 simple_assign_5
%--------------------------------------------------------- 126 simple_program_72
%--------------------------------------------------------- 127 simple_program_84
%-------------------------------------------------------------- 128 directive_10
%----------------------------------------------------------------- 129 dcg_cut_1
%----------------------------------------------------------------- 130 dcg_ite_1
%------------------------------------------------------------ 131 op_directive_1
%-------------------------------------------------------------------- 132 univ_1
%-------------------------------------------------------------------- 133 univ_2
%-------------------------------------------------------------- 134 directive_32
hello
42
%-------------------------------------------------------- 135 format_directive_1
hello
%-------------------------------------------------------- 136 format_directive_2
hello world
%-------------------------------------------------------- 137 format_directive_3
count: 7
%-------------------------------------------------------- 138 format_directive_4
skip ok
%-------------------------------------------------------------- 139 directive_11
starting
%--------------------------------------------------------- 140 simple_program_91
7
5
%--------------------------------------------------------- 141 simple_program_92
6
0
%-------------------------------------------------------- 142 simple_program_100
cde
1
%-------------------------------------------------------- 143 simple_program_102
HELLO
world
%--------------------------------------------------------- 144 simple_program_90
7
7
30
%-------------------------------------------------------- 145 simple_program_103
foo(1,2)
[]
bar(x)
%--------------------------------------------------------- 146 simple_program_97
1024.0
1024
1.0
0.5
%-------------------------------------------------------- 147 simple_program_101
42
3.14
7
%-------------------------------------------------------- 148 simple_program_104
ell
hello
%--------------------------------------------------------- 149 simple_program_96
3
-3
4
5
4
3
-4
%--------------------------------------------------------- 150 simple_program_98
7
7
-1
0
1
7
3
%--------------------------------------------------------- 151 simple_program_95
1
2
-2
-1
1
-1
1
-1
%-------------------------------------------------------- 152 simple_program_105
hello
[1,2,3]
f(a,b)
quoted atom
1+2*3
in_disj
via_stream
tail_no_nlafter_tail
end
%-------------------------------------------------------- 153 format_directive_6
'hello world'
it's|'it''s'
3.141590e+00
3.14
3.14159
ff
1010
A
***
hi
42
%-------------------------------------------------------------------- 154 ite_10
both_eof
%-------------------------------------------------------------------- 155 ite_11
rt_eof
%--------------------------------------------------------------------- 156 ite_9
eof
%-------------------------------------------------------------- 157 directive_24
foo
0
%-------------------------------------------------------------- 158 directive_25
f(A,B,A)
2
%-------------------------------------------------------------- 159 directive_26
[A,B,C]
3
%-------------------------------------------------------------- 160 directive_27
f(Z,A1)
27
%-------------------------------------------------------------- 161 directive_28
f(D,E)
5
%-------------------------------------------------------------- 162 directive_29
7
%-------------------------------------------------------------- 163 directive_39
7
3
%-------------------------------------------------------------- 164 directive_40
1024
27
%-------------------------------------------------------------- 165 directive_41
-1
0
1
%-------------------------------------------------------------- 166 directive_42
7
4
%-------------------------------------------------------------- 167 directive_43
hello
%-------------------------------------------------------------- 168 directive_44
f(1,2)
%-------------------------------------------------------------- 169 directive_45
42
%-------------------------------------------------------------- 170 directive_46
hello
%-------------------------------------------------------------- 171 directive_47
42
%-------------------------------------------------------------- 172 directive_53
97
%-------------------------------------------------------------- 173 directive_54
A
%-------------------------------------------------------------- 174 directive_55
[4,2]
%-------------------------------------------------------------- 175 directive_56
[52,50]
%-------------------------------------------------------------- 176 directive_82
hello_world
%-------------------------------------------------------- 177 format_directive_5
x = 42
%---------------------------------------------------------- 178 read_directive_1
end_of_file
end_of_file
%----------------------------------------------- 179 write_canonical_directive_4
+(1,2)
%-------------------------------------------------------- 180 writeq_directive_3
'hello world'
foo
%-------------------------------------------------------- 181 writeq_directive_4
f(a,'Hello')
%-------------------------------------------------------------- 182 directive_30
A
z
%-------------------------------------------------------------- 183 directive_31
a
B
%-------------------------------------------------------------- 184 directive_66
foobarbaz
%-------------------------------------------------------------- 185 directive_83
a
%----------------------------------------------------------------- 186 abolish_1
ok
%-------------------------------------------------------------- 187 directive_16
hello
%-------------------------------------------------------------- 188 directive_35
1024
27
%-------------------------------------------------------------- 189 directive_36
16
32
%-------------------------------------------------------------- 190 directive_49
42
99
%-------------------------------------------------------------- 191 directive_51
foobar
hello world
%-------------------------------------------------------------- 192 directive_52
5
5
%-------------------------------------------------------------- 193 directive_57
HELLO
hello
%-------------------------------------------------------------- 194 directive_58
point(3,4)
42
%-------------------------------------------------------------- 195 directive_60
1+2
f(a,b,c)
%-------------------------------------------------------------- 196 directive_61
helloworld
123
%-------------------------------------------------------------- 197 directive_62
hello beautiful world
a-b-c
%-------------------------------------------------------------- 198 directive_63
hello
world
%-------------------------------------------------------------- 199 directive_64
helloworld
123
%-------------------------------------------------------------- 200 directive_65
hello beautiful world
a-b-c
%-------------------------------------------------------------- 201 directive_67
hello
world
%-------------------------------------------------------------- 202 directive_73
3.141592653589793
2.718281828459045
%-------------------------------------------------------------- 203 directive_77
4
25
%-------------------------------------------------------------- 204 directive_85
a
b
%-------------------------------------------------------------- 205 directive_86
hello(world)
second(1)

xx
y
%----------------------------------------------- 206 write_canonical_directive_2
f(a,b)
g(1,2,3)
%----------------------------------------------- 207 write_canonical_directive_3
+(1,2)
-(a,b)
%--------------------------------------------------------------- 208 directive_1
Hello, World!
%-------------------------------------------------------------- 209 directive_33
8
15
6
%-------------------------------------------------------------- 210 directive_34
7
3
0
%-------------------------------------------------------------- 211 directive_37
1
-1
0
%-------------------------------------------------------------- 212 directive_48
hello
world
42
%-------------------------------------------------------------- 213 directive_50
HELLO
world
FOO
%-------------------------------------------------------------- 214 directive_59
foo(1,2)
hello
[1,2,3]
%-------------------------------------------------------------- 215 directive_68
3
%-------------------------------------------------------------- 216 directive_69
8
1
%-------------------------------------------------------------- 217 directive_70
60
%-------------------------------------------------------------- 218 directive_72
hello
%-------------------------------------------------------------- 219 directive_75
2.0
0.0
1.0
%-------------------------------------------------------------- 220 directive_76
3.0
0.7000000000000002
5.0
%--------------------------------------------------------------------- 221 ite_4
yes
yes
no
%--------------------------------------------------------------------- 222 ite_5
yes
no
no
%--------------------------------------------------------------------- 223 ite_6
yes
yes
no
%--------------------------------------------------------------------- 224 ite_7
yes
no
no
%---------------------------------------------------------- 225 simple_assign_13
a
a
b
c
%---------------------------------------------------------- 226 simple_assign_14
a
a
b
b
c
%---------------------------------------------------------- 227 simple_assign_15
apple
banana
cherry
%---------------------------------------------------------- 228 simple_assign_16
a
b
c
%--------------------------------------------------------- 229 simple_program_93
0
4
99
%--------------------------------------------------------- 230 simple_program_94
1
5
100
%----------------------------------------------- 231 write_canonical_directive_1
hello
'Hello'
[]
%-------------------------------------------------------- 232 writeq_directive_1
hello
'Hello'
[]
%-------------------------------------------------------- 233 writeq_directive_2
1+2
f(a,b)
a-b
%-------------------------------------------------------------- 234 directive_20
[h,i]
world
%-------------------------------------------------------------- 235 directive_21
[104,105]
hello
%-------------------------------------------------------------- 236 directive_22
foobar
hello world
%-------------------------------------------------------------- 237 directive_23
5
0
%-------------------------------------------------------------- 238 directive_38
1
7
6
2
10
%-------------------------------------------------------------- 239 directive_71
42
%-------------------------------------------------------------- 240 directive_74
3
4
3
4
%-------------------------------------------------------------- 241 directive_84
1
2
3
%----------------------------------------------------------------- 242 functor_2
foo/2
hello/0
42/0
bar(_G0,_G1)
%--------------------------------------------------------------------- 243 ite_8
ok1
ok2
ok3
ok4
%--------------------------------------------------------- 244 simple_program_99
a
b
c
hello
%------------------------------------------------------------------- 245 bagof_1
[banana,apple,cherry,apple]
%------------------------------------------------------------------- 246 catch_1
caught_type_error
%------------------------------------------------------------------- 247 catch_2
caught_instantiation_error
%------------------------------------------------------------------- 248 catch_3
caught_existence_error
%-------------------------------------------------------------- 249 directive_17
brown
jones
smith
%------------------------------------------------------------------- 250 setof_1
[1,2,3]
%---------------------------------------------------------- 251 simple_assign_17
3
-3
-3
3
%-------------------------------------------------------------- 252 directive_19
HELLO
world
5
%-------------------------------------------------------------- 253 directive_78
setup
goal
cleanup
%------------------------------------------------------------------- 254 setof_2
[ann,pat,peter,sue,tom]
[5,7,8,11]
%-------------------------------------------------------------- 255 directive_80
Hi!
chars(32,97,98,101)
done
%-------------------------------------------------------------- 256 directive_81
std(user,user)
after_told(user)
read4(alpha(1),beta(two),gamma(3),end_of_file)
after_seen(user)
done
%-------------------------------------------------------------- 257 directive_79
char(A,A)
code(66,66)
byte(200,200)
done
%-------------------------------------------------------------- 258 directive_18
8
6
%-------------------------------------------------------------- 259 clause_ite_1
nofact
%--------------------------------------------------------- 260 arith_directive_1
11
10
2
%------------------------------------------------------------- 261 assertz_ite_2
yes
%------------------------------------------------------- 262 findall_directive_4
[]
%------------------------------------------------------------- 263 retract_ite_1
notfound
%------------------------------------------------------------- 264 assertz_ite_1
yes
no
%----------------------------------------------------- 265 copy_term_directive_1
foo(1,2)
%----------------------------------------------------------- 266 ite_directive_2
yes
no
%------------------------------------------------------- 267 findall_directive_2
[]
%----------------------------------------------------------- 268 ite_directive_3
yes
yes
yes
%----------------------------------------------------------- 269 ite_directive_5
yes
no
%----------------------------------------------------------- 270 ite_directive_6
yes
no
%----------------------------------------------------------- 271 ite_directive_9
yes
no
%------------------------------------------------------------- 272 ite_replace_1
ok
%--------------------------------------------------------- 273 catch_directive_1
3
ok
%------------------------------------------------------- 274 findall_directive_1
[red,green,blue]
%------------------------------------------------------- 275 findall_directive_3
[a-1,b-2,c-3]
%---------------------------------------------------------- 276 ite_directive_10
1
done
%--------------------------------------------------------- 277 catch_directive_2
hi
   x
   y
caught
%----------------------------------------------------------- 278 cut_directive_7
1
%------------------------------------------------------- 279 directive_replace_1
b a
%---------------------------------------------------------- 280 list_directive_2
a
b
c
%-------------------------------------------------------------------- 281 univ_3
[foo,a,b,c]
bar(1,2)
[hello]
[42]
%------------------------------------------------------- 282 assertz_directive_1
two
%----------------------------------------------------------- 283 cut_directive_6
2
0
0
%----------------------------------------------------------- 284 dcg_directive_1
[c,d]
%------------------------------------------------------- 285 directive_replace_7
3.14 2.5
%----------------------------------------------------------- 286 ite_directive_1
6
true
false
%----------------------------------------------------------- 287 ite_directive_7
1
1
e
c
%------------------------------------------------------- 288 assertz_directive_2
red
green
blue
%------------------------------------------------------- 289 assertz_directive_3
alice 30
bob 25
carol 35
%------------------------------------------------------- 290 directive_replace_2
7
%------------------------------------------------------- 291 directive_replace_4
setup
goal
cleanup
%------------------------------------------------------- 292 directive_replace_5
setup
goal
cleanup
%------------------------------------------------------- 293 directive_replace_6
setup
goal
cleanup
%------------------------------------------------------- 294 assertz_directive_4
cat
dog
bird
fish
%------------------------------------------------------- 295 directive_replace_3
42
%----------------------------------------------------------- 296 cut_directive_1
yes
no
yes
%---------------------------------------------------------- 297 list_directive_3
[a,b,c,d]
4
[d,c,b,a]
%-------------------------------------------------------- 298 writeq_directive_5
foo(x,y,z)
bar(A,B,A)
[A,B]
['A'=A,'B'=B]
['Q'=B,'R'=C]
quux(A,B,A,C,B)
[A,B,C]
['A'=A,'B'=B,'C'=C]
['C'=C]
g(a,b)
[]
['X'=A,'Y'=B]
done
%--------------------------------------------------- 299 cut_directive_replace_1
MDCCLXXVI
XLII
IX
%----------------------------------------------------------- 300 cut_directive_5
Cashier=smith Manager=brown Teller=jones
%----------------------------------------------------- 301 throw_ite_directive_1
before
%--------------------------------------------------- 302 between_ite_directive_1
yes
yes
yes
no
no
no
yes
%-------------------------------------------------------- 303 format_directive_7
1+2
3
[104,105]
[o,k]
via_current
still
[a-1,a-0,b-2,c-0]
%------------------------------------------------------- 304 ite_naf_directive_1
a
d
%----------------------------------------------------------- 305 ite_directive_4
yes
no
%----------------------------------------- 306 copy_term_ite_directive_replace_1
same
hello
%----------------------------------------- 307 copy_term_ite_directive_replace_2
same
hello
%------------------------------------------------------ 308 ite_list_directive_1
yes
no
%------------------------------------------------ 309 op_ite_directive_replace_1
yes
yes
%------------------------------------------------- 310 catch_between_directive_1
type_error(integer,a)
type_error(integer,b)
instantiation_error
instantiation_error
type_error(integer,foo)
%------------------------------------------------------------- 311 catch_throw_1
42 hello
%------------------------------------------------------- 312 dcg_ite_directive_1
yes
no
%----------------------------------------------------- 313 catch_ite_directive_1
true
has_dq
codes
ro_protected
dom_checked
%--------------------------------------------------- 314 ite_directive_replace_3
yes neq
%----------------------------------------------- 315 asserta_assertz_directive_1
a
b
c
%-------------------------------------------------- 316 call_directive_replace_1
5
%-------------------------------------------------- 317 call_directive_replace_2
hello
%------------------------------------------------- 318 catch_directive_replace_1
5
%------------------------------------------------- 319 catch_directive_replace_2
7
%------------------------------------------------------------- 320 catch_throw_2
inner_caught
%---------------------------------------------------- 321 forall_ite_directive_2
1
all
notall
end
%--------------------------------------------------- 322 ite_directive_replace_4
ABc
end_of_file
-1
end_of_file
end_of_file
-1
eof_all_ok
done
%------------------------------------------------------------ 323 op_directive_2
a===b
1
before
second
%------------------------------------------------- 324 writeq_format_directive_1
'hello world'
2 plus 3 is 5
[a,b,c]
restored_to_out
format done
plain_write
%--------------------------------------------------- 325 findall_dcg_directive_1
[a]
[b]
%--------------------------------------------------- 326 ite_directive_replace_2
setup
cleanup
goal_failed
%------------------------------------------------------------- 327 ite_replace_2
t1_differ
t2_eq
t3_unify
t4_differ
t5_differ
t6_unbound
t7_differ
done
%-------------------------------------------------- 328 call_directive_replace_4
7
%--------------------------------------------------- 329 ite_directive_replace_1
side
after
%---------------------------------------------------- 330 ite_writeq_directive_2
'123'
'-42'
'0'
456-int
-7
2.5-flt
'2.5'
roundtrip_ok
done
%----------------------------------------------------- 331 catch_ite_directive_3
readback(h,e,108)
firstchar(h)
existence_ok
iomode_ok
inst_ok
sourcesink_ok
done
%------------------------------------------------------- 332 catch_ite_replace_1
perm(output,stream)

nl1_ok
w2okw2_after
%----------------------------------------------------------------- 333 cut_ite_1
compound_yes
var_yes
list_yes
int_yes
atom_yes
shared_yes
oper_yes
cyclic(no)
done
%----------------------------------------------------- 334 catch_ite_directive_2
$stream(1)
$stream(0)
setout_existence
curout_domain
setout_inst
setout_domain
setout_perm
setin_perm
flushed0
flushed1
done
%------------------------------------------------------- 335 dcg_ite_directive_2
yes
yes
no
%----------------------------------------------------- 336 catch_ite_directive_4
read(0,65,128,255)
peek_consistent(128,128)
eof(-1,-1)
range_err(byte,300)
done
%----------------------------------------------------------- 337 ite_directive_8
mode_write_ok
is_output
correctly_not_input
type_text_ok
has_file_name
correctly_not_read
read_mode_ok
read_is_input
nonempty_not_eof
done
%--------------------------------------------------- 338 ite_directive_replace_5
t1=foo(bar,42,[x,y,z])
t2=hello
t3=shared_ok
t4=end_of_file
x1=foo(bar,42,[x,y,z])
done
%--------------------------------------------------- 339 ite_directive_replace_6
nvars=3
nnames=3
nsingletons=2
a_shared_ok
rt2_singletons=1
rt2_shared_ok
done
%----------------------------------------------------- 340 catch_ite_directive_5
at0_false
read(a,b,c)
ateof_true
past(end_of_file)
pasteof_true
cur_false
exist(stream,nosuch)
instantiation_caught
done
%---------------------------------------------------------- 341 list_directive_4
+(1,*(2,3))
*(+(1,2),3)
'.'(a,'.'(b,'.'(c,[])))
hello world
Foo
.
foo(bar(1),baz(2))
:-(a,,(b,c))
-5
f($VAR(0),$VAR(1),g($VAR(0),$VAR(2)))
'.'(p,'.'(q,$VAR(0)))
hello(world)
1+2*3
[a,b,c]
hello world
foo(bar(1),baz(2))
[x,y,z]
done
%----------------------------------------------------- 342 assertz_clause_call_1
hello
%------------------------------------------------- 343 writeq_format_directive_3
hello world
'hello world'
foo
[a,b]
done
   x
alpha beta 42
%--------------------------------------------------- 344 catch_throw_directive_1
matched
%--------------------------------------------------- 345 catch_throw_directive_3
caught hello
%--------------------------------------------------- 346 catch_throw_directive_4
caught error(type_error(integer,foo),context)
%------------------------------------------- 347 write_canonical_writeq_format_1
a
'B c'
[1,2]
f('X',y)
done1
   x
p-q
back
%--------------------------------------------------- 348 catch_throw_directive_2
outer mine
%---------------------------------------------------- 349 forall_ite_directive_1
all_even
not_all2
vacuous_true
%----------------------------------------------- 350 assertz_retract_directive_1
25
%------------------------------------------------ 351 op_ite_directive_replace_2
yes
yes
yes
%---------------------------------------------- 352 copy_term_ite_list_replace_1
shared
independent
[_G0|_G1]
%----------------------------------------------- 353 findall_directive_replace_1
[]
%-------------------------------------------------- 354 call_directive_replace_3
4
%--------------------------------------------- 355 catch_ite_directive_replace_1
failed
%----------------------------------------------- 356 findall_directive_replace_3
[2,4,6]
%----------------------------------------------- 357 findall_directive_replace_5
[20,30]
%----------------------------------------------------------- 358 op_ite_format_1
600 xfx
300 fy
yes
%------------------------------------------------- 359 writeq_format_directive_2
'quoted atom'
x=42
foo(bar)
done
%---------------------------------------------- 360 call_ite_directive_replace_1
succeeded
%----------------------------------------------------- 361 findall_bagof_setof_1
no_setof
no_bagof
[]
[a-1,a-9,b-2,b-1]
%----------------------------------------------- 362 findall_directive_replace_2
[a,b,c]
%----------------------------------------------------------- 363 ite_univ_list_1
yes
no
yes
yes
no
1
%------------------------------------------------------- 364 cut_ite_directive_2
yes
no
%----------------------------------------------- 365 findall_directive_replace_4
[red,green,blue]
%----------------------------------------------- 366 ite_naf_directive_replace_1
succeeded
%----------------------------------------- 367 catch_functor_directive_replace_1
42
%---------------------------------------------------- 368 dcg_ite_list_replace_1
123
%----------------------------------------------------------- 369 op_ite_format_2
700 xfx
200 xfy
500 fy
400 yf
yes
no
%----------------------------------------------- 370 ite_naf_directive_replace_2
failed
%---------------------------------------------------- 371 dcg_ite_list_replace_2
9
%---------------------------------------------------- 372 ite_writeq_directive_1
[102,111,111]
[49,50,51]
[45,52,50]
hello
123-int
-42-int
'12abc'-atom
''
roundtrip_ok
done
%------------------------------------------------------ 373 typetest_directive_1
<
ok
%--------------------------------------------------------- 374 between_ite_naf_1
found(-3)
even(2)
even(4)
n(1)
n(3)
n(4)
%----------------------------------------------------- 375 assertz_retract_ite_1
empty
%------------------------------------------------------- 376 ite_writeq_format_1
'foo(x,y)'
'a-b'
foo(1,2)
'hi(9)'
[97,98]
[c,d]
abc
'x!y'
goal_failed
done
%--------------------------------------------- 377 catch_ite_directive_replace_2
getchar_on_write=perm(input,stream)
getcode_on_write=perm(input,stream)
peekchar_on_write=perm(input,stream)
getbyte_on_write=perm(input,stream)
ateof_on_write=perm(input,stream)
putchar_on_read=perm(output,stream)
putcode_on_read=perm(output,stream)
putbyte_on_read=perm(output,stream)
done
%------------------------------------------- 378 catch_throw_directive_replace_1
caught
%----------------------------------------------------- 379 findall_bagof_setof_2
[1,2,3]
[4,5]
[6,7,8]
[1,2,3]
%------------------------------------------------------- 380 termops_directive_1
f
2
a
g(1,2)
h(A,A,B)
2
4
5
[a,b,c]
%-------------------------------------------------------- 381 functor_ite_univ_1
foo 2
b
[foo,a,b]
yes
yes
no
no
%------------------------------------------------ 382 atomconv_directive_1 XFAIL
[97,98,99]
[a,b,c]
5
foobar
42
17
97
%-------------------------------------------------------- 383 directive_12 XFAIL
a
%------------------------------------------------ 384 sub_atom_directive_1 XFAIL
0-a
1-b
2-c
done
%-------------------------------------------------------- 385 directive_13 XFAIL
a
%-------------------------------------------------------- 386 directive_14 XFAIL
a
b
c
%--------------------------------------------------- 387 index_directive_1 XFAIL
2
%-------------------------------------------------------- 388 directive_15 XFAIL
a
b
%------------------------------------------------- 389 between_directive_1 XFAIL
1
2
3
done
%----------------------------------------------------- 390 dcg_directive_2 XFAIL
ok
%----------------------------------------------------- 391 cut_directive_2 XFAIL
3
2
1
%----------------------------------------------------- 392 cut_directive_3 XFAIL
a
%------------------------------------------------ 393 lastcall_directive_1 XFAIL
done
%---------------------------------------------------- 394 list_directive_1 XFAIL
1
2
3
%----------------------------------------------------- 395 cut_directive_4 XFAIL
2
%----------------------------------------------------- 396 cut_directive_9 XFAIL
1
done
%---------------------------------------------------- 397 call_directive_1 XFAIL
hi
there
%------------------------------------------------- 398 findall_directive_5 XFAIL
[1,2,3,4]
%------------------------------------------------- 399 cut_ite_directive_1 XFAIL
no
%--------------------------------------------- 400 setof_bagof_directive_1 XFAIL
[a,b,c]
[c,a,b,a]
%----------------------------------------------------- 401 cut_directive_8 XFAIL
2
done
%--------------------------------------------- 402 catch_throw_directive_5 XFAIL
caught(boom)
done
%--------------------------------------------- 403 catch_throw_directive_6 XFAIL
oops
after
%----------------------------------------- 404 assertz_retract_directive_2 XFAIL
[2]
