%-------------------------------------------------- 1 plz_p1_single_clause XFAIL
a
%----------------------------------------------- 2 plz_p2_two_clause_first XFAIL
a
%----------------------------------------------------- 3 plz_p3_faildriven XFAIL
a
b
c
%------------------------------------------------------ 4 plz_p4_recursion XFAIL
3
2
1
%---------------------------------------------------- 5 plz_p5_inline_disj XFAIL
a
b
%--------------------------------------------------------- 6 plz_p6_member XFAIL
1
2
3
%----------------------------------------------------- 7 plz_p7_cut_commit XFAIL
a
%------------------------------------------------- 8 plz_p8_cut_bars_retry XFAIL
no
%------------------------------------------------- 9 plz_p9_guard_then_cut XFAIL
2
