%------------------------------------------------ 1 rung22_write_canonical_print
hello
42
%---------------------------------- 2 rung22_write_canonical_write_canonical_ops
+(1,2)
%------------------------------------------ 3 rung22_write_canonical_writeq_atom
'hello world'
foo
%-------------------------------------- 4 rung22_write_canonical_writeq_compound
f(a,'Hello')
