%---------------------------------------------------- 1 01_var_goal_neg_succeeds
succeeded
%------------------------------------------------------- 2 02_var_goal_neg_fails
failed
%------------------------------------------------------------ 3 03_var_goal_once
7
%------------------------------------------------------------- 4 04_var_goal_not
side
after
%------------------------------------------------------ 5 05_var_goal_once_arith
42
