%---------------------------------------------- 1 rung18_succ_plus_plus_xy_bound
7
7
30
%---------------------------------------------- 2 rung18_succ_plus_plus_xz_bound
7
5
%---------------------------------------------- 3 rung18_succ_plus_plus_yz_bound
6
0
%---------------------------------------------- 4 rung18_succ_plus_succ_backward
0
4
99
%----------------------------------------------- 5 rung18_succ_plus_succ_forward
1
5
100
