%---------------------------------------------------- 1 rung23_arith_ext_bitwise
1
7
6
2
10
%---------------------------------------------------- 2 rung23_arith_ext_max_min
7
3
%------------------------------------------------------ 3 rung23_arith_ext_power
1024.0
27
%------------------------------------------------------- 4 rung23_arith_ext_sign
-1
0
1
%--------------------------------------------------- 5 rung23_arith_ext_truncate
7
4
