%--------------------------------------------------------------------- 1 01_univ
[foo,a,b,c]
bar(1,2)
[hello]
[42]
%------------------------------------------------------------------ 2 02_functor
foo/2
hello/0
42/0
bar(_G0,_G1)
%---------------------------------------------------------------------- 3 03_arg
a
b
c
hello
%---------------------------------------------------------------- 4 04_copy_term
shared
independent
[_G0|_G1]
%---------------------------------------------------------- 5 05_compound_atomic
yes
no
yes
yes
no
1
