%---------------------------------------------- 1 rung12_atom_builtins_atom_case
HELLO
world
5
%--------------------------------------------- 2 rung12_atom_builtins_atom_chars
[h,i]
world
%--------------------------------------------- 3 rung12_atom_builtins_atom_codes
[104,105]
hello
%-------------------------------------------- 4 rung12_atom_builtins_atom_concat
foobar
hello world
%-------------------------------------------- 5 rung12_atom_builtins_atom_length
5
0
