%------------------------------------------------------ 1 rung21_char_type_alpha
yes
no
%-------------------------------------------------- 2 rung21_char_type_digit_val
7
%------------------------------------------------ 3 rung21_char_type_space_alnum
yes
yes
yes
%--------------------------------------------- 4 rung21_char_type_to_upper_lower
A
z
%------------------------------------------------ 5 rung21_char_type_upper_lower
a
B
