%--------------------------------------------------------------- 1 01_call1_atom
succeeded
%----------------------------------------------------------- 2 02_call1_compound
5
%---------------------------------------------------------- 3 03_call2_extra_arg
hello
%--------------------------------------------------------- 4 05_call2_compound_g
4
