%-------------------------------------------------- 1 rung30_dcg_basic_terminals
yes
no
%----------------------------------------------------- 2 rung30_dcg_nonterminals
yes
yes
no
%---------------------------------------------------------- 3 rung30_dcg_phrase3
[c,d]
%---------------------------------------------------- 4 rung30_dcg_pushback_rest
123
