(STMT :subj (AST_FNC main
  (AST_VAR main)
  (AST_ASSIGN
    (AST_VAR a)
    (AST_QLIT "")
  )
  (AST_FNC arr_set
    (AST_VAR arr_set)
    (AST_VAR a)
    (AST_ILIT 0)
    (AST_ILIT 99)
  )
  (AST_FNC write
    (AST_VAR write)
    (AST_FNC arr_get
      (AST_VAR arr_get)
      (AST_VAR a)
      (AST_ILIT 0)
    )
  )
))
