(STMT :subj (AST_FNC Dog__speak
  (AST_VAR Dog__speak)
  (AST_VAR self)
  (AST_FNC write
    (AST_VAR write)
    (AST_QLIT "woof")
  )
))
(STMT :subj (AST_RECORD Dog (AST_VAR name)))
(STMT :subj (AST_FNC main
  (AST_VAR main)
  (AST_NUL)
  (AST_ASSIGN
    (AST_VAR d)
    (AST_FNC raku_new
      (AST_VAR raku_new)
      (AST_QLIT "Dog")
      (AST_QLIT "name")
      (AST_QLIT "Rex")
    )
  )
  (AST_FNC write
    (AST_VAR write)
    (AST_FIELD name (AST_VAR d))
  )
))
