(STMT :subj (AST_FNC DEFINE (AST_QLIT "MAIN()")))
(STMT :go rb_1)
(STMT :lbl MAIN)
(STMT :subj (AST_ASSIGN
  (AST_VAR rb_case_2)
  (AST_VAR X)
))
(STMT :subj (AST_FNC IDENT
  (AST_VAR rb_case_2)
  (AST_ILIT 1)
) :goS rb_3 :goF rb_4)
(STMT :lbl rb_3)
(STMT :eq :subj (AST_VAR Y) :repl (AST_ILIT 1))
(STMT :go rb_2)
(STMT :lbl rb_4)
(STMT :eq :subj (AST_VAR Y) :repl (AST_ILIT 0))
(STMT :go rb_2)
(STMT :lbl rb_2)
(STMT :go RETURN)
(STMT :lbl rb_1)
(STMT :subj (AST_FNC MAIN))
