(STMT :subj (E_FNC DEFINE (E_QLIT "MAIN()")))
(STMT :go rb_1)
(STMT :lbl MAIN)
(STMT :subj (E_ASSIGN
  (E_VAR rb_case_2)
  (E_VAR X)
))
(STMT :subj (E_FNC IDENT
  (E_VAR rb_case_2)
  (E_ILIT 1)
) :goS rb_3 :goF rb_4)
(STMT :lbl rb_3)
(STMT :eq :subj (E_VAR Y) :repl (E_ILIT 1))
(STMT :go rb_2)
(STMT :lbl rb_4)
(STMT :eq :subj (E_VAR Y) :repl (E_ILIT 0))
(STMT :go rb_2)
(STMT :lbl rb_2)
(STMT :go RETURN)
(STMT :lbl rb_1)
(STMT :subj (E_FNC MAIN))
