(STMT :subj (AST_FNC DEFINE (AST_QLIT "MAIN()")))
(STMT :go rb_1)
(STMT :lbl MAIN)
(STMT :subj (AST_ASSIGN
  (AST_VAR I)
  (AST_ILIT 1)
))
(STMT :lbl rb_2)
(STMT :subj (AST_FNC GT
  (AST_VAR I)
  (AST_ILIT 10)
) :goS rb_3)
(STMT :subj (AST_ASSIGN
  (AST_VAR I)
  (AST_ADD
    (AST_VAR I)
    (AST_ILIT 2)
  )
))
(STMT :go rb_2)
(STMT :lbl rb_3)
(STMT :go RETURN)
(STMT :lbl rb_1)
(STMT :subj (AST_FNC MAIN))
