(STMT :subj (AST_FNC DEFINE (AST_QLIT "ABS(N)")))
(STMT :go rb_1)
(STMT :lbl ABS)
(STMT :subj (AST_NUL) :goS rb_2 :goF rb_3)
(STMT :lbl rb_2)
(STMT :subj (AST_FNC LT
  (AST_VAR N)
  (AST_ILIT 0)
))
(STMT :go rb_4)
(STMT :lbl rb_3)
(STMT :eq :subj (AST_VAR ABS) :repl (AST_SUB
  (AST_ILIT 0)
  (AST_VAR N)
))
(STMT :go RETURN)
(STMT :lbl rb_4)
(STMT :eq :subj (AST_VAR ABS) :repl (AST_VAR N))
(STMT :go RETURN)
(STMT :go RETURN)
(STMT :lbl rb_1)
(STMT :subj (AST_FNC DEFINE (AST_QLIT "MAX(A,B)")))
(STMT :go rb_5)
(STMT :lbl MAX)
(STMT :subj (AST_NUL) :goS rb_6 :goF rb_7)
(STMT :lbl rb_6)
(STMT :subj (AST_FNC GT
  (AST_VAR A)
  (AST_VAR B)
))
(STMT :go rb_8)
(STMT :lbl rb_7)
(STMT :eq :subj (AST_VAR MAX) :repl (AST_VAR A))
(STMT :go RETURN)
(STMT :lbl rb_8)
(STMT :eq :subj (AST_VAR MAX) :repl (AST_VAR B))
(STMT :go RETURN)
(STMT :go RETURN)
(STMT :lbl rb_5)
(STMT :subj (AST_FNC DEFINE (AST_QLIT "MAIN()")))
(STMT :go rb_9)
(STMT :lbl MAIN)
(STMT :eq :subj (AST_VAR X) :repl (AST_FNC ABS (AST_MNS (AST_ILIT 5))))
(STMT :eq :subj (AST_VAR Y) :repl (AST_FNC MAX
  (AST_VAR X)
  (AST_ILIT 3)
))
(STMT :eq :subj (AST_VAR OUTPUT) :repl (AST_VAR Y))
(STMT :go RETURN)
(STMT :lbl rb_9)
(STMT :subj (AST_FNC MAIN))
