(STMT :subj (E_FNC DEFINE (E_QLIT "MAIN()")))
(STMT :go rb_1)
(STMT :lbl MAIN)
(STMT :subj (E_NUL) :goS rb_2 :goF rb_3)
(STMT :lbl rb_2)
(STMT :subj (E_VAR X))
(STMT :go rb_4)
(STMT :lbl rb_3)
(STMT :subj (E_NUL) :goS rb_5 :goF rb_6)
(STMT :lbl rb_5)
(STMT :subj (E_VAR Y))
(STMT :go rb_7)
(STMT :lbl rb_6)
(STMT :eq :subj (E_VAR Z) :repl (E_ILIT 1))
(STMT :lbl rb_7)
(STMT :lbl rb_4)
(STMT :go RETURN)
(STMT :lbl rb_1)
(STMT :subj (E_FNC MAIN))
