A 116 function image invalid type to element generator
cset elements 256
"1" B 116 function image
C 116 &null invalid type to element generator
none D 115 &cset structure expected
none E 115 1
none F 108 &null list expected
none G 108 &null
none H 108 1
none I 108 1
none J 108 "x"
none K 112 function image invalid type to size operation
