#---------------------------------------------------- 1 rung23_table_table_basic
42
#-------------------------------------------------- 2 rung23_table_table_default
7
99
#-------------------------------------------- 3 rung23_table_table_insert_delete
10
20
0
#------------------------------------------------------ 4 rung23_table_table_key
60
#--------------------------------------------------- 5 rung23_table_table_member
1
3
