#------------------------------------------------------- 1 rung06_cset_any_basic
2
#-------------------------------------------------------- 2 rung06_cset_any_fail
0
#-------------------------------------------------------- 3 rung06_cset_cset_var
2
#------------------------------------------------------ 4 rung06_cset_many_basic
6
#------------------------------------------------------ 5 rung06_cset_upto_basic
6
