#--------------------------------------------- 1 rung31_sort_sort_already_sorted
1
2
3
4
5
#------------------------------------------------------ 2 rung31_sort_sort_basic
1
2
3
#------------------------------------------------------ 3 rung31_sort_sort_every
1
2
3
4
5
#---------------------------------------------------- 4 rung31_sort_sortf_field1
1
2
3
#---------------------------------------------------- 5 rung31_sort_sortf_field2
3
2
1
