#---------------------------------------------------- 1 rung13_alt_alt_augconcat
abc
#---------------------------------------------------- 2 rung13_alt_alt_cross_arg
1:3
1:4
2:3
2:4
#----------------------------------------- 3 rung13_alt_alt_cross_arg_sideeffect
[eval]
1X3
1X4
[eval]
2X3
2X4
#-------------------------------------------------- 4 rung13_alt_alt_every_write
a
b
c
#------------------------------------------------------- 5 rung13_alt_alt_filter
3
4
5
#---------------------------------------------------------- 6 rung13_alt_alt_int
1
2
3
#------------------------------------------------------- 7 rung13_alt_alt_nested
ax
ay
bx
by
#------------------------------------------------------- 8 rung13_alt_return_arm
5
7
1
2
8
9
