#-------------------------------------------------------- 1 rung10_augop_augplus
8
#-------------------------------------------------------- 2 rung10_augop_augstar
12
#----------------------------------------------------- 3 rung10_augop_augsub_mod
15
1
#--------------------------------------------------- 4 rung10_augop_augadd_every
15
#---------------------------------------------------- 5 rung10_augop_augdiv
25
