#---------------------------------------------------------- 1 rung07_control_neg
-5
#---------------------------------------------------------- 2 rung07_control_not
1
#------------------------------------------------- 3 rung07_control_repeat_break
7
#---------------------------------------------------------- 4 rung07_control_seq
1
#-------------------------------------------------------- 5 rung07_control_to_by
1
4
7
10
