#------------------------------------------------------------ 1 rung37_augop_pow
8
1000000000
#--------------------------------------------------------------- 2 rung37_coerce
3
-3
5
e
abcd
#------------------------------------------------------------- 3 rung37_cset_ops
cset
cset
cset
'abcxyz'
'acyz'
'acyz'
'abcd'
'acd'
'cd'
a
b
4
#------------------------------------------------------- 4 rung37_every_do_hello
1
2
3
done
#--------------------------------------- 5 rung37_every_expr_do_nonresumable_arg
y
z
none
#------------------------------------------ 6 rung37_every_expr_nonresumable_arg
y
none
#--------------------------------------------------------- 7 rung37_every_in_arg
done
#-------------------------------------------------------------- 8 rung37_file_io
fh-write-ok
fh-writes-ok
file-content
42
done
#------------------------------------------------------------- 9 rung37_keywords
cset
cset
cset
cset
cset
cset
&lcase
&ucase
&digits
&letters
&ascii
&cset
26
26
10
52
128
256
yes
yes
yes
null
null-is-null
fail-failed
42
0
integer
integer
integer
0
0
0
0
1
#---------------------------------------------------------- 10 rung37_math_hello
2.0
0.0
1.0
1.0
0.0
8
14
6
8
-1
#-------------------------------------------------------------- 11 rung37_mutual
simple_mutual:
1,4
1,5
2,4
2,5
3,4
3,5
static_mutual:
1,2,3
1,2,4
1,3,2
1,3,4
1,4,2
1,4,3
2,1,3
2,1,4
2,3,1
2,3,4
2,4,1
2,4,3
3,1,2
3,1,4
3,2,1
3,2,4
3,4,1
3,4,2
4,1,2
4,1,3
4,2,1
4,2,3
4,3,1
4,3,2
queens_4:
sol:2413
sol:3142
#------------------------------------------------------------- 12 rung37_neg_pos
kw_lhs swap: &pos=4 x=3
kw_lhs oob: blocked
kw_lhs oob state: &pos=3 x=9
kw_rhs swap: &pos=4 x=3
kw_rhs oob: &pos=3 x=3
after rev &pos<->x: &pos=3 x=9
subj_mut &pos<->x: &pos=1 x=3
subj_mut x<->&pos: &pos=1 x=2
#------------------------------------------------------------ 13 rung37_scan_alt
a
c
e

h
w
i

3

abcde
#----------------------------------------------------------- 14 rung37_str_relop
a<<b
b>>a
a<<=a
b>>=b
a==a
a~==b
2<<3
3>>2
2==2
ac=='ca'
ac<<='ca'
empty<<=empty
empty<<a
a>>empty
#-------------------------------------------------------- 15 rung37_strfmt_hello
        abc
	x
  hi  
hi....
....hi
#------------------------------------------------------- 16 rung37_string_format
  hi  
hi....
....hi
        abc
	x
#------------------------------------------------------ 17 rung37_strrelop_hello
a<<b
b>>a
a==a
a~==b
a<<=a
b>>=b
