#---------------------------------------------------- 1 rung30_builtins_misc_abs
5
3
0
#------------------------------------------------- 2 rung30_builtins_misc_maxmin
7
3
5
#-------------------------------------------------- 3 rung30_builtins_misc_mixed
3.5
5
2
#---------------------------------------------------- 4 rung30_builtins_misc_seq
1
2
3
#--------------------------------------------------- 5 rung30_builtins_misc_sqrt
2.0
3.0
1.4142135623730951
