#-------------------------------------------------------- 1 rung10_augop_augplus
8
#-------------------------------------------------------- 2 rung10_augop_augstar
12
#----------------------------------------------------- 3 rung10_augop_augsub_mod
15
1
#--------------------------------------------------- 4 rung10_augop_break_repeat
15
#---------------------------------------------------- 5 rung10_augop_break_while
25
