#----------------------------------------------------- 1 rung08_strbuiltins_find
2
4
#------------------------------------------------- 2 rung08_strbuiltins_find_gen
2
4
6
#---------------------------------------------------- 3 rung08_strbuiltins_match
4
0
#----------------------------------------------------- 4 rung08_strbuiltins_move
abc
#------------------------------------------------------ 5 rung08_strbuiltins_tab
abc
