#------------------------------------------------------ 1 rung14_limit_limit_alt
1
2
#---------------------------------------------------- 2 rung14_limit_limit_large
1
2
3
#------------------------------------------------------ 3 rung14_limit_limit_str
a
b
#------------------------------------------------------- 4 rung14_limit_limit_to
1
2
3
#----------------------------------------------------- 5 rung14_limit_limit_zero
done
