#--------------------------------------------------- 1 rung09_loops_repeat_break
1
2
3
#------------------------------------------------- 2 rung09_loops_repeat_counter
2
1
0
#---------------------------------------------------------- 3 rung09_loops_until
1
2
3
#------------------------------------------------------ 4 rung09_loops_until_gen
1
2
3
4
5
#---------------------------------------------------- 5 rung09_loops_until_while
-1
