{--------------------------------------------------------- 1 program_writeln_10}
Hello World!
{--------------------------------------------------------- 2 program_writeln_13}
          5
{--------------------------------------------------------- 3 program_writeln_12}
          5
{---------------------------------------------------------- 4 program_writeln_5}
         10
{---------------------------------------------------------- 5 program_writeln_3}
          0
{--------------------------------------------------------- 6 program_writeln_11}
          5
         35
         30
{---------------------------------------------------------- 7 program_writeln_1}
          1
          0
          0
          1
          1
          0
{---------------------------------------------------------- 8 program_writeln_4}
          0
          0
          1
          1
          1
          0
{---------------------------------------------------------- 9 program_writeln_2}
          0
          0
          0
          1
          1
          1
          1
          0
{------------------------------------------------ 10 program_function_writeln_3}
         14
{------------------------------------------------ 11 program_function_writeln_4}
       3.0
{-------------------------------------------------- 12 program_writeln_readln_1}
         42
X
{------------------------------------------------ 13 program_function_writeln_1}
         10
{-------------------------------------------------- 14 program_record_writeln_4}
          2          1
          6
{----------------------------------------------- 15 program_procedure_writeln_4}
          7
{----------------------------------------------- 16 program_procedure_writeln_6}
         15
{-------------------------------------------------- 17 program_repeat_writeln_1}
done i=3
{----------------------------------------------------- 18 program_for_writeln_1}
less
equal
greater
A
B
C
D
E
{------------------------------------------------ 19 program_function_writeln_2}
          1
          0
{----------------------------------------------- 20 program_procedure_writeln_1}
         11
{----------------------------------------------- 21 program_procedure_writeln_2}
          8
          3
{----------------------------------------------- 22 program_procedure_writeln_3}
          6
{--------------------------------------------------------- 23 program_writeln_7}
A
Z
  a
    0
Y
         65
         25
{---------------------------------------------------- 24 program_writeln_sqrt_1}
 1.414213562373E+000
 1.4142136E+000
 1.4142E+000
 1.41E+000
 7.853981633974E-001
 7.8539816E-001
{--------------------------------------- 25 program_procedure_writeln_replace_1}
          1
          0
          1
{--------------------------------------------------------- 26 program_writeln_9}
 3.141592650000E+000
ok
        100
-3.141592650000E+000
{---------------------------------------------------- 27 program_writeln_sqrt_2}
 1.414213562373E+000
 8.414709848079E-001
 1.000000000000E+000
 2.718281828459E+000
 0.000000000000E+000
 7.853981633974E-001
{----------------------------------------------- 28 program_procedure_writeln_5}
        520
{----------------------------------------------------- 29 program_for_writeln_3}
          0
{------------------------------------------------------ 30 program_for_downto_1}
         15
         10
          9
          8
          7
          6
          5
{----------------------------------------------------- 31 program_for_writeln_2}
          4
{--------------------------------------------- 32 program_for_writeln_replace_1}
          1          2          3          4          5
hello world
{--------------------------------------------------------- 33 program_writeln_8}
p
ABC
XX
90
{------------------------------------------------------ 34 program_for_downto_2}
         10
          4
          3
          2
{------------------------------------------------ 35 program_procedure_nested_5}
seg=1 glob=1
{----------------------------------------------- 36 program_procedure_nested_13}
          3
{---------------------------------------------------- 37 program_set_subrange_1}
       1111
{--------------------------------------------------------- 38 program_writeln_6}
A
  A
B
         66
{-------------------------------------------------- 39 program_record_writeln_3}
          7
{-------------------------------------------------------- 40 program_case_for_1}
         10
         23
         23
         40
         50
{------------------------------------------------------ 41 program_goto_label_1}
          5
         15
{---------------------------------------------------- 42 program_writeln_sqrt_3}
 1.000000000000E+000
 0.000000000000E+000
 0.000000000000E+000
 5.403023058681E-001
          1
{------------------------------------------------- 43 program_function_nested_1}
        213
{------------------------------------------------ 44 program_procedure_nested_8}
         11
{-------------------------------------------------- 45 program_record_writeln_2}
          1
         42
          7
         99
{----------------------------------------------- 46 program_procedure_nested_11}
        107
          7
{----------------------------------------------- 47 program_procedure_nested_12}
         15
{------------------------------------------------ 48 program_procedure_nested_4}
         15
{-------------------------------------------------- 49 program_repeat_writeln_2}
        120
         10          7          4          1
{------------------------------------------------ 50 program_procedure_nested_6}
         11
         21
         31
{------------------------------------------------ 51 program_procedure_nested_3}
          3
{-------------------------------------------------- 52 program_record_writeln_1}
         10
         21
         32
         40
{------------------------------------------------ 53 program_procedure_nested_9}
         10
{----------------------------------------------- 54 program_procedure_nested_10}
          7
          3
{------------------------------------------------ 55 program_procedure_nested_7}
          7
        101
{------------------------------------------------ 56 program_procedure_nested_2}
         15
        101
{------------------------------------------------ 57 program_procedure_nested_1}
         44
         33
         22
         11
        110
{----------------------------------------------- 58 program_procedure_nested_14}
         70
{------------------------------------------------ 59 program_procedure_record_4}
         99
{---------------------------------------------------- 60 program_array_setlit_2}
          1
          0
          0
          1
{--------------------------------------------- 61 program_record_case_replace_2}
         42
{------------------------------------------------- 62 program_function_record_1}
         35
{------------------------------------------------ 63 program_procedure_record_7}
          3
          7
{------------------------------------------------- 64 program_function_record_2}
         11
{--------------------------------------------------- 65 program_while_writeln_1}
         15
{------------------------------------------------ 66 program_procedure_record_3}
          1
{---------------------------------------------------- 67 program_array_setlit_1}
          1
          0
          1
          0
{--------------------------------------------- 68 program_record_case_replace_4}
          3
{--------------------------------------------------- 69 program_function_case_1}
          4
          3
          2
{----------------------------------------------- 70 program_procedure_forward_1}
         42
{------------------------------------------------ 71 program_procedure_record_1}
        102
        101
          4
{--------------------------------------------------- 72 program_array_writeln_1}
          0
          0
          1
          1
          2
{--------------------------------------------- 73 program_record_case_replace_3}
          7
{--------------------------------------------- 74 program_record_case_replace_1}
          5
         10
          4
{---------------------------------------------- 75 program_while_goto_replace_1}
          3
         16
       1603
{------------------------------------------------------ 76 program_record_for_1}
         20
         10         20         20
{-------------------------------------------- 77 program_function_for_replace_1}
          1          1          1
          2          2          1
          3          6          2
          4         24          3
          5        120          5
          6        720          8
          7       5040         13
          8      40320         21
          9     362880         34
         10    3628800         55
{------------------------------------------------------- 78 program_array_for_4}
         10
         20
         30
{---------------------------------------------------- 79 program_array_packed_2}
 abi
 abr
{--------------------------------------------------------- 80 program_set_for_2}
          3
{--------------------------------------------------------- 81 program_set_for_3}
          2
{--------------------------------------------------------- 82 program_set_for_4}
          2
{------------------------------------------------- 83 program_procedure_array_2}
          7
         42
          9
{------------------------------------------------- 84 program_pointer_writeln_1}
         42
{------------------------------------------------- 85 program_pointer_writeln_2}
         30
         11         20
{------------------------------------------------- 86 program_pointer_writeln_5}
        200
        300
{------------------------------------------------- 87 program_pointer_writeln_4}
         99
          1
{--------------------------------------------------------- 88 program_set_for_1}
          4
{------------------------------------------------ 89 program_procedure_record_2}
          5
{----------------------------------------------------- 90 program_record_with_1}
          3
          4
         13
{----------------------------------------------------- 91 program_record_with_2}
         10
         20
         15
          3
{--------------------------------------------- 92 program_case_repeat_replace_1}
0
{-------------------------------------------------------- 93 program_case_for_2}
          1
          1
          3
          0
          1
          2
         30
{------------------------------------------------------- 94 program_array_for_7}
          1
          4
          9
         16
{---------------------------------------------------- 95 program_array_packed_1}
ab      
cd      
{------------------------------------------------- 96 program_pointer_writeln_3}
          1
          2
{---------------------------------------------------- 97 program_record_array_5}
          5
{---------------------------------------------------- 98 program_record_array_6}
          5
{-------------------------------------------------- 99 program_record_pointer_1}
          1
          0
{------------------------------------------------- 100 program_record_pointer_2}
        111
        222
{------------------------------------------- 101 program_array_packed_replace_3}
         21
{-------------------------------------------------- 102 program_writeln_trunc_1}
          7
          5
          3
         -2
no
yes
          9
         11
{------------------------------------------------------ 103 program_array_for_1}
         19
         22
         43
         50
{------------------------------------------------- 104 program_record_pointer_6}
          3
         77
{------------------------------------------- 105 program_array_packed_replace_2}
        707
{------------------------------------------------------ 106 program_array_for_5}
         91
         92
         91
         90
          3
         36
{------------------------------------------------- 107 program_record_pointer_3}
          1
         42
          7
         99
{-------------------------------------------------- 108 program_while_writeln_2}
          7
{------------------------------------------------- 109 program_record_pointer_7}
          3
         42
         88
{--------------------------------------------------- 110 program_array_packed_5}
         55
eq
{--------------------------------------------- 111 program_function_procedure_5}
         11
         15
{----------------------------------------------- 112 program_procedure_record_5}
         42
         99
{--------------------------------------------------- 113 program_record_array_4}
          5
{------------------------------------------------- 114 program_record_pointer_5}
         99
         99
{------------------------------------------------------ 115 program_array_for_2}
          1           2           3 
          4           5           6 
{------------------------------------------------------ 116 program_array_for_3}
          0           1           2 
          3           4           5 
          6           7           8 
{------------------------------------------------------ 117 program_array_for_6}
          1           0           0 
          0           1           0 
          0           0           1 
{------------------------------------------- 118 program_array_packed_replace_1}
        111
{------------------------------------------------ 119 program_procedure_array_1}
 abi
 abr
{--------------------------------------------------- 120 program_record_array_3}
          3          4
          3          4
         42
{------------------------------------------------- 121 program_record_pointer_8}
          1
          2
{--------------------------------------------- 122 program_function_procedure_3}
M
N
mid
{---------------------------------------------- 123 program_array_for_replace_1}
letter
chperiod
chspace
illegal
{--------------------------------------------- 124 program_function_procedure_4}
          2
          1
         32
          6
{--------------------------------------------------- 125 program_record_array_2}
          7
          9
{--------------------------------------------------- 126 program_record_array_1}
          0        100
         10        101
         20        102
         30        103
{--------------------------------------------------- 127 program_array_packed_3}
hello   
{------------------------------------------------- 128 program_function_array_1}
         15
{------------------------------------------- 129 program_record_array_replace_4}
          5
{------------------------------------------- 130 program_record_array_replace_3}
          5
{------------------------------------------------- 131 program_function_array_2}
          6
{--------------------------------------------- 132 program_function_procedure_2}
         30
{------------------------------------------------- 133 program_record_pointer_4}
         10
         55
         77
{------------------------------------------------ 134 program_record_pointer_10}
         10
         20
         15
{----------------------------------------- 135 program_record_pointer_replace_1}
         99
         42
{------------------------------------------- 136 program_record_array_replace_2}
blck
blck
{--------------------------------------------------- 137 program_array_packed_4}
pascal  
{--------------------------------------------------- 138 program_array_packed_6}
E1ok
E2ok
2
{------------------------------------------------- 139 program_record_pointer_9}
         30
         20
         10
{----------------------------------------- 140 program_record_pointer_replace_2}
          9
{-------------------------------------------- 141 program_array_while_replace_1}
          2
          3
          5
          7
         11
         13
         17
         19
         23
         29
         31
         37
         41
         43
         47
         53
         59
         61
         67
         71
         73
         79
         83
         89
         97
{------------------------------------------ 142 program_procedure_set_replace_1}
         20
        120
         20
{------------------------------------------- 143 program_record_array_replace_1}
Hello
{--------------------------------------------- 144 program_function_procedure_1}
         10
{----------------------------------------------- 145 program_procedure_record_6}
         77
          2
{--------------------------------------- 146 program_procedure_record_replace_1}
         77
{------------------------------------------------ 147 program_procedure_array_3}
          2
          0
          0
{---------------------------------------- 148 program_procedure_array_replace_1}
SABE
{------------------------------------------ 149 program_record_packed_replace_1}
          1
          7
{------------------------------------------ 150 program_procedure_set_replace_2}
          1
          0
{---------------------------------------- 151 program_procedure_array_replace_3}
          1
          1
{---------------------------------------- 152 program_procedure_array_replace_5}
          1
          0
{---------------------------------------- 153 program_procedure_array_replace_4}
          1
          0
{---------------------------------------- 154 program_procedure_array_replace_2}
          1
          1
          2
