y/-y++-92
x
+9
60*z--z+96
-69
y+y-y
x-65/y
12
--(16)
(x)
+65/(69)
+54-28
++x+x
3*z
-y
x/z
x*93
(-x-(y))-+z-x/(x)/z
(y)+z/z-(y)/66/y*x*z/x
y/-z
+x/-z
x*(z/+++-x*y)
-y*++-x
y+25+22/z+(y)
z
x
(+x)
y
-y
+(x*(-(y)))+22/z*z*x
y
35*z*x
+y+--(1-z/((-z*-y)-x++-z)/6)
-y
x
84*y+((2*39))*y+23
z-x*69
z
(48/z)+-y*-y*42/+25+z
z-y
x+x
x---y
y
56+(y*x-z*((z/x/y)))
+x
y-76+z*(x)*-(z+68)
(y+(z*+(y)))
-57+y
y-14/52
-y
z
+x
-(z)-z
y
((+36)/y)
79+x
-50/57-51
+x
+z/+x
19
((y*+z--x))
(x)
+y
x*-+-x*69
z
-y
28*y
72
-x
(y+-+z*z)-68/x*y/y*z
23/x
x
-y/+x
-x+94
x+((y/(y*y--+57+29))+(31))*-(45)+z+76
y
y
y--+x--+(-35)/-(z+(x/y/39)+25--71)
38/y
-+46-(x*74/(-+x))-+y
x
(x/32+z)
-z
y*(81-(x)-43)/(+(12))
+z/z++x
(x)
+x
(3++x*(z))
+(++(y))
++(18)+y*-y+-x/18
y*+x
+y
((x*y)/21/(z/z+z))
(-(-(z*(+(-x))*-+-y-89-(22+z))+(+14)*z)+(-z/z))
(z)
y
z
+x/y
x+85
z
y*58
(13)
(z-y)
y*y*x
+100
++z
(+x)
31
x/x*z-+(x)
49
+y
z/y/+74
x
+29/++(-19)
y--91+-y
x
+-+-26-z
x+-86*(17*-+(z)*y)-x
x
-(y)
(x*x)/z
44
y/z
y
++z
--(x)
99
+y*z
z*71-33-(((47))/-+100/95*y)
x*(91*y)
x
x*x*2
z
y*x/+-27-x*-y-y+z++85*(x)+x
y*96
z-27
y
z*69+++32
+14+58
z+29+15-y
x*x
z
x
y/x--+x
x
x+95
z*y
-y
2++-y
y
z+(38-((z)/+(y)--(+x)*(x))/98/(9*x+-92/x*+(((+6*-(((-28*-x))*-z))+x))))/+99--z
27/+y
x
89/x
z/y
x/((82/+-+(--24)-85))*y
y
x+y
6
+-(+43)
++95*y-y
x
y
-z*z
86
x+(z*y)
z-x/z+z
(69+z*29)
x
-+x
13/z
z--x
-z
z*(25*y/y*y-z)*x++z
x
z
89
(+(-y))-((x)/32)
+-x
(-x/y*z)
(y)*57-x
47+19/73/x+x-x/52
-y
z*-+-(++z)
y
(y-y+-z)-((31-78))
-((24-+(71*x/+x))*z)
(z)-z
(32/y)--z
32/z/y
72
z+y
--z
(z)/y*37/x
66
+-24++z*x*x+8
-y*x
y-x
x/y/z--z*85-y*x
+58+x
z/-x-+91+z*z
+x/(x)
(y)
-(y)*-(++-y)
z-x
(1/50*y-z)/41
(7/y)
z/x/+-52
x*88/x*z
(y-y-y*z/x*x*z*94)
+x
((x))
x*z-(z/-x)-x
++x*-x
(x)
55
y*+85-39
z/x
y-+y/z-(z/z+y)
y+70
(y--y*y)--++z
y/-97
z/55
x
z
+-z
z*z
z+-z/z+57
95*x+((y/x))
+x
(-y*x*z)+-x/x/y
73
x
z
z*52
54+30*(y+y)
x-+y
+(y+x)
(-y)+2
(z/x/-y/--(z))
y+87*98/x*z*y*(z-+x*68-(-(64/(y*-+((z))/(65))*x)))+z/((++y++73-x))
((47-x*83))
x--y+-+85
z-y/z
-+x
2
+49*+(y)
y
z
45+99-+z
-(y)
y*y+94
-+y*(x)
z/x
67
-+-64
z
+z/z
z-y
z
x/x
z
(y-23*((y)))
z
-x
y*-+y
z
y
z
--z-+z
((((y*+-(x))--97)))*-x*y---y
z*-34
(-+57*(y+++x)/(y))/x
+-52/z
(y-100)
z+z*z
(y/22+(13)*78/y*y)
14
z
z*y
15
z
y
(((z/z))/75)
(z+-y-(y-y/z-x/46+(x+x))+x)/x+x
(-14/z*-x)+x/(z)
x-(z*x+y)
(-35-y/-59+10)
z-x+x
(30+y-y)++z
z
x*x*(x/x+(25*+z)*-50)*(x)
y
x/x
99/-y+y
z+x
x
-z
x/y*(z++z*y-x*56-67)
x/+x
+98+(y)+y-++z
x-z/41/+51++y
80
+18
z/z
y
z/y
-55
y/y/x/(((52+x)))+y
x*x*+-(z-80/z)
x
-80--z
21*y
z-+y
x-y
x/x
65
+-x/+(67)
-((z)/y)
y
+-x
z*++x-y*z*x/y
24
88
x*y
z/(+y*x)
((z)*(70+z))
-y
83-z
-y*z
z
z*43
x/z+z
+z
-x
y
x-x
-x/31/x*y-((74/92*y-x*z*y)/x)
-x-79
y/+x+y
(z)/(x++(+z)*y)/x
y
+z
y/y
y*x
y
y/z
x+z/43
27+y*z*42--x*-x
-x
56/+(y/+y)
y
z/z
-x/100
-16*x/z+-z
x
x
z/(--18-(x*(x/x+x+z-x/42)/x)+(z*-x))-79/56
+47
z
x
y+z
x
y
-+x
(25)/x
z-21
y
(x/y)
((y)/y)
87*(-+y)-76-71
z/y/-z*x
y*((45/62+((+x-x+z/x))))-z/-+(x)+x
(z)+87*z+(x-13/((z*x)/41/36*23+16+53*x))+z
-(z-x)
25*y-95--((-y*(z-y*x/(z-+z/z)+x-z))/74)/x+(49)+72*(56)
y*-y-x
x*y
z+z
x
(-(z)+(y)-(z*x))-+(z*y)/(y+(x+(y)))
z
x*x
-44
29/9
--z
x
42
(z)/-z+(-z)
-+z+x
z/(++x+(11/60)/-y*y)*z-+-z-y
z+x
(x+z)
y/-y*-+86
82
(+z)+y-z
y/30
z/y-y-x*y+y
+z
z+57
--x
-(x/z)*y/z-z
z/11/x
z
y+z
-27
x/30
y*25*(y-x*y*z/y)
-(-+y+y)
44+56
(x)
68-(x-x)-y
z-94
x
z
(z/x)/5+y
y
z
+z
-16/y
(y)
++z
+++32/3
y*z
x
98
z-24*x
89
((7))*+x-+x/y
z
x-40
(+(y))/x
y/(y-x)*62
78-+x*+y
z
x+y+y
(x*(97/90-x/25+(z)+85*y+-x)++-(y)+(+x))
-(x)
y
+y*-+z-29
y
+-z
z
(z/x*x/z)
x
x*32*-59
y
y+x*+y
y
y+z/+((26/z)++z)
z
++y
z
y*y/-(y)*x+z
-y
(z/-((y/y)+z/--x/x))*+z/x/x+28*y
30
y*(z-(((x/2*+y))--y))
y
y/y
z
-6/x*z-z/-y/71
72-y+++z+z
-++z
+95
+z
z
-x
-z
y*(z)+x*+z*x/-26
y+(-+z*-x*x*z)+x
x
z*z/59
-y-98/y
5
x+x*+z
29*(x/74*(x)-z*36/z)+y
x+((y)*(z)+66+(z+-(+66/z))-77)
++(100++y+z)/x-(x)
1
y
-x
x
-x
y++(x-++82)
x-(y)
34/x*z
((x))
(x)+y
z
97*x
y/z-10
y+((z*x*76))
27*-y*x
+y
x/+((-x)-z)/+30
y
z+y*53+83
(x)*72*-+(x/z/x+x/z)
x
--64
y-((y*99)+x)
(45*-x)/(x/-18)
y/y
y-x
61
+z--x+y+y+x/y+-33
z++79*z
y/y*z
z+58*x+++(((y)))
+80
84*(66)
z
x
x-x+z++-22
z--z
++--38-z
x-z
z
78
((z+x)*((z)))
100
-z/(x)+(((z)))
96
z-(85-x*(y*+-y+z)/z)
z*13
97-x
z-70
y/y+x*17/73
(y/-(94))
(z+y++(z/25*z-z))*+x
x*z
x
(x)
+81*(x)
10
z-y
z
z*x
(z)
y
y
(82)*y-x
(x/(z))/-y*+68
x
+(+((92*z+31/21/+(52))*z))/y
48+72*y+2/(z*48)+x-x+(z)
x/z-x*(y/x*+14-y*x)
20
y--28
4*-y/(x)*(x)
+-y*(z+5)
z-y-+z-y
(42-y)
x
z
(27/+48)/x-y
(x)+y/y*15*-49+++x+(65)
y
(-y*x*56)/(x-z)*-x
-x
z
50/z/z*(x/(x))+13*y
16/-(x-x)
(-(+-(-z*x)))
+y*x
19
y/x
y
y*x
+x
x
z
+--96/+(x)
(-50)
+x/((53))
+y
+-59
x
9/+84*z
(y--x)+z
(x/30)
(x-z)
x/(x/-z)*+17
-x*96
(z)/+-+z/x*-x*(-(88-++y+x/y)*(y)/(y))*x/16
x*29*x*+(39+(-z))
z*z+y*y+z
x
-x
y+z-+z
61/z-z
-x
y+(46/((-y)))
-z/y*x/(x)*+z
x
y
-x*y/z
79
x/(z)/x-+97
(x*z*z/(x))
z+x
x
((89*y/x/--(z)++76*y)*x)+27
-(-z+(y*y/x/47+24))+y*y
x
98
z
-y+z
(x)
+-+99+-+10
z*z
+z
x/x
z/x
63/x
y/y
(x)
x
z-z/z/(-x)
z*(x++11+y)*-x/1-y
z
+z
(96-z+z+y/--(z-(-x+y+z*(74-(3))/y/90*(z/+z/64/71)*76+x+z))/52+(-y))--z/z/z*z+z*y
y+y+(y*34)-(z-15/z)
+(z-y-x)-x
67
(((z-x*z*z)-y)/z*+y/-y)
x*z
56*z
y/53
58
97
y+y
x
-((y))*x+(y)
y
y-z-+-90
+(49*+y+++--x+z/+(+y))
x-z*(y)/y*(x)*x
-(z)
x
x
z/+-y*-(z/y/(z+z/y))+y/x*34/+28
+-8-(((y/(-(-x)+(z/12++y)/z-88)*y-y))*-x+(++x*++y)/z)-y
x
+22
x
z-z/48
x*x
23+z-((z*--76*(y-61))*z*18*33)
52
-(45*z)-(+y)
x--x+(++z)
-(z+-80+z)
x
(y/4)-+((33))
91-x/82+z/x*-z+y++x
x*z
+y/y
x*++y*y
-+-z
y
y*23/x/y-x
y
y*y
8/y/x
x/(z)
x
75
39/z
(z+y/z/+y+3*x)
13++x
24/y/(--z/z)+z
x-45
y-x
z
x
-z*y+x
x
89
y-(53/x/--(23/x))-z
98
-(y)*(+65-y)
y/y
6/54
z/+-x
-z
(74/((x)))
z
x
y/74++z*(x)/y-(x*z*z/-x)*z
y
x--z
(-+z*+-z/(z++67)/y*z)
z/+z
z*44
(31*14+(x*x))
(+x)
+(x*y)+8
-+(55*-55)
z*+(40)
y
y
z/+(+(y*(x)))*(+76/(-49--x))
93/27+++-z*(y)++86
x+y+x*x-(y+x)*z/69
51
(((z+x-+((32)*+(x)*(+-82*y/z)-(+z))+x)-12)-y)/65-y/81*(y)
z+x
33
x
85
y
(y*-(((y)))-x*x)*(---33++75)/y/67
x*(x/(x))-y
+(45)
19-y
z*71
y
x
84-z*y*+(x)
75
y
-x
-75
-68
y
-x*x
60
z*23
(x-y)*((-y)/z*(z))/(z/++(x-x)*(++y*x)-y/y*((x)/y+(y))*y)*+y
z
y-x
z
+z++y+z
(x*93*+z-y)
+z*+87
x-z/(((y)/73))
y+z
(z)
y+58
z
z
(z+y)+x+25*x
+x-(x/y)
(y)*y/+-y/+z/22*y/(x*+z)
y
58
z
y
y*z/z/z-y
y*y*(y)/z+x-z
x
((31)+z/-z+((62)+(x+z)-(35+(x)+47*z))/-y/++z-+85)
z
x
-y/z*x
x+y
65
z
+z
y-z
y/y/y
x/y
x*-(y++(15+((y)++x*--53)+-((z/z))*-78)/(x*+x)/z*18)*z*x
(57-21*(-7+y*y-y/+x)*x--66)
y
34
17
y+z+-x
-(x)-z-x
81/60
(y+y*-y/-x/z)
-97/x
40-z*y+(z)
z+-87+z
92
78+z+(z-(z)+x/z)
(x+y)
z
15+z
z/(+x)
x
(x)
z/x*-x
z
-y*59
+-z
31
(x/54)
(+x)/98
97*z+2
x*x
19*x
-(z*y)
y
z
x/z/(z++y*x)
(z*-y+z/22++x+61/y)*(--z)
+-68
5*(+30+y)/+y
x+-y+88
(z*(x))
+y-y+(7)+z
(x-((y+92)))
y
x/x*--((y))/x/+x
(++52/(y))
((-+z+x/+(x/(-+36)/4*x)/-((x*-(z)-z))-(x))*23)
(88/z)
(y/(y-16))*x
x
((54-z+(z/2)+(x/x/z)/3-+y)*y*+z/+49)+-97
(y*x/y)
y+x
--y
(+(z)+(-(-+(z)*z*y)-y*+y))*z
(21/14)
y
--y
(y)+y*x*x
y
x-y/-x*z
x
x
36/z
+29*y
x/y/x-x
(z+z)
-x
z
-x+y*y--(y)+x*y
x-y*x+(x*z+z)
y/z+-+((y)*+(74-+x))
x
(57*(18/z))-x/+((+z-(z))/z++x-+y)
38
z
26*x+z
+22
+z
(-((-+x*z/-(+x)*y))+(z-+92)/x)*31*x*(z/z-(--+(z/z)/x))
+90+(83)/y
y
((x*x))+x+(-+-x)+50
-x
z/-x
y
(((y))++(-(x)))*x
98
-88
y
49--(((-(y+x*(z/z))*z/49*96)-z/44)/+-+y-x-z)
z-y
y*z-75-x/37/y
x-+(x*y)
((y)+-+(z)+18)
z
+z/-z/+y/((79*z))*z*x-(x*z)
y
(-z)/21
y
z
+z-12
x
x*67
x+x*x/z
z
y*z/z-(y+y+44)
z
-x
76/81
+89
x
y
y
x
++y
y+(x)-z-27+14
((x*z))
y
y/z
z
99
((y)*z)
x
62-x
z
(x-y)
x/y/(-z/(z))
z-28
x-y
+z
-y
x
(y)+100+y
+79+y
+21/z*y--(y)
y
-x
(-68)
y/z-x+96+-(-79*+y/86)
y/11
z
x
z
+71-z
z
(y)+z*z
-z-y+x--x
x+y
z-x+x
-97
(28-x)
z
28-(y-y-z+y/x/67)+z/+z/34*x*67-+y/x+y
z
x
35*x
96
66
(88+z)
(x)
+(y-+z-12+y)
(x)*y++84
y
y
6+x+x
-(z/y)*x
y-70/(-y*-63++95+z)/-(86*9--z)*84
y
x/z
x*29
18/-(z)
39++x*x-y
(x)
-x+(y)/z/z
x*x/-x+85
++-x
+z*x*--x-x
y
y
x/z/32+87
x
1-y
77
x
--x/(y/+10)
100*x
--28+z
(y)
z
56
z++-z/40
+z
(x)/+z
(-x/(+(x-y)-x---y))
9
z
y
y-36
x/(x/-67--97/x*-43-y+z*--+x/y/82/(x-3))
--y+z*+z
x*z/-z-y
x
y
x
x-73*94-7
z*(y+x)
x
58--(++z)*-(2*x)
(67*x)
(y)-y/z-(y/-x-((-z))*z*x)/z
(-35*y+y*y)-z
14+y*-+y
x
80
x+(x-x)
43-y
y*(y/(-29))/z
y
(x)
x*z/x+y
91
z/2
x/z
y
80
(+y)
z
z+-z++x
3
-y
70-+z/(z*y)/(z)
34
(x)-y
z
70
86
