4
6
6
7
6
*-------------------------------------------------- 6 b1_eval_pattern_defer_call
dt: PATTERN
F called: t cap=A
nomatch
l+r
F called\nOK
*---------------------------------------------------- 9 b1c_capname_call_nreturn
F called
match ZZ=[A]
*---------------------------------------------------- 10 b1c_capname_call_return
F called
nomatch ZZ=[]
match Q=[A] q0=[]
*----------------------------------------------- 12 b1c_cross_medium_concat_seam
PC ran
PC ran
match
PC ran\nmatch
*------------------------------------------------ 14 b1c_eval_fn_pattern_retreat
dt: PATTERN
CB: ty cap=AB
nomatch
PC ran\nmatch
*----------------------------------------------- 16 b1c_patvalued_formal_retreat
dt: PATTERN
CB: ty cap=B
nomatch
