ok W=d
ok W=X
\n12\n12a\n12ab\n12ab34
\nfailed
\na\nab\nabc\nok
*-------------------------------------------------------------------------- 6 f1
match FAILED, X=<unset>
match ok, Y=a
\nBlue\nBlueG\nBlueGo\nBlueGol\nBlueGold\nBlueGoldBird\nBlueGoldBirdF\nBlueGoldBirdFi\nBlueGoldBirdFis\nBlueGoldBirdFish\nBlueGoldBirdFish
Success!
Success!
10\n42
55\n1
12
*------------------------------------------------------ 13 test_sno_stmt_frame_2
120
7
10
