*----------------------------------------------------------- 1 bfn_break_lit_ctl
PC()
match
*------------------------------------------------------------ 2 bfn_break_var_nl
PC()
match
*------------------------------------------------------------- 3 bfn_break_var_q
PC()
match
*-------------------------------------------------------------- 4 bfn_inline_ctl
PC()
match
*-------------------------------------------------------- 5 bfn_transplant_parse
PushCounter()
PopCounter()
match
PC()\nmatch d=a
match V=a
