*-------------------------------------------------- 1 clob_altarm_arm2direct_red
id=iffoo
*----------------------------------------------------- 2 clob_altarm_blobvar_red
id=iffoo
*----------------------------------------------------- 3 clob_altarm_samevar_red
id=iffoo
*-------------------------------------------------- 4 clob_altarm_trueinline_grn
id=iffoo
*---------------------------------------------------- 5 clob_altarm_varcross_red
id=iffoo
