pm-ok
alt-ok
ABCD
7
7
5
42
1024\n1024\n1024
n=12\nfield=ABCDEFGHIJKL
*------------------------------------------------------------------- 10 f02_item
5
5
mid
val
val
*-------------------------------------------------------------- 11 f03_prototype
3
INTEGER
2,2
1901:2000
2,2
*------------------------------------------------------------------- 12 f07_eval
5
21
eval-badsyntax-failed-ok
*------------------------------------------------------------------- 13 f08_code
before
from-code
after-code-ok
code-badsyntax-failed-ok
*----------------------------------------------------------------- 14 f11_define
42
63
6
char65=A\nchar97=a\nsizeoftab=1
*---------------------------------------------------------------- 16 f28_convert
12-is-string
43
REAL
INTEGER
REAL
REAL\nINTEGER\nSTRING\nPATTERN\nNAME\nEXPRESSION
0\n5\n11
datatype=INTEGER\ntime-nonneg-ok
0.785398163397448\n0.
3.\n-3.\n3.\n-3.\n0.
1.\n0.54030230586814
1.\n2.71828182845905
0.\n2.30258509299405
1\n-1\n1.5
0.\n0.841470984807897
2.\n1.4142135623731
0.\n1.5574077246549
eq-succeed-ok\neq-fail-ok
ge-succeed-ok\nge-fail-ok
gt-succeed-ok\ngt-fail-ok
*---------------------------------------------------------------- 32 f45_integer
integer-succeed-ok
integer-fail-ok
le-succeed-ok\nle-fail-ok
lt-succeed-ok\nlt-fail-ok
ne-succeed-ok\nne-fail-ok
*----------------------------------------------------------------- 36 f49_differ
name-string-differ-ok
values-differ-ok
omitted-arg2-nonnull-ok
*------------------------------------------------------------------ 37 f50_ident
name-string-ident-ok
values-ident-ok
omitted-arg2-null-ok
*-------------------------------------------------------------------- 38 f53_any
any-correctly-rejects-non-member
any-matched-a
*------------------------------------------------------------------ 39 f54_arbno
lazy:Y=[]:Z=aaa
anchored-full:X=aaa
Now 
*----------------------------------------------------------------- 41 f56_breakx
break-correctly-fails-no-extend
breakx-extended:EXCEPTIONS ARE 
*-------------------------------------------------------------------- 42 f58_len
len3:abc
len0:Y=[]:Z=ab
*----------------------------------------------------------------- 43 f59_notany
notany-correctly-rejects-member
notany-matched-a
*-------------------------------------------------------------------- 44 f60_pos
pos0-anchors-ok
pos3-verified-ok
pos-mismatch-correctly-fails
*------------------------------------------------------------------- 45 f61_rpos
rpos3-verified-ok
rpos0-anchors-end-ok
rpos-mismatch-correctly-fails
*------------------------------------------------------------------- 46 f62_rtab
rtab2:abcd
rtab0-eq-rem:abcdef
rtab-past-target-correctly-fails
*------------------------------------------------------------------- 47 f63_span
span:aaabbb
span-correctly-fails-no-member-present
*-------------------------------------------------------------------- 48 f64_tab
tab3:abc
tab-backward-correctly-fails
tab0-null:[]
datatype=STRING\nhost0=
3.2\n2.\n1.\n1.\nCOMPLEX
leq-succeed-ok\nleq-fail-ok
lge-succeed-ok\nlge-fail-ok
lgt-succeed-ok\nlgt-fail-ok
lle-succeed-ok\nlle-fail-ok
llt-succeed-ok\nllt-fail-ok
lne-succeed-ok\nlne-fail-ok
a=00042\nb=   42\nc=hello\nd=   42
a=H2LL4 w4rld\nb=BADCFE\nc=(((111)))
a=LOBTIPS\nb=
a=42...\nb=42   \nc=hello\nd=42   
*----------------------------------------------------------------- 61 f82_substr
a=CDEF
b=FGHIJ
c=ABCDEFGHIJ
d=oob-len-correctly-failed
e=neg-len-failed
alphabet-size=256
input-eof-fails-as-expected

7
*---------------------------------------------------------------- 66 n06_freturn
freturn-ok
arb-ok
bal-matched=(A(B)C)
fail-ok
rest=CDE
succeed-ok
3
neg-of-fail-succeeds\nneg-of-success-fails
abcdefghijklmnopqrstuvwxyz\nABCDEFGHIJKLMNOPQRSTUVWXYZ
5
7
hit
name-pattern-bad
anchor-initial=0
code-initial=0
dump-initial=0
errlimit-initial=0
errtext-initial=\nerrtype-initial=0
ftrace-initial=0
fullscan-initial=1
input-initial=1
maxlngth-initial=16777216
output-initial=1
profile-initial=0
stlimit-initial=2147483647
trace-initial=0
trim-initial=1
