MATCH
*-------------------------------------------------------------- 2 fz2_cut_family
A-FAIL
B-MATCH
C-FAIL
D-FAIL
E-MATCH
F-FAIL
*---------------------------------------------------- 3 fz3_capture_across_fence
A=aaa/bbb
B=bbb
C=aaa/ccc
D=aaabbb
*----------------------------------------------------- 4 fz4_group_capture_chain
A=aaa/bbb
C=aaabbb/bbb/ccc
*------------------------------------------------------ 5 fz5_two_cuts_one_group
A=aaa/bbb
D=aaabbbccc
*-------------------------------------------------------- 6 fz6_cut_on_fail_path
A=aaa/bbb
E=fail-ok/
F=aaabbb
*------------------------------------------------------ 7 fz7_replace_across_cut
A=aaa/bbb
R=Zccc/aaabbb
*--------------------------------------------------------- 8 fz8_arbno_after_cut
A=aaa/bbb
G=aaabbb/
