*-------------------------------------------------- 1 mwseg_flatfn_capture_table
tot: 30
*--------------------------------------------------- 2 mwseg_recfn_capture_novar
tot: 30
*--------------------------------------------------- 3 mwseg_recfn_capture_table
tot: 30
*----------------------------------------------------- 4 mwseg_recfn_table_nopat
tot: 3
