7
*------------------------------------------------------------- 2 nr_defer_concat
matched
dummy=a
*-------------------------------------------------------------- 4 nr_defer_recur
matched
*------------------------------------------------------ 5 nr_eval_direct_CONTROL
matched
*--------------------------------------------------------- 6 nr_eval_opsyn_CRASH
matched
dummy=AB
dummy=AB
C x=AB
D dummy=ABC
A dummy=43
G_ret=[DUMMY]\ndt=NAME
