*----------------------------------------------------------------- 1 cset32_all5
xxx|aeio|Z
any:a
breakx:mno
match:abc
match:abc
match:abc
match:abcd
match:abcd
*------------------------------------------------------------ 7 pt0_lit_any_func
match
match:abc
match:abcd
match:abcd
*---------------------------------------------------------- 11 pt1_pos_rpos_func
match
match:abcd
match:abcd
match:abcd
match:abcd
match:abcd
match:abcd
*------------------------------------------------------------------ 18 ptc0b_fn2
match
*------------------------------------------------------------------ 19 ptc0b_fn3
match
match
match
*------------------------------------------------------------------ 22 ptc0f_fn2
match
*------------------------------------------------------------------ 23 ptc0f_fn3
match
match
match
match
*------------------------------------------------------------------ 27 ptc1b_fn3
match
match
match
match
*------------------------------------------------------------------ 31 ptc1f_fn3
match
match
match
match
*------------------------------------------------------------------ 35 ptc2b_fn3
match
match
match
match
*------------------------------------------------------------------ 39 ptc2f_fn3
match
match
match
match
*------------------------------------------------------------------ 43 ptc3b_fn3
match
match
match
match
*------------------------------------------------------------------ 47 ptc3f_fn3
match
match
match
*------------------------------------------------------------------ 50 ptc4b_fn2
match:abc
*------------------------------------------------------------------ 51 ptc4b_fn3
match:bc
match:abc
match:bc
match:ab
*------------------------------------------------------------------ 55 ptc4f_fn3
match:bc
match:ab
match:bc
nomatch
*------------------------------------------------------------------ 59 ptc5b_fn3
match
nomatch
match
match
*------------------------------------------------------------------ 63 ptc5f_fn3
match
match
match
*------------------------------------------------------------------ 66 ptc6b_fn2
match
*------------------------------------------------------------------ 67 ptc6b_fn3
match
match
match
match
*------------------------------------------------------------------ 71 ptc6f_fn3
match
match
match
*------------------------------------------------------------------ 74 ptc7b_fn2
before
match
back
*------------------------------------------------------------------ 75 ptc7b_fn3
before
match
back
*----------------------------------------------------------------- 76 ptc7b_var2
before
match
back
*----------------------------------------------------------------- 77 ptc7b_var3
before
match
back
before\nincode\nback
*------------------------------------------------------------------ 79 ptc7f_fn2
before
match
back
*------------------------------------------------------------------ 80 ptc7f_fn3
before
match
back
*----------------------------------------------------------------- 81 ptc7f_var2
before
match
back
*----------------------------------------------------------------- 82 ptc7f_var3
before
match
back
nomatch
*------------------------------------------------------------------ 84 ptc8b_fn3
match:b
nomatch
match:b
match
match:b
match
match:b
*------------------------------------------------------------------ 91 ptc9b_fn2
match:x
*------------------------------------------------------------------ 92 ptc9b_fn3
match:x
match:x
*----------------------------------------------------------------- 94 ptc9b_var3
match:x
*------------------------------------------------------------------ 95 ptc9f_fn2
match:x
*------------------------------------------------------------------ 96 ptc9f_fn3
match:x
match:x
*----------------------------------------------------------------- 98 ptc9f_var3
match:x
match
*------------------------------------------------ 100 ptw_min_alttop_nofence_ctl
match
*------------------------------------------------------ 101 ptw_min_arb_cond_ctl
matcha+aa
*---------------------------------------------- 102 ptw_min_arb_immed_inline_ctl
matcha+aa
*--------------------------------------------------- 103 ptw_min_arb_immed_retry
matcha+aa
*-------------------------------------------------- 104 ptw_min_arb_immed_stored
matcha+aa
*------------------------------------------ 105 ptw_min_arbno_alt_fence_L1 XFAIL
match
*------------------------------------------ 106 ptw_min_arbno_altrec_falsereject
match
match
match
match
*----------------------------------------------- 110 ptw_min_arbno_altsib_ladder
1 NOMATCH
2 match
3 match
4 match
5 match
6 match
7 match
8 match
match
match
match
match
match
match
match
match
match
match
match
match
*----------------------------------------- 123 ptw_min_arbno_nullalt_ctl_nonnull
nomatch
*------------------------------------------- 124 ptw_min_arbno_nullalt_ctl_order
nomatch
*----------------------------------------- 125 ptw_min_arbno_nullalt_falseaccept
nomatch
*--------------------------------------------- 126 ptw_min_arbno_tail_ctl_notail
nomatch
*----------------------------------------------- 127 ptw_min_arbno_tail_ctl_span
nomatch
*-------------------------------------------- 128 ptw_min_arbno_tail_falseaccept
nomatch
*------------------------------------ 129 ptw_min_arbno_tail_falseaccept_nodefer
nomatch
match
match
match
match
*---------------------------------------------------- 134 ptw_min_atp_inline_ctl
match4
*---------------------------------------------------- 135 ptw_min_atp_stored_red
match4
*----------------------------------------------------------- 136 ptw_min_code_fn
before
match
back
*---------------------------------------------------- 137 ptw_min_code_fn_seeded
before
match
back
match
*------------------------------------------------------- 139 ptw_min_compose_ctl
match
*----------------------------------------------------- 140 ptw_min_compose_nocap
match
nomatch
match
*--------------------------------------------------------- 143 ptw_min_cw_fnrec2
match
match
match
nomatch
match
*----------------------------------------------------- 148 ptw_min_defer2_depth9
match
*-------------------------------------------------- 149 ptw_min_defer2_evalbuilt
match
match
*------------------------------------------------- 151 ptw_min_defer2_hang XFAIL
nomatch
match
match
match
match
*----------------------------------------------------- 156 ptw_min_epsshift4_ctl
Shift(a)
Shift(b)
Shift(c)
Shift(d)
match
*--------------------------------------------------------- 157 ptw_min_epsshift6
Shift(a)
Shift(b)
Shift(c)
Shift(d)
Shift(e)
Shift(f)
match
*--------------------------------------------------------- 158 ptw_min_epsshift8
Shift(a)
Shift(b)
Shift(c)
Shift(d)
Shift(e)
Shift(f)
Shift(g)
Shift(h)
match
*------------------------------------------------- 159 ptw_min_epsshift_distinct
a
b
c
d
e
f
match
*------------------------------------------------------ 160 ptw_min_fence_alttop
match
*---------------------------------------------- 161 ptw_min_fence_left_altresume
match
match
match
*--------------------------------------------------------- 164 ptw_min_fncat_two
match
*---------------------------------------------------- 165 ptw_min_man_p87_stored

B
BC
BCD
Success
*----------------------------------------------- 166 ptw_min_nullalt_retreat_ctl
nomatch
*--------------------------------------- 167 ptw_min_nullalt_retreat_falsereject
match
*-------------------------------------------------------- 168 ptw_min_opsyn_elem
DoReduce(A, 1)
match
*----------------------------------------------------- 169 ptw_min_opsyn_evalpat
R(q,1)
match
*--------------------------------------------------- 170 ptw_min_opsyn_named_ctl
DoReduce(A, 1)
match
*------------------------------------------------------- 171 ptw_min_poison_eval
match
match
*------------------------------------------------- 173 ptw_min_rseal_arbno XFAIL
match
*---------------------------------------------- 174 ptw_min_rseal_commands XFAIL
match
*------------------------------------------ 175 ptw_min_rseal_unsealed_ctl XFAIL
match
match
*---------------------------------------------------- 177 ptw_min_span_immed_ctl
nomatch
match
*------------------------------------------------------- 179 ptx_bare_mid_2layer
match
*------------------------------------------------------- 180 ptx_bare_mid_3layer
match
*-------------------------------------------------------- 181 ptx_shift_alt_arms
SH(Label,START)
SH(,)
match
*------------------------------------------------- 182 ptx_shift_alt_arms_2layer
SH(Label,START)
SH(,)
match
*---------------------------------------------------- 183 ptx_shift_chain_3layer
SH(Label,START)
match
