*-------------------------------------------------- 1 se_errlimit_survives XFAIL
CONTINUED
*------------------------------------------------------------ 2 se_oneshot XFAIL
HANDLER S4
MID
AFTER
*-------------------------------------------------------------- 3 se_rearm XFAIL
HANDLER S4
MID
HANDLER S6
AFTER
*--------------------------------------------------------- 4 se_reset_null XFAIL
PREV=[]
*--------------------------------------------------------- 5 se_trap_fires XFAIL
HANDLER division caused integer overflow S4
*-------------------------------------------------------- 6 se_trap_lastno XFAIL
HANDLER S3
