*-------------------------------------------------------------------- 1 z4_arbno
arbno 150000
*-------------------------------------------------------------------- 2 z4_arith
arith 9000006000001
*------------------------------------------------------------------ 3 z4_capture
capture 1500000
*---------------------------------------------------------------------- 4 z4_fib
fib 191640
*--------------------------------------------------------------------- 5 z4_span
span 900000
